Archive member included to satisfy reference by file (symbol)

libosrcrypto.a(eccp_curve.c.obj)
                              CMakeFiles/ehsm_fw.elf.dir/src/service/kms.c.obj (sm2_curve)
libosrcrypto.a(utility.c.obj)
                              CMakeFiles/ehsm_fw.elf.dir/src/main.c.obj (memcpy_)
libosrcrypto.a(utility_sec.c.obj)
                              CMakeFiles/ehsm_fw.elf.dir/src/service/socvrfy_srv.c.obj (uint32_cmp_sec)
libosrcrypto.a(hash_basic.c.obj)
                              CMakeFiles/ehsm_fw.elf.dir/src/component/crypto_api.c.obj (hash_get_version)
libosrcrypto.a(pke.c.obj)     CMakeFiles/ehsm_fw.elf.dir/src/component/crypto_api.c.obj (pke_get_version)
libosrcrypto.a(pke_common.c.obj)
                              libosrcrypto.a(pke.c.obj) (pke_load_operand)
libosrcrypto.a(ske_basic.c.obj)
                              CMakeFiles/ehsm_fw.elf.dir/src/component/crypto_api.c.obj (ske_get_version)
libosrcrypto.a(trng_basic.c.obj)
                              CMakeFiles/ehsm_fw.elf.dir/src/component/crypto_api.c.obj (trng_get_version)
libosrcrypto.a(hash.c.obj)    CMakeFiles/ehsm_fw.elf.dir/src/service/socvrfy_srv.c.obj (hash_get_digest_word_len)
libosrcrypto.a(hash_kdf.c.obj)
                              CMakeFiles/ehsm_fw.elf.dir/src/component/crypto_api.c.obj (pbkdf2_hmac)
libosrcrypto.a(hmac.c.obj)    libosrcrypto.a(hash_kdf.c.obj) (hmac_key_state_recover)
libosrcrypto.a(pbkdf2_kmu.c.obj)
                              CMakeFiles/ehsm_fw.elf.dir/src/component/crypto_api.c.obj (pbkdf2_hmac_kmu)
libosrcrypto.a(dh.c.obj)      CMakeFiles/ehsm_fw.elf.dir/src/component/crypto_api.c.obj (dh_compute_key)
libosrcrypto.a(dh_basic.c.obj)
                              libosrcrypto.a(dh.c.obj) (dh_check_public_key)
libosrcrypto.a(ecdh.c.obj)    CMakeFiles/ehsm_fw.elf.dir/src/component/crypto_api.c.obj (ecdh_compute_key)
libosrcrypto.a(ecdsa.c.obj)   CMakeFiles/ehsm_fw.elf.dir/src/component/crypto_api.c.obj (ecdsa_sign)
libosrcrypto.a(ecdsa_basic.c.obj)
                              libosrcrypto.a(ecdsa.c.obj) (ecdsa_get_e_bn)
libosrcrypto.a(ed25519.c.obj)
                              CMakeFiles/ehsm_fw.elf.dir/src/component/crypto_api.c.obj (ed25519_get_pubkey_from_prikey)
libosrcrypto.a(rsa.c.obj)     CMakeFiles/ehsm_fw.elf.dir/src/component/crypto_api.c.obj (RSA_ModExp)
libosrcrypto.a(rsassa_pss.c.obj)
                              CMakeFiles/ehsm_fw.elf.dir/src/component/crypto_api.c.obj (rsa_ssa_pss_sign_by_msg_digest)
libosrcrypto.a(sm2.c.obj)     CMakeFiles/ehsm_fw.elf.dir/src/component/crypto_api.c.obj (sm2_get_pubkey_from_prikey)
libosrcrypto.a(sm2_basic.c.obj)
                              CMakeFiles/ehsm_fw.elf.dir/src/component/crypto_api.c.obj (sm2_getZ)
libosrcrypto.a(x25519.c.obj)  CMakeFiles/ehsm_fw.elf.dir/src/component/crypto_api.c.obj (x25519_get_pubkey_from_prikey)
libosrcrypto.a(ske.c.obj)     CMakeFiles/ehsm_fw.elf.dir/src/component/crypto_api.c.obj (ske_get_block_byte_len)
libosrcrypto.a(ske_cbc.c.obj)
                              CMakeFiles/ehsm_fw.elf.dir/src/component/crypto_api.c.obj (ske_cbc_init)
libosrcrypto.a(ske_cbc_mac.c.obj)
                              CMakeFiles/ehsm_fw.elf.dir/src/component/crypto_api.c.obj (ske_cbc_mac_init)
libosrcrypto.a(ske_ccm.c.obj)
                              CMakeFiles/ehsm_fw.elf.dir/src/component/crypto_api.c.obj (ske_ccm_init)
libosrcrypto.a(ske_cmac.c.obj)
                              CMakeFiles/ehsm_fw.elf.dir/src/component/crypto_api.c.obj (ske_cmac_init)
libosrcrypto.a(ske_gcm_gmac.c.obj)
                              CMakeFiles/ehsm_fw.elf.dir/src/component/crypto_api.c.obj (ske_gcm_init)
libosrcrypto.a(ske_xts.c.obj)
                              CMakeFiles/ehsm_fw.elf.dir/src/component/crypto_api.c.obj (ske_xts_update_including_last_2_blocks)
libosrcrypto.a(trng.c.obj)    CMakeFiles/ehsm_fw.elf.dir/src/component/crypto_api.c.obj (trng_set_global_init_config)
libosrcrypto.a(lib_extension.c.obj)
                              libosrcrypto.a(hmac.c.obj) (lib_addr_arch32_lock_remap)
libosrcrypto.a(pke_prime.c.obj)
                              libosrcrypto.a(rsa.c.obj) (get_prime)
libosrcrypto.a(rsa_common.c.obj)
                              libosrcrypto.a(rsassa_pss.c.obj) (rsa_pkcs1_mgf1_with_xor_in)
H:/work/tools/VS-CODE/wing-gcc-window-v1.10/bin/../lib/gcc/riscv32-wing-elf/14.1.0/../../../../riscv32-wing-elf/lib\libc.a(libc_a-memset.o)
                              CMakeFiles/ehsm_fw.elf.dir/src/service/otpkinstl_srv.c.obj (memset)

Discarded input sections

 .group         0x00000000        0xc CMakeFiles/ehsm_fw.elf.dir/src/main.c.obj
 .group         0x00000000        0xc CMakeFiles/ehsm_fw.elf.dir/src/main.c.obj
 .group         0x00000000        0xc CMakeFiles/ehsm_fw.elf.dir/src/main.c.obj
 .group         0x00000000        0xc CMakeFiles/ehsm_fw.elf.dir/src/main.c.obj
 .group         0x00000000        0xc CMakeFiles/ehsm_fw.elf.dir/src/main.c.obj
[...]
Memory Configuration

Name             Origin             Length             Attributes
flash            0x10000000         0x00040000         axr
ram              0x20000140         0x0000fec0         arw
*default*        0x00000000         0xffffffff

Linker script and memory map

LOAD CMakeFiles/ehsm_fw.elf.dir/src/main.c.obj
LOAD CMakeFiles/ehsm_fw.elf.dir/src/secboot.c.obj
LOAD CMakeFiles/ehsm_fw.elf.dir/src/component/cmd_pool.c.obj
LOAD CMakeFiles/ehsm_fw.elf.dir/src/component/comm.c.obj
LOAD CMakeFiles/ehsm_fw.elf.dir/src/component/crypto_api.c.obj
LOAD CMakeFiles/ehsm_fw.elf.dir/src/component/dbgcmd_parser.c.obj
LOAD CMakeFiles/ehsm_fw.elf.dir/src/component/debug.c.obj
LOAD CMakeFiles/ehsm_fw.elf.dir/src/component/kds.c.obj
LOAD CMakeFiles/ehsm_fw.elf.dir/src/component/mmap.c.obj
LOAD CMakeFiles/ehsm_fw.elf.dir/src/component/nvm.c.obj
LOAD CMakeFiles/ehsm_fw.elf.dir/src/component/otp_key.c.obj
LOAD CMakeFiles/ehsm_fw.elf.dir/src/component/queue.c.obj
LOAD CMakeFiles/ehsm_fw.elf.dir/src/service/chacha_srv.c.obj
LOAD CMakeFiles/ehsm_fw.elf.dir/src/service/counter_srv.c.obj
LOAD CMakeFiles/ehsm_fw.elf.dir/src/service/crypto_util.c.obj
LOAD CMakeFiles/ehsm_fw.elf.dir/src/service/dbgauth_srv.c.obj
LOAD CMakeFiles/ehsm_fw.elf.dir/src/service/fwup_srv.c.obj
LOAD CMakeFiles/ehsm_fw.elf.dir/src/service/kms.c.obj
LOAD CMakeFiles/ehsm_fw.elf.dir/src/service/misc_srv.c.obj
LOAD CMakeFiles/ehsm_fw.elf.dir/src/service/otpkinstl_srv.c.obj
LOAD CMakeFiles/ehsm_fw.elf.dir/src/service/rng_srv.c.obj
LOAD CMakeFiles/ehsm_fw.elf.dir/src/service/socvrfy_srv.c.obj
LOAD CMakeFiles/ehsm_fw.elf.dir/src/service/utc_timer_srv.c.obj
LOAD CMakeFiles/ehsm_fw.elf.dir/src/service/hash/hash_srv.c.obj
LOAD CMakeFiles/ehsm_fw.elf.dir/src/service/hash/hmac_srv.c.obj
LOAD CMakeFiles/ehsm_fw.elf.dir/src/service/pke/ecdsa_srv.c.obj
LOAD CMakeFiles/ehsm_fw.elf.dir/src/service/pke/pke_srv_util.c.obj
LOAD CMakeFiles/ehsm_fw.elf.dir/src/service/pke/rsa_srv.c.obj
LOAD CMakeFiles/ehsm_fw.elf.dir/src/service/pke/sm2_srv.c.obj
LOAD CMakeFiles/ehsm_fw.elf.dir/src/service/pke/sm9_srv.c.obj
LOAD CMakeFiles/ehsm_fw.elf.dir/src/service/ske/cipher_srv.c.obj
LOAD CMakeFiles/ehsm_fw.elf.dir/src/service/ske/mac_srv.c.obj
LOAD CMakeFiles/ehsm_fw.elf.dir/src/service/aead/aead_srv.c.obj
LOAD CMakeFiles/ehsm_fw.elf.dir/src/driver/counter_driver.c.obj
LOAD CMakeFiles/ehsm_fw.elf.dir/src/driver/emu_driver.c.obj
LOAD CMakeFiles/ehsm_fw.elf.dir/src/driver/kmu_driver.c.obj
LOAD CMakeFiles/ehsm_fw.elf.dir/src/driver/mailbox_driver.c.obj
LOAD CMakeFiles/ehsm_fw.elf.dir/src/driver/sysreg.c.obj
LOAD CMakeFiles/ehsm_fw.elf.dir/src/driver/uart_driver.c.obj
LOAD CMakeFiles/ehsm_fw.elf.dir/src/driver/utc_timer_driver.c.obj
LOAD CMakeFiles/ehsm_fw.elf.dir/src/driver/watchdog_driver.c.obj
LOAD CMakeFiles/ehsm_fw.elf.dir/src/schedule/expt_det.c.obj
LOAD CMakeFiles/ehsm_fw.elf.dir/src/schedule/schedule.c.obj
LOAD CMakeFiles/ehsm_fw.elf.dir/src/driver/otp/simulate/otp_driver.c.obj
LOAD CMakeFiles/ehsm_fw.elf.dir/src/driver/flash/simulate/flash_driver.c.obj
LOAD CMakeFiles/ehsm_fw.elf.dir/src/driver/cpu/m130/driver/src/clic.c.obj
LOAD CMakeFiles/ehsm_fw.elf.dir/src/driver/cpu/m130/port/port_m130.c.obj
LOAD CMakeFiles/ehsm_fw.elf.dir/src/driver/cpu/m130/wmsis/core/src/crt0_gcc.S.obj
LOAD CMakeFiles/ehsm_fw.elf.dir/fid_lib/src/fid.c.obj
LOAD libosrcrypto.a
LOAD H:/work/tools/VS-CODE/wing-gcc-window-v1.10/bin/../lib/gcc/riscv32-wing-elf/14.1.0/../../../../riscv32-wing-elf/lib\libc.a
                0x10000000                        __ROM_BASE = 0x10000000
                0x00040000                        __ROM_SIZE = 0x40000
                0x20000000                        __ILM_RAM_BASE = 0x20000000
                0x00008000                        __ILM_RAM_SIZE = 0x8000
                0x20000140                        __RAM_BASE = 0x20000140
                0x0000fec0                        __RAM_SIZE = 0xfec0
                0x00004000                        __STACK_SIZE = 0x4000
                0x00000000                        __HEAP_SIZE = 0x0

.init           0x10000000       0x6e
 *(SORT_NONE(.init))
 .init          0x10000000       0x6e CMakeFiles/ehsm_fw.elf.dir/src/driver/cpu/m130/wmsis/core/src/crt0_gcc.S.obj
                0x10000000                _start

.ver_data       0x10000070       0x1c
                0x10000080                        . = ALIGN (0x80)
 *fill*         0x10000070       0x10 
 *(.ver_data)
 .ver_data      0x10000080        0xc CMakeFiles/ehsm_fw.elf.dir/src/main.c.obj

.ilalign        0x1000008c        0x0
                0x1000008c                        . = ALIGN (0x4)
                [!provide]                        PROVIDE (_ilm_lma = .)

.ialign         0x1000008c        0x0
                [!provide]                        PROVIDE (_ilm = .)

.text           0x100000c0    0x20f5e
 *(.text.unlikely .text.unlikely.*)
 *(.text.startup .text.startup.*)
 .text.startup.main
                0x100000c0       0x48 CMakeFiles/ehsm_fw.elf.dir/src/main.c.obj
                0x100000c0                main
 *(.text .text.*)
 *fill*         0x10000108       0x38 
 .text.default_intexc_handler
                0x10000140        0x2 CMakeFiles/ehsm_fw.elf.dir/src/main.c.obj
                0x10000140                default_intexc_handler
 .text.secboot_wdg_cb
                0x10000142        0x8 CMakeFiles/ehsm_fw.elf.dir/src/secboot.c.obj
 .text.fid_panic_callback
                0x1000014a        0x8 CMakeFiles/ehsm_fw.elf.dir/src/secboot.c.obj
                0x1000014a                fid_panic_callback
 .text.fid_delay_get_random
                0x10000152        0x4 CMakeFiles/ehsm_fw.elf.dir/src/secboot.c.obj
                0x10000152                fid_delay_get_random
 .text.secboot_entry
                0x10000156      0x1a4 CMakeFiles/ehsm_fw.elf.dir/src/secboot.c.obj
                0x10000156                secboot_entry
 .text.cmdpool_init
                0x100002fa       0x94 CMakeFiles/ehsm_fw.elf.dir/src/component/cmd_pool.c.obj
                0x100002fa                cmdpool_init
 .text.cmdpool_alloc
                0x1000038e       0x92 CMakeFiles/ehsm_fw.elf.dir/src/component/cmd_pool.c.obj
                0x1000038e                cmdpool_alloc
 .text.cmdpool_free
                0x10000420       0x70 CMakeFiles/ehsm_fw.elf.dir/src/component/cmd_pool.c.obj
                0x10000420                cmdpool_free
 .text.comm_mbox_recv_cb
                0x10000490        0xc CMakeFiles/ehsm_fw.elf.dir/src/component/comm.c.obj
 .text.comm_send_dbg_rsp
                0x1000049c       0x86 CMakeFiles/ehsm_fw.elf.dir/src/component/comm.c.obj
 .text.comm_uart_recv_cb
                0x10000522       0x5c CMakeFiles/ehsm_fw.elf.dir/src/component/comm.c.obj
 .text.comm_init
                0x1000057e       0x58 CMakeFiles/ehsm_fw.elf.dir/src/component/comm.c.obj
                0x1000057e                comm_init
 .text.comm_send_rsp
                0x100005d6      0x132 CMakeFiles/ehsm_fw.elf.dir/src/component/comm.c.obj
                0x100005d6                comm_send_rsp
 .text.comm_poll
                0x10000708      0x2c4 CMakeFiles/ehsm_fw.elf.dir/src/component/comm.c.obj
                0x10000708                comm_poll
 .text.cpt_clear_ske_ctx_key.part.0
                0x100009cc       0x24 CMakeFiles/ehsm_fw.elf.dir/src/component/crypto_api.c.obj
 .text.cpt_ske_get_block_byte_len
                0x100009f0        0x4 CMakeFiles/ehsm_fw.elf.dir/src/component/crypto_api.c.obj
                0x100009f0                cpt_ske_get_block_byte_len
 .text.cpt_set_ske_ctx_key
                0x100009f4       0x58 CMakeFiles/ehsm_fw.elf.dir/src/component/crypto_api.c.obj
                0x100009f4                cpt_set_ske_ctx_key
 .text.cpt_clear_ske_ctx_key
                0x10000a4c        0x6 CMakeFiles/ehsm_fw.elf.dir/src/component/crypto_api.c.obj
                0x10000a4c                cpt_clear_ske_ctx_key
 .text.cpt_ske_crypto
                0x10000a52       0x2a CMakeFiles/ehsm_fw.elf.dir/src/component/crypto_api.c.obj
                0x10000a52                cpt_ske_crypto
 .text.cpt_ske_dma_init
                0x10000a7c       0x1e CMakeFiles/ehsm_fw.elf.dir/src/component/crypto_api.c.obj
                0x10000a7c                cpt_ske_dma_init
 .text.cpt_ske_dma_update_blocks
                0x10000a9a       0x46 CMakeFiles/ehsm_fw.elf.dir/src/component/crypto_api.c.obj
                0x10000a9a                cpt_ske_dma_update_blocks
 .text.cpt_ske_dma_update_including_last_block
                0x10000ae0       0x4a CMakeFiles/ehsm_fw.elf.dir/src/component/crypto_api.c.obj
                0x10000ae0                cpt_ske_dma_update_including_last_block
 .text.cpt_ske_dma_crypto
                0x10000b2a       0x62 CMakeFiles/ehsm_fw.elf.dir/src/component/crypto_api.c.obj
                0x10000b2a                cpt_ske_dma_crypto
 .text.cpt_ske_dma_final
                0x10000b8c       0x1e CMakeFiles/ehsm_fw.elf.dir/src/component/crypto_api.c.obj
                0x10000b8c                cpt_ske_dma_final
 .text.cpt_ske_xts_update_including_last_2_blocks
                0x10000baa       0x1e CMakeFiles/ehsm_fw.elf.dir/src/component/crypto_api.c.obj
                0x10000baa                cpt_ske_xts_update_including_last_2_blocks
 .text.cpt_ske_xts_final
                0x10000bc8       0x1e CMakeFiles/ehsm_fw.elf.dir/src/component/crypto_api.c.obj
                0x10000bc8                cpt_ske_xts_final
 .text.cpt_ske_dma_xts_init
                0x10000be6       0x1e CMakeFiles/ehsm_fw.elf.dir/src/component/crypto_api.c.obj
                0x10000be6                cpt_ske_dma_xts_init
 .text.cpt_ske_dma_xts_update_blocks
                0x10000c04       0x46 CMakeFiles/ehsm_fw.elf.dir/src/component/crypto_api.c.obj
                0x10000c04                cpt_ske_dma_xts_update_blocks
 .text.cpt_get_ske_xts_ske_ctx
                0x10000c4a        0x2 CMakeFiles/ehsm_fw.elf.dir/src/component/crypto_api.c.obj
                0x10000c4a                cpt_get_ske_xts_ske_ctx
 .text.cpt_ske_cbc_init
                0x10000c4c       0x1e CMakeFiles/ehsm_fw.elf.dir/src/component/crypto_api.c.obj
                0x10000c4c                cpt_ske_cbc_init
 .text.cpt_ske_cbc_update_blocks
                0x10000c6a       0x1e CMakeFiles/ehsm_fw.elf.dir/src/component/crypto_api.c.obj
                0x10000c6a                cpt_ske_cbc_update_blocks
 .text.cpt_ske_cbc_final
                0x10000c88       0x1e CMakeFiles/ehsm_fw.elf.dir/src/component/crypto_api.c.obj
                0x10000c88                cpt_ske_cbc_final
 .text.cpt_ske_cbc_mac_init
                0x10000ca6       0x1e CMakeFiles/ehsm_fw.elf.dir/src/component/crypto_api.c.obj
                0x10000ca6                cpt_ske_cbc_mac_init
 .text.cpt_ske_cbc_mac_update
                0x10000cc4       0x1e CMakeFiles/ehsm_fw.elf.dir/src/component/crypto_api.c.obj
                0x10000cc4                cpt_ske_cbc_mac_update
 .text.cpt_ske_cbc_mac_final
                0x10000ce2       0x1e CMakeFiles/ehsm_fw.elf.dir/src/component/crypto_api.c.obj
                0x10000ce2                cpt_ske_cbc_mac_final
 .text.cpt_cbc_mac_ctx_dma2cpu
                0x10000d00       0x4c CMakeFiles/ehsm_fw.elf.dir/src/component/crypto_api.c.obj
                0x10000d00                cpt_cbc_mac_ctx_dma2cpu
 .text.cpt_ske_dma_cbc_mac_init
                0x10000d4c       0x1e CMakeFiles/ehsm_fw.elf.dir/src/component/crypto_api.c.obj
                0x10000d4c                cpt_ske_dma_cbc_mac_init
 .text.cpt_ske_dma_cbc_mac_update_blocks_excluding_last_block
                0x10000d6a       0x3e CMakeFiles/ehsm_fw.elf.dir/src/component/crypto_api.c.obj
                0x10000d6a                cpt_ske_dma_cbc_mac_update_blocks_excluding_last_block
 .text.cpt_get_cbcmac_dma_ske_ctx
                0x10000da8        0x2 CMakeFiles/ehsm_fw.elf.dir/src/component/crypto_api.c.obj
                0x10000da8                cpt_get_cbcmac_dma_ske_ctx
 .text.cpt_get_cbcmac_cpu_ske_ctx
                0x10000daa        0x2 CMakeFiles/ehsm_fw.elf.dir/src/component/crypto_api.c.obj
                0x10000daa                cpt_get_cbcmac_cpu_ske_ctx
 .text.cpt_cbcmac_rctx_switch_dma_ctx
                0x10000dac       0x92 CMakeFiles/ehsm_fw.elf.dir/src/component/crypto_api.c.obj
                0x10000dac                cpt_cbcmac_rctx_switch_dma_ctx
 .text.cpt_cbcmac_rctx_switch_cpu_ctx
                0x10000e3e       0x6c CMakeFiles/ehsm_fw.elf.dir/src/component/crypto_api.c.obj
                0x10000e3e                cpt_cbcmac_rctx_switch_cpu_ctx
 .text.cpt_cmac_ctx_dma_2_cpu
                0x10000eaa       0x40 CMakeFiles/ehsm_fw.elf.dir/src/component/crypto_api.c.obj
                0x10000eaa                cpt_cmac_ctx_dma_2_cpu
 .text.cpt_ske_cmac_init
                0x10000eea       0x1e CMakeFiles/ehsm_fw.elf.dir/src/component/crypto_api.c.obj
                0x10000eea                cpt_ske_cmac_init
 .text.cpt_ske_cmac_update
                0x10000f08       0x1e CMakeFiles/ehsm_fw.elf.dir/src/component/crypto_api.c.obj
                0x10000f08                cpt_ske_cmac_update
 .text.cpt_ske_cmac_final
                0x10000f26       0x1e CMakeFiles/ehsm_fw.elf.dir/src/component/crypto_api.c.obj
                0x10000f26                cpt_ske_cmac_final
 .text.cpt_ske_cmac
                0x10000f44       0x1e CMakeFiles/ehsm_fw.elf.dir/src/component/crypto_api.c.obj
                0x10000f44                cpt_ske_cmac
 .text.cpt_ske_dma_cmac_init
                0x10000f62       0x1e CMakeFiles/ehsm_fw.elf.dir/src/component/crypto_api.c.obj
                0x10000f62                cpt_ske_dma_cmac_init
 .text.cpt_ske_dma_cmac_update_blocks_excluding_last_block
                0x10000f80       0x3e CMakeFiles/ehsm_fw.elf.dir/src/component/crypto_api.c.obj
                0x10000f80                cpt_ske_dma_cmac_update_blocks_excluding_last_block
 .text.cpt_ske_dma_cmac
                0x10000fbe       0x5a CMakeFiles/ehsm_fw.elf.dir/src/component/crypto_api.c.obj
                0x10000fbe                cpt_ske_dma_cmac
 .text.cpt_get_cmac_dma_ske_ctx
                0x10001018        0x6 CMakeFiles/ehsm_fw.elf.dir/src/component/crypto_api.c.obj
                0x10001018                cpt_get_cmac_dma_ske_ctx
 .text.cpt_get_cmac_cpu_ske_ctx
                0x1000101e        0x6 CMakeFiles/ehsm_fw.elf.dir/src/component/crypto_api.c.obj
                0x1000101e                cpt_get_cmac_cpu_ske_ctx
 .text.cpt_cmac_rctx_switch_dma_ctx
                0x10001024       0x9a CMakeFiles/ehsm_fw.elf.dir/src/component/crypto_api.c.obj
                0x10001024                cpt_cmac_rctx_switch_dma_ctx
 .text.cpt_cmac_rctx_switch_cpu_ctx
                0x100010be       0x6e CMakeFiles/ehsm_fw.elf.dir/src/component/crypto_api.c.obj
                0x100010be                cpt_cmac_rctx_switch_cpu_ctx
 .text.cpt_ske_gmac_init
                0x1000112c       0x1e CMakeFiles/ehsm_fw.elf.dir/src/component/crypto_api.c.obj
                0x1000112c                cpt_ske_gmac_init
 .text.cpt_ske_gmac_update
                0x1000114a       0x1e CMakeFiles/ehsm_fw.elf.dir/src/component/crypto_api.c.obj
                0x1000114a                cpt_ske_gmac_update
 .text.cpt_ske_gmac_final
                0x10001168       0x1e CMakeFiles/ehsm_fw.elf.dir/src/component/crypto_api.c.obj
                0x10001168                cpt_ske_gmac_final
 .text.cpt_get_gmac_cpu_ske_ctx
                0x10001186        0x2 CMakeFiles/ehsm_fw.elf.dir/src/component/crypto_api.c.obj
                0x10001186                cpt_get_gmac_cpu_ske_ctx
 .text.cpt_gmac_rctx_switch_cpu_ctx
                0x10001188       0x6e CMakeFiles/ehsm_fw.elf.dir/src/component/crypto_api.c.obj
                0x10001188                cpt_gmac_rctx_switch_cpu_ctx
 .text.cpt_ske_gcm_init
                0x100011f6       0x28 CMakeFiles/ehsm_fw.elf.dir/src/component/crypto_api.c.obj
                0x100011f6                cpt_ske_gcm_init
 .text.cpt_ske_gcm_update_blocks_aad
                0x1000121e       0x1e CMakeFiles/ehsm_fw.elf.dir/src/component/crypto_api.c.obj
                0x1000121e                cpt_ske_gcm_update_blocks_aad
 .text.cpt_ske_gcm_update_blocks
                0x1000123c       0x1e CMakeFiles/ehsm_fw.elf.dir/src/component/crypto_api.c.obj
                0x1000123c                cpt_ske_gcm_update_blocks
 .text.cpt_ske_gcm_final
                0x1000125a       0x1e CMakeFiles/ehsm_fw.elf.dir/src/component/crypto_api.c.obj
                0x1000125a                cpt_ske_gcm_final
 .text.cpt_ske_dma_gcm_update_blocks
                0x10001278       0x46 CMakeFiles/ehsm_fw.elf.dir/src/component/crypto_api.c.obj
                0x10001278                cpt_ske_dma_gcm_update_blocks
 .text.cpt_ske_dma_gcm_update_final
                0x100012be       0x36 CMakeFiles/ehsm_fw.elf.dir/src/component/crypto_api.c.obj
                0x100012be                cpt_ske_dma_gcm_update_final
 .text.cpt_get_gcm_ske_ctx
                0x100012f4        0x2 CMakeFiles/ehsm_fw.elf.dir/src/component/crypto_api.c.obj
                0x100012f4                cpt_get_gcm_ske_ctx
 .text.cpt_gcm_rctx_switch_ctx
                0x100012f6       0x6e CMakeFiles/ehsm_fw.elf.dir/src/component/crypto_api.c.obj
                0x100012f6                cpt_gcm_rctx_switch_ctx
 .text.cpt_ske_ccm_init
                0x10001364       0x26 CMakeFiles/ehsm_fw.elf.dir/src/component/crypto_api.c.obj
                0x10001364                cpt_ske_ccm_init
 .text.cpt_ske_ccm_update_aad
                0x1000138a       0x1e CMakeFiles/ehsm_fw.elf.dir/src/component/crypto_api.c.obj
                0x1000138a                cpt_ske_ccm_update_aad
 .text.cpt_ske_ccm_update_blocks
                0x100013a8       0x1e CMakeFiles/ehsm_fw.elf.dir/src/component/crypto_api.c.obj
                0x100013a8                cpt_ske_ccm_update_blocks
 .text.cpt_ske_ccm_final
                0x100013c6       0x1e CMakeFiles/ehsm_fw.elf.dir/src/component/crypto_api.c.obj
                0x100013c6                cpt_ske_ccm_final
 .text.cpt_ske_dma_ccm_update_blocks
                0x100013e4       0x46 CMakeFiles/ehsm_fw.elf.dir/src/component/crypto_api.c.obj
                0x100013e4                cpt_ske_dma_ccm_update_blocks
 .text.cpt_ske_dma_ccm_update_final
                0x1000142a       0x36 CMakeFiles/ehsm_fw.elf.dir/src/component/crypto_api.c.obj
                0x1000142a                cpt_ske_dma_ccm_update_final
 .text.cpt_get_ccm_ske_ctx
                0x10001460        0x6 CMakeFiles/ehsm_fw.elf.dir/src/component/crypto_api.c.obj
                0x10001460                cpt_get_ccm_ske_ctx
 .text.cpt_ccm_rctx_switch_ctx
                0x10001466       0x6e CMakeFiles/ehsm_fw.elf.dir/src/component/crypto_api.c.obj
                0x10001466                cpt_ccm_rctx_switch_ctx
 .text.cpt_hash_rctx_switch_dma_ctx
                0x100014d4      0x10e CMakeFiles/ehsm_fw.elf.dir/src/component/crypto_api.c.obj
                0x100014d4                cpt_hash_rctx_switch_dma_ctx
 .text.cpt_hash_rctx_switch_cpu_ctx
                0x100015e2      0x132 CMakeFiles/ehsm_fw.elf.dir/src/component/crypto_api.c.obj
                0x100015e2                cpt_hash_rctx_switch_cpu_ctx
 .text.cpt_hash_ctx_switch
                0x10001714       0xc8 CMakeFiles/ehsm_fw.elf.dir/src/component/crypto_api.c.obj
                0x10001714                cpt_hash_ctx_switch
 .text.cpt_hash_init
                0x100017dc       0x1e CMakeFiles/ehsm_fw.elf.dir/src/component/crypto_api.c.obj
                0x100017dc                cpt_hash_init
 .text.cpt_hash_update
                0x100017fa       0x1e CMakeFiles/ehsm_fw.elf.dir/src/component/crypto_api.c.obj
                0x100017fa                cpt_hash_update
 .text.cpt_hash_final
                0x10001818       0x1e CMakeFiles/ehsm_fw.elf.dir/src/component/crypto_api.c.obj
                0x10001818                cpt_hash_final
 .text.cpt_hash
                0x10001836       0x1e CMakeFiles/ehsm_fw.elf.dir/src/component/crypto_api.c.obj
                0x10001836                cpt_hash
 .text.cpt_hash_dma_update_blocks
                0x10001854       0x3c CMakeFiles/ehsm_fw.elf.dir/src/component/crypto_api.c.obj
                0x10001854                cpt_hash_dma_update_blocks
 .text.cpt_hash_dma_final
                0x10001890       0x44 CMakeFiles/ehsm_fw.elf.dir/src/component/crypto_api.c.obj
                0x10001890                cpt_hash_dma_final
 .text.cpt_hash_dma
                0x100018d4       0x48 CMakeFiles/ehsm_fw.elf.dir/src/component/crypto_api.c.obj
                0x100018d4                cpt_hash_dma
 .text.cpt_build_hmac_cpu_ctx_without_hash
                0x1000191c       0x8a CMakeFiles/ehsm_fw.elf.dir/src/component/crypto_api.c.obj
                0x1000191c                cpt_build_hmac_cpu_ctx_without_hash
 .text.cpt_build_hmac_dma_ctx_without_hash
                0x100019a6       0x88 CMakeFiles/ehsm_fw.elf.dir/src/component/crypto_api.c.obj
                0x100019a6                cpt_build_hmac_dma_ctx_without_hash
 .text.cpt_hmac_init
                0x10001a2e       0x1e CMakeFiles/ehsm_fw.elf.dir/src/component/crypto_api.c.obj
                0x10001a2e                cpt_hmac_init
 .text.cpt_hmac_update
                0x10001a4c       0x1e CMakeFiles/ehsm_fw.elf.dir/src/component/crypto_api.c.obj
                0x10001a4c                cpt_hmac_update
 .text.cpt_hmac_final
                0x10001a6a       0x1e CMakeFiles/ehsm_fw.elf.dir/src/component/crypto_api.c.obj
                0x10001a6a                cpt_hmac_final
 .text.cpt_hmac_dma
                0x10001a88       0x56 CMakeFiles/ehsm_fw.elf.dir/src/component/crypto_api.c.obj
                0x10001a88                cpt_hmac_dma
 .text.cpt_hmac_dma_update_blocks
                0x10001ade       0x3c CMakeFiles/ehsm_fw.elf.dir/src/component/crypto_api.c.obj
                0x10001ade                cpt_hmac_dma_update_blocks
 .text.cpt_eccp_get_pubkey_from_prikey
                0x10001b1a       0x1e CMakeFiles/ehsm_fw.elf.dir/src/component/crypto_api.c.obj
                0x10001b1a                cpt_eccp_get_pubkey_from_prikey
 .text.cpt_eccp_getkey
                0x10001b38       0x1e CMakeFiles/ehsm_fw.elf.dir/src/component/crypto_api.c.obj
                0x10001b38                cpt_eccp_getkey
 .text.cpt_ecdsa_sign
                0x10001b56       0x1e CMakeFiles/ehsm_fw.elf.dir/src/component/crypto_api.c.obj
                0x10001b56                cpt_ecdsa_sign
 .text.cpt_ecdsa_verify
                0x10001b74       0x1e CMakeFiles/ehsm_fw.elf.dir/src/component/crypto_api.c.obj
                0x10001b74                cpt_ecdsa_verify
 .text.cpt_rsa_modexp
                0x10001b92       0x1e CMakeFiles/ehsm_fw.elf.dir/src/component/crypto_api.c.obj
                0x10001b92                cpt_rsa_modexp
 .text.cpt_rsa_get_key
                0x10001bb0       0x1e CMakeFiles/ehsm_fw.elf.dir/src/component/crypto_api.c.obj
                0x10001bb0                cpt_rsa_get_key
 .text.cpt_rsa_get_crtkey
                0x10001bce       0x22 CMakeFiles/ehsm_fw.elf.dir/src/component/crypto_api.c.obj
                0x10001bce                cpt_rsa_get_crtkey
 .text.cpt_rsa_modexp_with_pub
                0x10001bf0       0x28 CMakeFiles/ehsm_fw.elf.dir/src/component/crypto_api.c.obj
                0x10001bf0                cpt_rsa_modexp_with_pub
 .text.cpt_rsa_crt_modexp_with_pub
                0x10001c18       0x22 CMakeFiles/ehsm_fw.elf.dir/src/component/crypto_api.c.obj
                0x10001c18                cpt_rsa_crt_modexp_with_pub
 .text.cpt_rsa_ssa_pss_sign_by_msg_digest
                0x10001c3a       0x22 CMakeFiles/ehsm_fw.elf.dir/src/component/crypto_api.c.obj
                0x10001c3a                cpt_rsa_ssa_pss_sign_by_msg_digest
 .text.cpt_rsa_ssa_pss_crt_sign_by_msg_digest
                0x10001c5c       0x1e CMakeFiles/ehsm_fw.elf.dir/src/component/crypto_api.c.obj
                0x10001c5c                cpt_rsa_ssa_pss_crt_sign_by_msg_digest
 .text.cpt_rsa_ssa_pss_verify_by_msg_digest
                0x10001c7a       0x34 CMakeFiles/ehsm_fw.elf.dir/src/component/crypto_api.c.obj
                0x10001c7a                cpt_rsa_ssa_pss_verify_by_msg_digest
 .text.cpt_sm2_verify
                0x10001cae       0x1e CMakeFiles/ehsm_fw.elf.dir/src/component/crypto_api.c.obj
                0x10001cae                cpt_sm2_verify
 .text.cpt_sm2_sign
                0x10001ccc       0x1e CMakeFiles/ehsm_fw.elf.dir/src/component/crypto_api.c.obj
                0x10001ccc                cpt_sm2_sign
 .text.cpt_sm2_get_pubkey_from_prikey
                0x10001cea       0x1e CMakeFiles/ehsm_fw.elf.dir/src/component/crypto_api.c.obj
                0x10001cea                cpt_sm2_get_pubkey_from_prikey
 .text.cpt_sm2_getkey
                0x10001d08       0x1e CMakeFiles/ehsm_fw.elf.dir/src/component/crypto_api.c.obj
                0x10001d08                cpt_sm2_getkey
 .text.cpt_sm2_encrypt
                0x10001d26       0x1e CMakeFiles/ehsm_fw.elf.dir/src/component/crypto_api.c.obj
                0x10001d26                cpt_sm2_encrypt
 .text.cpt_sm2_decrypt
                0x10001d44       0x1e CMakeFiles/ehsm_fw.elf.dir/src/component/crypto_api.c.obj
                0x10001d44                cpt_sm2_decrypt
 .text.cpt_sm2_exchangekey
                0x10001d62       0x2e CMakeFiles/ehsm_fw.elf.dir/src/component/crypto_api.c.obj
                0x10001d62                cpt_sm2_exchangekey
 .text.cpt_ecdh_compute_key
                0x10001d90       0x1e CMakeFiles/ehsm_fw.elf.dir/src/component/crypto_api.c.obj
                0x10001d90                cpt_ecdh_compute_key
 .text.cpt_get_rand
                0x10001dae       0x1e CMakeFiles/ehsm_fw.elf.dir/src/component/crypto_api.c.obj
                0x10001dae                cpt_get_rand
 .text.cpt_get_rand_fast
                0x10001dcc       0x1e CMakeFiles/ehsm_fw.elf.dir/src/component/crypto_api.c.obj
                0x10001dcc                cpt_get_rand_fast
 .text.cpt_trng_reseed
                0x10001dea        0x4 CMakeFiles/ehsm_fw.elf.dir/src/component/crypto_api.c.obj
                0x10001dea                cpt_trng_reseed
 .text.cpt_trng_get_drbg_alg
                0x10001dee        0x4 CMakeFiles/ehsm_fw.elf.dir/src/component/crypto_api.c.obj
                0x10001dee                cpt_trng_get_drbg_alg
 .text.cpt_trng_set_global_init_config
                0x10001df2       0x1e CMakeFiles/ehsm_fw.elf.dir/src/component/crypto_api.c.obj
                0x10001df2                cpt_trng_set_global_init_config
 .text.cpt_sm2_getZ
                0x10001e10       0x1e CMakeFiles/ehsm_fw.elf.dir/src/component/crypto_api.c.obj
                0x10001e10                cpt_sm2_getZ
 .text.cpt_sm2_getE
                0x10001e2e       0x1e CMakeFiles/ehsm_fw.elf.dir/src/component/crypto_api.c.obj
                0x10001e2e                cpt_sm2_getE
 .text.cpt_ed25519_get_pubkey_from_prikey
                0x10001e4c       0x1e CMakeFiles/ehsm_fw.elf.dir/src/component/crypto_api.c.obj
                0x10001e4c                cpt_ed25519_get_pubkey_from_prikey
 .text.cpt_ed25519_getkey
                0x10001e6a       0x1e CMakeFiles/ehsm_fw.elf.dir/src/component/crypto_api.c.obj
                0x10001e6a                cpt_ed25519_getkey
 .text.cpt_ed25519_sign
                0x10001e88       0x1e CMakeFiles/ehsm_fw.elf.dir/src/component/crypto_api.c.obj
                0x10001e88                cpt_ed25519_sign
 .text.cpt_ed25519_verify
                0x10001ea6       0x1e CMakeFiles/ehsm_fw.elf.dir/src/component/crypto_api.c.obj
                0x10001ea6                cpt_ed25519_verify
 .text.cpt_x25519_get_pubkey_from_prikey
                0x10001ec4       0x1e CMakeFiles/ehsm_fw.elf.dir/src/component/crypto_api.c.obj
                0x10001ec4                cpt_x25519_get_pubkey_from_prikey
 .text.cpt_x25519_getkey
                0x10001ee2       0x1e CMakeFiles/ehsm_fw.elf.dir/src/component/crypto_api.c.obj
                0x10001ee2                cpt_x25519_getkey
 .text.cpt_x25519_compute_key
                0x10001f00       0x1e CMakeFiles/ehsm_fw.elf.dir/src/component/crypto_api.c.obj
                0x10001f00                cpt_x25519_compute_key
 .text.cpt_dh_generate_pubkey_from_prikey
                0x10001f1e       0x1e CMakeFiles/ehsm_fw.elf.dir/src/component/crypto_api.c.obj
                0x10001f1e                cpt_dh_generate_pubkey_from_prikey
 .text.cpt_dh_compute_key
                0x10001f3c       0x1e CMakeFiles/ehsm_fw.elf.dir/src/component/crypto_api.c.obj
                0x10001f3c                cpt_dh_compute_key
 .text.cpt_pbkdf2_hmac
                0x10001f5a       0x22 CMakeFiles/ehsm_fw.elf.dir/src/component/crypto_api.c.obj
                0x10001f5a                cpt_pbkdf2_hmac
 .text.cpt_ansi_x9_63_kdf
                0x10001f7c       0x22 CMakeFiles/ehsm_fw.elf.dir/src/component/crypto_api.c.obj
                0x10001f7c                cpt_ansi_x9_63_kdf
 .text.cpt_pke_get_version
                0x10001f9e        0x4 CMakeFiles/ehsm_fw.elf.dir/src/component/crypto_api.c.obj
                0x10001f9e                cpt_pke_get_version
 .text.cpt_pke_get_driver_version
                0x10001fa2        0x4 CMakeFiles/ehsm_fw.elf.dir/src/component/crypto_api.c.obj
                0x10001fa2                cpt_pke_get_driver_version
 .text.cpt_ske_get_version
                0x10001fa6        0x4 CMakeFiles/ehsm_fw.elf.dir/src/component/crypto_api.c.obj
                0x10001fa6                cpt_ske_get_version
 .text.cpt_ske_get_driver_version
                0x10001faa        0x4 CMakeFiles/ehsm_fw.elf.dir/src/component/crypto_api.c.obj
                0x10001faa                cpt_ske_get_driver_version
 .text.cpt_hash_get_version
                0x10001fae        0x4 CMakeFiles/ehsm_fw.elf.dir/src/component/crypto_api.c.obj
                0x10001fae                cpt_hash_get_version
 .text.cpt_hash_get_driver_version
                0x10001fb2        0x4 CMakeFiles/ehsm_fw.elf.dir/src/component/crypto_api.c.obj
                0x10001fb2                cpt_hash_get_driver_version
 .text.cpt_trng_get_version
                0x10001fb6        0x4 CMakeFiles/ehsm_fw.elf.dir/src/component/crypto_api.c.obj
                0x10001fb6                cpt_trng_get_version
 .text.cpt_trng_get_driver_version
                0x10001fba        0x4 CMakeFiles/ehsm_fw.elf.dir/src/component/crypto_api.c.obj
                0x10001fba                cpt_trng_get_driver_version
 .text.dbg_chartohex_interenl
                0x10001fbe       0x44 CMakeFiles/ehsm_fw.elf.dir/src/component/dbgcmd_parser.c.obj
 .text.dbg_chartohex
                0x10002002       0xc4 CMakeFiles/ehsm_fw.elf.dir/src/component/dbgcmd_parser.c.obj
 .text.dbg_parse_asym_verify_data
                0x100020c6       0x84 CMakeFiles/ehsm_fw.elf.dir/src/component/dbgcmd_parser.c.obj
 .text.dbg_build_verify_resp.part.0
                0x1000214a       0xb2 CMakeFiles/ehsm_fw.elf.dir/src/component/dbgcmd_parser.c.obj
 .text.dbg_build_close_debug_resp.part.0
                0x100021fc       0x88 CMakeFiles/ehsm_fw.elf.dir/src/component/dbgcmd_parser.c.obj
 .text.dbg_analysis_parser
                0x10002284      0x546 CMakeFiles/ehsm_fw.elf.dir/src/component/dbgcmd_parser.c.obj
 .text.dbgcmdpars_init_parser
                0x100027ca       0x3c CMakeFiles/ehsm_fw.elf.dir/src/component/dbgcmd_parser.c.obj
                0x100027ca                dbgcmdpars_init_parser
 .text.dbgcmdpars_append_data
                0x10002806       0xb8 CMakeFiles/ehsm_fw.elf.dir/src/component/dbgcmd_parser.c.obj
                0x10002806                dbgcmdpars_append_data
 .text.dbgcmdpars_recv_complete
                0x100028be       0x22 CMakeFiles/ehsm_fw.elf.dir/src/component/dbgcmd_parser.c.obj
                0x100028be                dbgcmdpars_recv_complete
 .text.dbgcmdpars_srv_handler
                0x100028e0        0xe CMakeFiles/ehsm_fw.elf.dir/src/component/dbgcmd_parser.c.obj
                0x100028e0                dbgcmdpars_srv_handler
 .text.dbgcmdpars_trans_to_packet
                0x100028ee       0x1e CMakeFiles/ehsm_fw.elf.dir/src/component/dbgcmd_parser.c.obj
                0x100028ee                dbgcmdpars_trans_to_packet
 .text.check_key_handle_exist.part.0
                0x1000290c       0x46 CMakeFiles/ehsm_fw.elf.dir/src/component/kds.c.obj
 .text.find_unused_key_handle_idx
                0x10002952       0x7a CMakeFiles/ehsm_fw.elf.dir/src/component/kds.c.obj
 .text.kds_read_key
                0x100029cc       0xa6 CMakeFiles/ehsm_fw.elf.dir/src/component/kds.c.obj
                0x100029cc                kds_read_key
 .text.kds_read_entire_key
                0x10002a72       0x92 CMakeFiles/ehsm_fw.elf.dir/src/component/kds.c.obj
                0x10002a72                kds_read_entire_key
 .text.kds_init
                0x10002b04       0x72 CMakeFiles/ehsm_fw.elf.dir/src/component/kds.c.obj
                0x10002b04                kds_init
 .text.kds_remove_all_key
                0x10002b76       0x6e CMakeFiles/ehsm_fw.elf.dir/src/component/kds.c.obj
                0x10002b76                kds_remove_all_key
 .text.kds_util_memmove
                0x10002be4       0x3c CMakeFiles/ehsm_fw.elf.dir/src/component/kds.c.obj
                0x10002be4                kds_util_memmove
 .text.adjust_mem_node_size.part.0
                0x10002c20      0x13c CMakeFiles/ehsm_fw.elf.dir/src/component/kds.c.obj
 .text.kds_write_key
                0x10002d5c      0x1c8 CMakeFiles/ehsm_fw.elf.dir/src/component/kds.c.obj
                0x10002d5c                kds_write_key
 .text.kds_remove_key
                0x10002f24       0xbe CMakeFiles/ehsm_fw.elf.dir/src/component/kds.c.obj
                0x10002f24                kds_remove_key
 .text.mmap_remap_addr_u32
                0x10002fe2       0x46 CMakeFiles/ehsm_fw.elf.dir/src/component/mmap.c.obj
                0x10002fe2                mmap_remap_addr_u32
 .text.mmap_remap_addr_u64
                0x10003028        0x8 CMakeFiles/ehsm_fw.elf.dir/src/component/mmap.c.obj
                0x10003028                mmap_remap_addr_u64
 .text.mmap_write_remote_data
                0x10003030       0x6c CMakeFiles/ehsm_fw.elf.dir/src/component/mmap.c.obj
                0x10003030                mmap_write_remote_data
 .text.mmap_read_remote_data
                0x1000309c       0x6e CMakeFiles/ehsm_fw.elf.dir/src/component/mmap.c.obj
                0x1000309c                mmap_read_remote_data
 .text.otpkey_get_keyid_map_idx.constprop.0
                0x1000310a       0x42 CMakeFiles/ehsm_fw.elf.dir/src/component/otp_key.c.obj
 .text.otpkey_register_keyid_map
                0x1000314c       0x1c CMakeFiles/ehsm_fw.elf.dir/src/component/otp_key.c.obj
                0x1000314c                otpkey_register_keyid_map
 .text.otpkey_check_usage
                0x10003168       0x9a CMakeFiles/ehsm_fw.elf.dir/src/component/otp_key.c.obj
                0x10003168                otpkey_check_usage
 .text.otpkey_aquire_key_attr
                0x10003202       0xc6 CMakeFiles/ehsm_fw.elf.dir/src/component/otp_key.c.obj
                0x10003202                otpkey_aquire_key_attr
 .text.otpkey_read_data
                0x100032c8       0x82 CMakeFiles/ehsm_fw.elf.dir/src/component/otp_key.c.obj
                0x100032c8                otpkey_read_data
 .text.otpkey_get_phyid
                0x1000334a       0x84 CMakeFiles/ehsm_fw.elf.dir/src/component/otp_key.c.obj
                0x1000334a                otpkey_get_phyid
 .text.queue_init
                0x100033ce       0x28 CMakeFiles/ehsm_fw.elf.dir/src/component/queue.c.obj
                0x100033ce                queue_init
 .text.queue_push
                0x100033f6       0x42 CMakeFiles/ehsm_fw.elf.dir/src/component/queue.c.obj
                0x100033f6                queue_push
 .text.queue_pop
                0x10003438       0x42 CMakeFiles/ehsm_fw.elf.dir/src/component/queue.c.obj
                0x10003438                queue_pop
 .text.queue_is_full
                0x1000347a        0xc CMakeFiles/ehsm_fw.elf.dir/src/component/queue.c.obj
                0x1000347a                queue_is_full
 .text.crypto_srv_init
                0x10003486       0x30 CMakeFiles/ehsm_fw.elf.dir/src/service/crypto_util.c.obj
                0x10003486                crypto_srv_init
 .text.lib_ske_secure_port_config
                0x100034b6       0x1e CMakeFiles/ehsm_fw.elf.dir/src/service/crypto_util.c.obj
                0x100034b6                lib_ske_secure_port_config
 .text.lib_hash_secure_port_config
                0x100034d4       0x16 CMakeFiles/ehsm_fw.elf.dir/src/service/crypto_util.c.obj
                0x100034d4                lib_hash_secure_port_config
 .text.debug_auth_check_lifecycle_by_type
                0x100034ea       0x86 CMakeFiles/ehsm_fw.elf.dir/src/service/dbgauth_srv.c.obj
 .text.set_challenge_st
                0x10003570       0x56 CMakeFiles/ehsm_fw.elf.dir/src/service/dbgauth_srv.c.obj
 .text.clear_challenge_st
                0x100035c6       0xac CMakeFiles/ehsm_fw.elf.dir/src/service/dbgauth_srv.c.obj
 .text.check_lifecycle_type.constprop.0
                0x10003672       0xd0 CMakeFiles/ehsm_fw.elf.dir/src/service/dbgauth_srv.c.obj
 .text.dbgauth_srv_acquire_user_auth_result
                0x10003742        0x6 CMakeFiles/ehsm_fw.elf.dir/src/service/dbgauth_srv.c.obj
                0x10003742                dbgauth_srv_acquire_user_auth_result
 .text.dbgauth_ehsm_debug_auth
                0x10003748      0x6a6 CMakeFiles/ehsm_fw.elf.dir/src/service/dbgauth_srv.c.obj
                0x10003748                dbgauth_ehsm_debug_auth
 .text.dbgauth_debug_authentication_handle
                0x10003dee      0x29a CMakeFiles/ehsm_fw.elf.dir/src/service/dbgauth_srv.c.obj
 .text.dbgauth_srv_handler
                0x10004088      0x24e CMakeFiles/ehsm_fw.elf.dir/src/service/dbgauth_srv.c.obj
                0x10004088                dbgauth_srv_handler
 .text.dbgauth_get_challenge
                0x100042d6       0x8a CMakeFiles/ehsm_fw.elf.dir/src/service/dbgauth_srv.c.obj
                0x100042d6                dbgauth_get_challenge
 .text.dbgauth_close_debug
                0x10004360       0xa8 CMakeFiles/ehsm_fw.elf.dir/src/service/dbgauth_srv.c.obj
                0x10004360                dbgauth_close_debug
 .text.check_pke_signature
                0x10004408       0xe0 CMakeFiles/ehsm_fw.elf.dir/src/service/fwup_srv.c.obj
 .text.fwup_image_upgrade.constprop.0
                0x100044e8      0x922 CMakeFiles/ehsm_fw.elf.dir/src/service/fwup_srv.c.obj
 .text.upgrade_update_flow_process_data.constprop.0
                0x10004e0a      0x232 CMakeFiles/ehsm_fw.elf.dir/src/service/fwup_srv.c.obj
 .text.image_upgrade_flow_update.constprop.0
                0x1000503c       0xe4 CMakeFiles/ehsm_fw.elf.dir/src/service/fwup_srv.c.obj
 .text.fwup_srv_handler
                0x10005120      0x502 CMakeFiles/ehsm_fw.elf.dir/src/service/fwup_srv.c.obj
                0x10005120                fwup_srv_handler
 .text.kms_get_ske_alg
                0x10005622       0x58 CMakeFiles/ehsm_fw.elf.dir/src/service/kms.c.obj
 .text.kms_get_key_handle_permission
                0x1000567a       0x70 CMakeFiles/ehsm_fw.elf.dir/src/service/kms.c.obj
 .text.kms_check_key_write_protection_disable
                0x100056ea       0x50 CMakeFiles/ehsm_fw.elf.dir/src/service/kms.c.obj
 .text.kms_calcu_key_mem_size.part.0
                0x1000573a       0x8a CMakeFiles/ehsm_fw.elf.dir/src/service/kms.c.obj
 .text.kms_alloc_key_mem
                0x100057c4      0x270 CMakeFiles/ehsm_fw.elf.dir/src/service/kms.c.obj
 .text.kms_expend_dh_keypair
                0x10005a34       0x88 CMakeFiles/ehsm_fw.elf.dir/src/service/kms.c.obj
 .text.kms_parse_dh_common_data.constprop.0
                0x10005abc      0x1be CMakeFiles/ehsm_fw.elf.dir/src/service/kms.c.obj
 .text.kms_generate_key
                0x10005c7a      0x6ea CMakeFiles/ehsm_fw.elf.dir/src/service/kms.c.obj
 .text.kms_read_key
                0x10006364      0x26a CMakeFiles/ehsm_fw.elf.dir/src/service/kms.c.obj
                0x10006364                kms_read_key
 .text.kms_en_dec_key_data
                0x100065ce      0x136 CMakeFiles/ehsm_fw.elf.dir/src/service/kms.c.obj
 .text.kms_sign_verify_key_data
                0x10006704      0x16c CMakeFiles/ehsm_fw.elf.dir/src/service/kms.c.obj
 .text.kms_import_key
                0x10006870      0x58c CMakeFiles/ehsm_fw.elf.dir/src/service/kms.c.obj
 .text.kms_export_key
                0x10006dfc      0x404 CMakeFiles/ehsm_fw.elf.dir/src/service/kms.c.obj
 .text.kms_derive_key
                0x10007200      0x598 CMakeFiles/ehsm_fw.elf.dir/src/service/kms.c.obj
 .text.kms_exchange_key
                0x10007798      0x682 CMakeFiles/ehsm_fw.elf.dir/src/service/kms.c.obj
 .text.kms_calculate_key
                0x10007e1a      0x2c8 CMakeFiles/ehsm_fw.elf.dir/src/service/kms.c.obj
 .text.kms_srv_handler
                0x100080e2       0xe2 CMakeFiles/ehsm_fw.elf.dir/src/service/kms.c.obj
                0x100080e2                kms_srv_handler
 .text.misc_read_otp_handler
                0x100081c4      0x208 CMakeFiles/ehsm_fw.elf.dir/src/service/misc_srv.c.obj
 .text.misc_write_otp_data
                0x100083cc       0xfe CMakeFiles/ehsm_fw.elf.dir/src/service/misc_srv.c.obj
                0x100083cc                misc_write_otp_data
 .text.misc_write_otp_handler
                0x100084ca      0x1ce CMakeFiles/ehsm_fw.elf.dir/src/service/misc_srv.c.obj
 .text.misc_srv_handler
                0x10008698      0x814 CMakeFiles/ehsm_fw.elf.dir/src/service/misc_srv.c.obj
                0x10008698                misc_srv_handler
 .text.write_otp_key
                0x10008eac       0x92 CMakeFiles/ehsm_fw.elf.dir/src/service/otpkinstl_srv.c.obj
 .text.crc32_mpeg2.constprop.0
                0x10008f3e       0x34 CMakeFiles/ehsm_fw.elf.dir/src/service/otpkinstl_srv.c.obj
 .text.encrypt_otp_key.constprop.0
                0x10008f72       0x6a CMakeFiles/ehsm_fw.elf.dir/src/service/otpkinstl_srv.c.obj
 .text.otpkinstl_check_life_cycle.isra.0
                0x10008fdc       0x76 CMakeFiles/ehsm_fw.elf.dir/src/service/otpkinstl_srv.c.obj
 .text.otpkinstl_srv_handler
                0x10009052      0x628 CMakeFiles/ehsm_fw.elf.dir/src/service/otpkinstl_srv.c.obj
                0x10009052                otpkinstl_srv_handler
 .text.rng_srv_init
                0x1000967a        0xa CMakeFiles/ehsm_fw.elf.dir/src/service/rng_srv.c.obj
                0x1000967a                rng_srv_init
 .text.rng_srv_handler
                0x10009684      0x168 CMakeFiles/ehsm_fw.elf.dir/src/service/rng_srv.c.obj
                0x10009684                rng_srv_handler
 .text.socvrfy_get_sign_by_alg
                0x100097ec       0x50 CMakeFiles/ehsm_fw.elf.dir/src/service/socvrfy_srv.c.obj
 .text.socvrfy_verify_rsa_signature
                0x1000983c       0x8e CMakeFiles/ehsm_fw.elf.dir/src/service/socvrfy_srv.c.obj
 .text.socvrfy_verify_pubkey
                0x100098ca       0xbc CMakeFiles/ehsm_fw.elf.dir/src/service/socvrfy_srv.c.obj
 .text.socvrfy_get_and_verify_pubkey.part.0
                0x10009986       0x96 CMakeFiles/ehsm_fw.elf.dir/src/service/socvrfy_srv.c.obj
 .text.fwverify_copy_data_dma.constprop.0
                0x10009a1c       0x48 CMakeFiles/ehsm_fw.elf.dir/src/service/socvrfy_srv.c.obj
 .text.socvrfy_get_and_verify_pubkey
                0x10009a64        0xc CMakeFiles/ehsm_fw.elf.dir/src/service/socvrfy_srv.c.obj
                0x10009a64                socvrfy_get_and_verify_pubkey
 .text.socvrfy_check_ver_cnt
                0x10009a70       0x58 CMakeFiles/ehsm_fw.elf.dir/src/service/socvrfy_srv.c.obj
                0x10009a70                socvrfy_check_ver_cnt
 .text.socvrfy_check_fw_header
                0x10009ac8       0x74 CMakeFiles/ehsm_fw.elf.dir/src/service/socvrfy_srv.c.obj
                0x10009ac8                socvrfy_check_fw_header
 .text.socvrfy_vry_soc_fw
                0x10009b3c      0xbca CMakeFiles/ehsm_fw.elf.dir/src/service/socvrfy_srv.c.obj
 .text.socvrfy_srv_handler
                0x1000a706       0x2a CMakeFiles/ehsm_fw.elf.dir/src/service/socvrfy_srv.c.obj
                0x1000a706                socvrfy_srv_handler
 .text.hash_cpu_update
                0x1000a730       0xa6 CMakeFiles/ehsm_fw.elf.dir/src/service/hash/hash_srv.c.obj
 .text.hash_check_dma_mode
                0x1000a7d6       0x82 CMakeFiles/ehsm_fw.elf.dir/src/service/hash/hash_srv.c.obj
 .text.hash_srv_cpu_update
                0x1000a858       0x7a CMakeFiles/ehsm_fw.elf.dir/src/service/hash/hash_srv.c.obj
                0x1000a858                hash_srv_cpu_update
 .text.hash_srv_dma_update
                0x1000a8d2       0x70 CMakeFiles/ehsm_fw.elf.dir/src/service/hash/hash_srv.c.obj
                0x1000a8d2                hash_srv_dma_update
 .text.hash_srv_general_init
                0x1000a942       0x52 CMakeFiles/ehsm_fw.elf.dir/src/service/hash/hash_srv.c.obj
                0x1000a942                hash_srv_general_init
 .text.hash_srv_general_update
                0x1000a994       0x70 CMakeFiles/ehsm_fw.elf.dir/src/service/hash/hash_srv.c.obj
                0x1000a994                hash_srv_general_update
 .text.hash_srv_general_final
                0x1000aa04       0x9a CMakeFiles/ehsm_fw.elf.dir/src/service/hash/hash_srv.c.obj
                0x1000aa04                hash_srv_general_final
 .text.hash_srv_general_onepass
                0x1000aa9e       0xce CMakeFiles/ehsm_fw.elf.dir/src/service/hash/hash_srv.c.obj
                0x1000aa9e                hash_srv_general_onepass
 .text.hash_srv_init
                0x1000ab6c        0xa CMakeFiles/ehsm_fw.elf.dir/src/service/hash/hash_srv.c.obj
                0x1000ab6c                hash_srv_init
 .text.hash_srv_handler
                0x1000ab76      0x3f4 CMakeFiles/ehsm_fw.elf.dir/src/service/hash/hash_srv.c.obj
                0x1000ab76                hash_srv_handler
 .text.hmac_check_dma_mode
                0x1000af6a       0x82 CMakeFiles/ehsm_fw.elf.dir/src/service/hash/hmac_srv.c.obj
 .text.hmac_srv_cpu_update_internal
                0x1000afec       0xa6 CMakeFiles/ehsm_fw.elf.dir/src/service/hash/hmac_srv.c.obj
 .text.hmac_get_key.constprop.0
                0x1000b092      0x16a CMakeFiles/ehsm_fw.elf.dir/src/service/hash/hmac_srv.c.obj
 .text.hmac_srv_dma_update
                0x1000b1fc       0xe6 CMakeFiles/ehsm_fw.elf.dir/src/service/hash/hmac_srv.c.obj
 .text.hmac_rctx_switch_cpu_ctx
                0x1000b2e2       0x98 CMakeFiles/ehsm_fw.elf.dir/src/service/hash/hmac_srv.c.obj
 .text.hmac_srv_stepwise_init
                0x1000b37a       0xd4 CMakeFiles/ehsm_fw.elf.dir/src/service/hash/hmac_srv.c.obj
 .text.hmac_srv_cpu_update
                0x1000b44e       0x8c CMakeFiles/ehsm_fw.elf.dir/src/service/hash/hmac_srv.c.obj
 .text.hmac_srv_stepwise_update
                0x1000b4da      0x142 CMakeFiles/ehsm_fw.elf.dir/src/service/hash/hmac_srv.c.obj
 .text.hmac_srv_onepass
                0x1000b61c      0x2c4 CMakeFiles/ehsm_fw.elf.dir/src/service/hash/hmac_srv.c.obj
 .text.hmac_srv_stepwise_final
                0x1000b8e0      0x234 CMakeFiles/ehsm_fw.elf.dir/src/service/hash/hmac_srv.c.obj
 .text.hmac_srv_init
                0x1000bb14        0xa CMakeFiles/ehsm_fw.elf.dir/src/service/hash/hmac_srv.c.obj
                0x1000bb14                hmac_srv_init
 .text.hmac_srv_handler
                0x1000bb1e       0xbc CMakeFiles/ehsm_fw.elf.dir/src/service/hash/hmac_srv.c.obj
                0x1000bb1e                hmac_srv_handler
 .text.ecdsa_srv_sign_vry
                0x1000bbda      0x16e CMakeFiles/ehsm_fw.elf.dir/src/service/pke/ecdsa_srv.c.obj
 .text.ed25519_srv_sign_vry
                0x1000bd48      0x160 CMakeFiles/ehsm_fw.elf.dir/src/service/pke/ecdsa_srv.c.obj
 .text.ecc_get_key.constprop.0
                0x1000bea8      0x202 CMakeFiles/ehsm_fw.elf.dir/src/service/pke/ecdsa_srv.c.obj
 .text.ecdsa_srv_final
                0x1000c0aa      0x146 CMakeFiles/ehsm_fw.elf.dir/src/service/pke/ecdsa_srv.c.obj
 .text.ecdsa_srv_onepass
                0x1000c1f0      0x17c CMakeFiles/ehsm_fw.elf.dir/src/service/pke/ecdsa_srv.c.obj
 .text.pke_srv_ecdsa_init
                0x1000c36c        0xa CMakeFiles/ehsm_fw.elf.dir/src/service/pke/ecdsa_srv.c.obj
                0x1000c36c                pke_srv_ecdsa_init
 .text.pke_srv_ecdsa_handler
                0x1000c376      0x1e6 CMakeFiles/ehsm_fw.elf.dir/src/service/pke/ecdsa_srv.c.obj
                0x1000c376                pke_srv_ecdsa_handler
 .text.pke_srv_init
                0x1000c55c        0x4 CMakeFiles/ehsm_fw.elf.dir/src/service/pke/pke_srv_util.c.obj
                0x1000c55c                pke_srv_init
 .text.pke_srv_cpu_update
                0x1000c560        0x4 CMakeFiles/ehsm_fw.elf.dir/src/service/pke/pke_srv_util.c.obj
                0x1000c560                pke_srv_cpu_update
 .text.pke_srv_dma_update
                0x1000c564        0x4 CMakeFiles/ehsm_fw.elf.dir/src/service/pke/pke_srv_util.c.obj
                0x1000c564                pke_srv_dma_update
 .text.pke_srv_update
                0x1000c568        0x4 CMakeFiles/ehsm_fw.elf.dir/src/service/pke/pke_srv_util.c.obj
                0x1000c568                pke_srv_update
 .text.pke_srv_hash_final
                0x1000c56c        0x4 CMakeFiles/ehsm_fw.elf.dir/src/service/pke/pke_srv_util.c.obj
                0x1000c56c                pke_srv_hash_final
 .text.pke_srv_hash_onepass
                0x1000c570       0x18 CMakeFiles/ehsm_fw.elf.dir/src/service/pke/pke_srv_util.c.obj
                0x1000c570                pke_srv_hash_onepass
 .text.rsa_calculate
                0x1000c588      0x122 CMakeFiles/ehsm_fw.elf.dir/src/service/pke/rsa_srv.c.obj
 .text.rsa_sign_vry_without_padding
                0x1000c6aa       0xa4 CMakeFiles/ehsm_fw.elf.dir/src/service/pke/rsa_srv.c.obj
 .text.rsa_read_pubkey_key
                0x1000c74e      0x144 CMakeFiles/ehsm_fw.elf.dir/src/service/pke/rsa_srv.c.obj
 .text.rsa_sign_vry
                0x1000c892       0xd6 CMakeFiles/ehsm_fw.elf.dir/src/service/pke/rsa_srv.c.obj
 .text.rsa_read_plain_key.constprop.0
                0x1000c968      0x15e CMakeFiles/ehsm_fw.elf.dir/src/service/pke/rsa_srv.c.obj
 .text.rsa_get_key_and_crt_mode.constprop.0
                0x1000cac6       0xd2 CMakeFiles/ehsm_fw.elf.dir/src/service/pke/rsa_srv.c.obj
 .text.rsa_srv_cipher_onepass
                0x1000cb98      0x236 CMakeFiles/ehsm_fw.elf.dir/src/service/pke/rsa_srv.c.obj
 .text.rsa_sign_get_key_and_crt_mode.constprop.0
                0x1000cdce       0x8c CMakeFiles/ehsm_fw.elf.dir/src/service/pke/rsa_srv.c.obj
 .text.rsa_srv_sign_final
                0x1000ce5a      0x33c CMakeFiles/ehsm_fw.elf.dir/src/service/pke/rsa_srv.c.obj
 .text.rsa_srv_sign_onepass
                0x1000d196      0x354 CMakeFiles/ehsm_fw.elf.dir/src/service/pke/rsa_srv.c.obj
 .text.pke_srv_rsa_init
                0x1000d4ea        0xa CMakeFiles/ehsm_fw.elf.dir/src/service/pke/rsa_srv.c.obj
                0x1000d4ea                pke_srv_rsa_init
 .text.pke_srv_rsa_cipher_handler
                0x1000d4f4       0x1a CMakeFiles/ehsm_fw.elf.dir/src/service/pke/rsa_srv.c.obj
                0x1000d4f4                pke_srv_rsa_cipher_handler
 .text.pke_srv_rsa_sign_handler
                0x1000d50e      0x1ec CMakeFiles/ehsm_fw.elf.dir/src/service/pke/rsa_srv.c.obj
                0x1000d50e                pke_srv_rsa_sign_handler
 .text.sm2_srv_local_get_E
                0x1000d6fa      0x148 CMakeFiles/ehsm_fw.elf.dir/src/service/pke/sm2_srv.c.obj
 .text.sm2_check_dma_mode
                0x1000d842       0x98 CMakeFiles/ehsm_fw.elf.dir/src/service/pke/sm2_srv.c.obj
 .text.sm2_srv_sign_update
                0x1000d8da      0x15a CMakeFiles/ehsm_fw.elf.dir/src/service/pke/sm2_srv.c.obj
 .text.sm2_srv_cipher_onepass
                0x1000da34      0x27a CMakeFiles/ehsm_fw.elf.dir/src/service/pke/sm2_srv.c.obj
 .text.sm2_sign_get_key.constprop.0
                0x1000dcae      0x108 CMakeFiles/ehsm_fw.elf.dir/src/service/pke/sm2_srv.c.obj
 .text.sm2_srv_sign_init
                0x1000ddb6       0xfc CMakeFiles/ehsm_fw.elf.dir/src/service/pke/sm2_srv.c.obj
 .text.pke_srv_sm2_init
                0x1000deb2        0xa CMakeFiles/ehsm_fw.elf.dir/src/service/pke/sm2_srv.c.obj
                0x1000deb2                pke_srv_sm2_init
 .text.pke_srv_sm2_cipher_handler
                0x1000debc       0x1a CMakeFiles/ehsm_fw.elf.dir/src/service/pke/sm2_srv.c.obj
                0x1000debc                pke_srv_sm2_cipher_handler
 .text.pke_srv_sm2_sign_handler
                0x1000ded6      0x4f8 CMakeFiles/ehsm_fw.elf.dir/src/service/pke/sm2_srv.c.obj
                0x1000ded6                pke_srv_sm2_sign_handler
 .text.non_xts_cipher_check_output_buffer_sz
                0x1000e3ce       0x88 CMakeFiles/ehsm_fw.elf.dir/src/service/ske/cipher_srv.c.obj
 .text.cipher_check_param
                0x1000e456       0xea CMakeFiles/ehsm_fw.elf.dir/src/service/ske/cipher_srv.c.obj
 .text.xts_cpu_final
                0x1000e540       0x7c CMakeFiles/ehsm_fw.elf.dir/src/service/ske/cipher_srv.c.obj
 .text.push_non_xts_cipher_ctx
                0x1000e5bc       0x8c CMakeFiles/ehsm_fw.elf.dir/src/service/ske/cipher_srv.c.obj
 .text.push_xts_cipher_ctx
                0x1000e648       0x90 CMakeFiles/ehsm_fw.elf.dir/src/service/ske/cipher_srv.c.obj
 .text.cipher_get_key.constprop.0
                0x1000e6d8      0x17a CMakeFiles/ehsm_fw.elf.dir/src/service/ske/cipher_srv.c.obj
 .text.get_non_xts_cipher_ctx
                0x1000e852      0x156 CMakeFiles/ehsm_fw.elf.dir/src/service/ske/cipher_srv.c.obj
 .text.cipher_non_xts_final
                0x1000e9a8      0x172 CMakeFiles/ehsm_fw.elf.dir/src/service/ske/cipher_srv.c.obj
 .text.cipher_non_xts_update
                0x1000eb1a      0x186 CMakeFiles/ehsm_fw.elf.dir/src/service/ske/cipher_srv.c.obj
 .text.get_xts_cipher_ctx
                0x1000eca0      0x15a CMakeFiles/ehsm_fw.elf.dir/src/service/ske/cipher_srv.c.obj
 .text.cipher_xts_update
                0x1000edfa      0x186 CMakeFiles/ehsm_fw.elf.dir/src/service/ske/cipher_srv.c.obj
 .text.cipher_xts_init
                0x1000ef80      0x1b8 CMakeFiles/ehsm_fw.elf.dir/src/service/ske/cipher_srv.c.obj
 .text.cipher_non_xts_onepass
                0x1000f138      0x2e4 CMakeFiles/ehsm_fw.elf.dir/src/service/ske/cipher_srv.c.obj
 .text.cipher_non_xts_init
                0x1000f41c      0x1d8 CMakeFiles/ehsm_fw.elf.dir/src/service/ske/cipher_srv.c.obj
 .text.cipher_xts_onepass
                0x1000f5f4      0x368 CMakeFiles/ehsm_fw.elf.dir/src/service/ske/cipher_srv.c.obj
 .text.cipher_xts_final
                0x1000f95c      0x1ca CMakeFiles/ehsm_fw.elf.dir/src/service/ske/cipher_srv.c.obj
 .text.ske_srv_cipher_init
                0x1000fb26       0x6a CMakeFiles/ehsm_fw.elf.dir/src/service/ske/cipher_srv.c.obj
                0x1000fb26                ske_srv_cipher_init
 .text.ske_srv_cipher_handler
                0x1000fb90      0x138 CMakeFiles/ehsm_fw.elf.dir/src/service/ske/cipher_srv.c.obj
                0x1000fb90                ske_srv_cipher_handler
 .text.mac_check_mac_sz
                0x1000fcc8       0x4a CMakeFiles/ehsm_fw.elf.dir/src/service/ske/mac_srv.c.obj
 .text.cmac_cpu_update_internal
                0x1000fd12       0x9c CMakeFiles/ehsm_fw.elf.dir/src/service/ske/mac_srv.c.obj
 .text.cbcmac_cpu_update_internal
                0x1000fdae       0x9c CMakeFiles/ehsm_fw.elf.dir/src/service/ske/mac_srv.c.obj
 .text.gmac_cpu_update_internal
                0x1000fe4a       0x9c CMakeFiles/ehsm_fw.elf.dir/src/service/ske/mac_srv.c.obj
 .text.mac_get_key.constprop.0
                0x1000fee6      0x178 CMakeFiles/ehsm_fw.elf.dir/src/service/ske/mac_srv.c.obj
 .text.cmac_onepass
                0x1001005e      0x32c CMakeFiles/ehsm_fw.elf.dir/src/service/ske/mac_srv.c.obj
 .text.mac_ctx_recovery_key
                0x1001038a       0xbc CMakeFiles/ehsm_fw.elf.dir/src/service/ske/mac_srv.c.obj
 .text.cmac_rctx_switch_cpu_ctx
                0x10010446       0x98 CMakeFiles/ehsm_fw.elf.dir/src/service/ske/mac_srv.c.obj
 .text.cmac_final
                0x100104de      0x19e CMakeFiles/ehsm_fw.elf.dir/src/service/ske/mac_srv.c.obj
 .text.cbcmac_rctx_switch_cpu_ctx
                0x1001067c       0x98 CMakeFiles/ehsm_fw.elf.dir/src/service/ske/mac_srv.c.obj
 .text.cbcmac_final
                0x10010714      0x19e CMakeFiles/ehsm_fw.elf.dir/src/service/ske/mac_srv.c.obj
 .text.gmac_rctx_switch_cpu_ctx
                0x100108b2       0x98 CMakeFiles/ehsm_fw.elf.dir/src/service/ske/mac_srv.c.obj
 .text.gmac_final
                0x1001094a      0x19e CMakeFiles/ehsm_fw.elf.dir/src/service/ske/mac_srv.c.obj
 .text.gmac_update
                0x10010ae8       0x9e CMakeFiles/ehsm_fw.elf.dir/src/service/ske/mac_srv.c.obj
 .text.cmac_update
                0x10010b86      0x26c CMakeFiles/ehsm_fw.elf.dir/src/service/ske/mac_srv.c.obj
 .text.cbcmac_update
                0x10010df2      0x26c CMakeFiles/ehsm_fw.elf.dir/src/service/ske/mac_srv.c.obj
 .text.cmac_init
                0x1001105e      0x14e CMakeFiles/ehsm_fw.elf.dir/src/service/ske/mac_srv.c.obj
 .text.cbcmac_init
                0x100111ac      0x152 CMakeFiles/ehsm_fw.elf.dir/src/service/ske/mac_srv.c.obj
 .text.gmac_init
                0x100112fe      0x1c2 CMakeFiles/ehsm_fw.elf.dir/src/service/ske/mac_srv.c.obj
 .text.gmac_onepass
                0x100114c0      0x2ea CMakeFiles/ehsm_fw.elf.dir/src/service/ske/mac_srv.c.obj
 .text.cbcmac_onepass
                0x100117aa      0x336 CMakeFiles/ehsm_fw.elf.dir/src/service/ske/mac_srv.c.obj
 .text.ske_srv_mac_init
                0x10011ae0       0x9a CMakeFiles/ehsm_fw.elf.dir/src/service/ske/mac_srv.c.obj
                0x10011ae0                ske_srv_mac_init
 .text.ske_srv_mac_handler
                0x10011b7a      0x162 CMakeFiles/ehsm_fw.elf.dir/src/service/ske/mac_srv.c.obj
                0x10011b7a                ske_srv_mac_handler
 .text.gcm_final_internal
                0x10011cdc      0x178 CMakeFiles/ehsm_fw.elf.dir/src/service/aead/aead_srv.c.obj
 .text.ccm_updata_single_block
                0x10011e54       0x5c CMakeFiles/ehsm_fw.elf.dir/src/service/aead/aead_srv.c.obj
 .text.ccm_final_internal
                0x10011eb0      0x1ec CMakeFiles/ehsm_fw.elf.dir/src/service/aead/aead_srv.c.obj
 .text.aead_get_key.constprop.0
                0x1001209c       0xb4 CMakeFiles/ehsm_fw.elf.dir/src/service/aead/aead_srv.c.obj
 .text.aead_ccm_get_key.constprop.0
                0x10012150      0x10c CMakeFiles/ehsm_fw.elf.dir/src/service/aead/aead_srv.c.obj
 .text.ccm_rctx_switch_ctx
                0x1001225c       0xb0 CMakeFiles/ehsm_fw.elf.dir/src/service/aead/aead_srv.c.obj
 .text.aead_gcm_get_key.constprop.0
                0x1001230c      0x10c CMakeFiles/ehsm_fw.elf.dir/src/service/aead/aead_srv.c.obj
 .text.gcm_rctx_switch_ctx
                0x10012418       0xb0 CMakeFiles/ehsm_fw.elf.dir/src/service/aead/aead_srv.c.obj
 .text.gcm_srv_onepass
                0x100124c8      0x470 CMakeFiles/ehsm_fw.elf.dir/src/service/aead/aead_srv.c.obj
 .text.ccm_update
                0x10012938      0x1a4 CMakeFiles/ehsm_fw.elf.dir/src/service/aead/aead_srv.c.obj
 .text.ccm_init
                0x10012adc      0x272 CMakeFiles/ehsm_fw.elf.dir/src/service/aead/aead_srv.c.obj
 .text.gcm_update
                0x10012d4e      0x128 CMakeFiles/ehsm_fw.elf.dir/src/service/aead/aead_srv.c.obj
 .text.gcm_init
                0x10012e76      0x1ea CMakeFiles/ehsm_fw.elf.dir/src/service/aead/aead_srv.c.obj
 .text.aead_srv_gcm_init
                0x10013060        0xa CMakeFiles/ehsm_fw.elf.dir/src/service/aead/aead_srv.c.obj
                0x10013060                aead_srv_gcm_init
 .text.aead_srv_gcm_handler
                0x1001306a      0x2dc CMakeFiles/ehsm_fw.elf.dir/src/service/aead/aead_srv.c.obj
                0x1001306a                aead_srv_gcm_handler
 .text.aead_srv_ccm_init
                0x10013346        0xa CMakeFiles/ehsm_fw.elf.dir/src/service/aead/aead_srv.c.obj
                0x10013346                aead_srv_ccm_init
 .text.aead_srv_ccm_handler
                0x10013350      0x692 CMakeFiles/ehsm_fw.elf.dir/src/service/aead/aead_srv.c.obj
                0x10013350                aead_srv_ccm_handler
 *fill*         0x100139e2       0x1e 
 .text.emu_int_handler
                0x10013a00       0x42 CMakeFiles/ehsm_fw.elf.dir/src/driver/emu_driver.c.obj
 *fill*         0x10013a42       0x3e 
 .text.emu_exception_handler
                0x10013a80       0x7e CMakeFiles/ehsm_fw.elf.dir/src/driver/emu_driver.c.obj
                0x10013a80                emu_exception_handler
 .text.emu_init
                0x10013afe       0x86 CMakeFiles/ehsm_fw.elf.dir/src/driver/emu_driver.c.obj
                0x10013afe                emu_init
 .text.emu_trigger_fw_error
                0x10013b84       0x3e CMakeFiles/ehsm_fw.elf.dir/src/driver/emu_driver.c.obj
                0x10013b84                emu_trigger_fw_error
 .text.kmu_config
                0x10013bc2       0x5a CMakeFiles/ehsm_fw.elf.dir/src/driver/kmu_driver.c.obj
                0x10013bc2                kmu_config
 .text.kmu_check_key_attr
                0x10013c1c      0x16c CMakeFiles/ehsm_fw.elf.dir/src/driver/kmu_driver.c.obj
                0x10013c1c                kmu_check_key_attr
 .text.kmu_get_keyid_data
                0x10013d88       0x60 CMakeFiles/ehsm_fw.elf.dir/src/driver/kmu_driver.c.obj
                0x10013d88                kmu_get_keyid_data
 *fill*         0x10013de8       0x18 
 .text.mailbox_int_handler
                0x10013e00       0xbe CMakeFiles/ehsm_fw.elf.dir/src/driver/mailbox_driver.c.obj
 .text.mailbox_init
                0x10013ebe       0x8c CMakeFiles/ehsm_fw.elf.dir/src/driver/mailbox_driver.c.obj
                0x10013ebe                mailbox_init
 .text.mailbox_read
                0x10013f4a       0x3c CMakeFiles/ehsm_fw.elf.dir/src/driver/mailbox_driver.c.obj
                0x10013f4a                mailbox_read
 .text.mailbox_write
                0x10013f86       0x40 CMakeFiles/ehsm_fw.elf.dir/src/driver/mailbox_driver.c.obj
                0x10013f86                mailbox_write
 .text.mailbox_read_send_notify
                0x10013fc6       0x2a CMakeFiles/ehsm_fw.elf.dir/src/driver/mailbox_driver.c.obj
                0x10013fc6                mailbox_read_send_notify
 .text.mailbox_set_send_notify
                0x10013ff0       0x26 CMakeFiles/ehsm_fw.elf.dir/src/driver/mailbox_driver.c.obj
                0x10013ff0                mailbox_set_send_notify
 .text.mailbox_read_recv_notify
                0x10014016       0x2a CMakeFiles/ehsm_fw.elf.dir/src/driver/mailbox_driver.c.obj
                0x10014016                mailbox_read_recv_notify
 .text.mailbox_clear_recv_notify
                0x10014040       0x26 CMakeFiles/ehsm_fw.elf.dir/src/driver/mailbox_driver.c.obj
                0x10014040                mailbox_clear_recv_notify
 .text.sysreg_get_soc_verify_alg
                0x10014066        0xc CMakeFiles/ehsm_fw.elf.dir/src/driver/sysreg.c.obj
                0x10014066                sysreg_get_soc_verify_alg
 .text.sysreg_get_soc_upd_alg
                0x10014072        0xe CMakeFiles/ehsm_fw.elf.dir/src/driver/sysreg.c.obj
                0x10014072                sysreg_get_soc_upd_alg
 .text.sysreg_get_fw_upd_alg
                0x10014080        0xe CMakeFiles/ehsm_fw.elf.dir/src/driver/sysreg.c.obj
                0x10014080                sysreg_get_fw_upd_alg
 .text.sysreg_get_fw_verify_alg
                0x1001408e        0xc CMakeFiles/ehsm_fw.elf.dir/src/driver/sysreg.c.obj
                0x1001408e                sysreg_get_fw_verify_alg
 .text.sysreg_set_status
                0x1001409a       0x2c CMakeFiles/ehsm_fw.elf.dir/src/driver/sysreg.c.obj
                0x1001409a                sysreg_set_status
 .text.sysreg_enable_hsm_dbg
                0x100140c6       0x12 CMakeFiles/ehsm_fw.elf.dir/src/driver/sysreg.c.obj
                0x100140c6                sysreg_enable_hsm_dbg
 .text.sysreg_disable_hsm_dbg
                0x100140d8        0xa CMakeFiles/ehsm_fw.elf.dir/src/driver/sysreg.c.obj
                0x100140d8                sysreg_disable_hsm_dbg
 .text.sysreg_enable_soc_dbg
                0x100140e2       0x12 CMakeFiles/ehsm_fw.elf.dir/src/driver/sysreg.c.obj
                0x100140e2                sysreg_enable_soc_dbg
 .text.sysreg_disable_soc_dbg
                0x100140f4        0xa CMakeFiles/ehsm_fw.elf.dir/src/driver/sysreg.c.obj
                0x100140f4                sysreg_disable_soc_dbg
 .text.sysreg_enable_soc_dbg_ext
                0x100140fe       0x14 CMakeFiles/ehsm_fw.elf.dir/src/driver/sysreg.c.obj
                0x100140fe                sysreg_enable_soc_dbg_ext
 .text.sysreg_disable_soc_dbg_ext
                0x10014112       0x18 CMakeFiles/ehsm_fw.elf.dir/src/driver/sysreg.c.obj
                0x10014112                sysreg_disable_soc_dbg_ext
 .text.sysreg_get_life_cycle
                0x1001412a        0xe CMakeFiles/ehsm_fw.elf.dir/src/driver/sysreg.c.obj
                0x1001412a                sysreg_get_life_cycle
 .text.sysreg_get_otpkey_dec_alg
                0x10014138        0xe CMakeFiles/ehsm_fw.elf.dir/src/driver/sysreg.c.obj
                0x10014138                sysreg_get_otpkey_dec_alg
 .text.sysreg_ahb_dma_cfg
                0x10014146       0x14 CMakeFiles/ehsm_fw.elf.dir/src/driver/sysreg.c.obj
                0x10014146                sysreg_ahb_dma_cfg
 *fill*         0x1001415a       0x26 
 .text.uart_int_handler
                0x10014180       0x7e CMakeFiles/ehsm_fw.elf.dir/src/driver/uart_driver.c.obj
 .text.uart_init
                0x100141fe       0x98 CMakeFiles/ehsm_fw.elf.dir/src/driver/uart_driver.c.obj
                0x100141fe                uart_init
 .text.uart_putc
                0x10014296        0xe CMakeFiles/ehsm_fw.elf.dir/src/driver/uart_driver.c.obj
                0x10014296                uart_putc
 .text.uart_getc
                0x100142a4        0xc CMakeFiles/ehsm_fw.elf.dir/src/driver/uart_driver.c.obj
                0x100142a4                uart_getc
 .text.uart_set_baudrate
                0x100142b0       0x14 CMakeFiles/ehsm_fw.elf.dir/src/driver/uart_driver.c.obj
                0x100142b0                uart_set_baudrate
 *fill*         0x100142c4       0x3c 
 .text.watchdog_int_handler
                0x10014300       0x7e CMakeFiles/ehsm_fw.elf.dir/src/driver/watchdog_driver.c.obj
 .text.watchdog_init
                0x1001437e       0x7c CMakeFiles/ehsm_fw.elf.dir/src/driver/watchdog_driver.c.obj
                0x1001437e                watchdog_init
 .text.watchdog_start
                0x100143fa       0x7a CMakeFiles/ehsm_fw.elf.dir/src/driver/watchdog_driver.c.obj
                0x100143fa                watchdog_start
 .text.watchdog_feed
                0x10014474       0x18 CMakeFiles/ehsm_fw.elf.dir/src/driver/watchdog_driver.c.obj
                0x10014474                watchdog_feed
 .text.watchdog_stop
                0x1001448c       0x26 CMakeFiles/ehsm_fw.elf.dir/src/driver/watchdog_driver.c.obj
                0x1001448c                watchdog_stop
 .text.expt_det_init
                0x100144b2        0x4 CMakeFiles/ehsm_fw.elf.dir/src/schedule/expt_det.c.obj
                0x100144b2                expt_det_init
 .text.expt_det_check_before
                0x100144b6        0xa CMakeFiles/ehsm_fw.elf.dir/src/schedule/expt_det.c.obj
                0x100144b6                expt_det_check_before
 .text.expt_det_check_after
                0x100144c0        0x4 CMakeFiles/ehsm_fw.elf.dir/src/schedule/expt_det.c.obj
                0x100144c0                expt_det_check_after
 .text.expt_det_check_idle
                0x100144c4        0x4 CMakeFiles/ehsm_fw.elf.dir/src/schedule/expt_det.c.obj
                0x100144c4                expt_det_check_idle
 .text.expt_det_add_error
                0x100144c8       0xc0 CMakeFiles/ehsm_fw.elf.dir/src/schedule/expt_det.c.obj
                0x100144c8                expt_det_add_error
 .text.expt_det_reset_error
                0x10014588       0x26 CMakeFiles/ehsm_fw.elf.dir/src/schedule/expt_det.c.obj
                0x10014588                expt_det_reset_error
 .text.sch_trans_sch_chl
                0x100145ae       0x32 CMakeFiles/ehsm_fw.elf.dir/src/schedule/schedule.c.obj
 .text.sch_init
                0x100145e0       0x44 CMakeFiles/ehsm_fw.elf.dir/src/schedule/schedule.c.obj
                0x100145e0                sch_init
 .text.sch_start
                0x10014624      0x36c CMakeFiles/ehsm_fw.elf.dir/src/schedule/schedule.c.obj
                0x10014624                sch_start
 .text.sch_add_cmd
                0x10014990       0x46 CMakeFiles/ehsm_fw.elf.dir/src/schedule/schedule.c.obj
                0x10014990                sch_add_cmd
 .text.sch_is_cache_full
                0x100149d6       0x32 CMakeFiles/ehsm_fw.elf.dir/src/schedule/schedule.c.obj
                0x100149d6                sch_is_cache_full
 .text.otp_read
                0x10014a08       0x48 CMakeFiles/ehsm_fw.elf.dir/src/driver/otp/simulate/otp_driver.c.obj
                0x10014a08                otp_read
 .text.otp_write
                0x10014a50       0x52 CMakeFiles/ehsm_fw.elf.dir/src/driver/otp/simulate/otp_driver.c.obj
                0x10014a50                otp_write
 .text.otp_verify
                0x10014aa2       0x7e CMakeFiles/ehsm_fw.elf.dir/src/driver/otp/simulate/otp_driver.c.obj
                0x10014aa2                otp_verify
 .text.clic_init
                0x10014b20       0x2a CMakeFiles/ehsm_fw.elf.dir/src/driver/cpu/m130/driver/src/clic.c.obj
                0x10014b20                clic_init
 .text.clic_int_handler_regist
                0x10014b4a       0x26 CMakeFiles/ehsm_fw.elf.dir/src/driver/cpu/m130/driver/src/clic.c.obj
                0x10014b4a                clic_int_handler_regist
 .text.clic_int_enable
                0x10014b70       0x14 CMakeFiles/ehsm_fw.elf.dir/src/driver/cpu/m130/driver/src/clic.c.obj
                0x10014b70                clic_int_enable
 .text.clic_set_priority
                0x10014b84       0x1c CMakeFiles/ehsm_fw.elf.dir/src/driver/cpu/m130/driver/src/clic.c.obj
                0x10014b84                clic_set_priority
 .text.clic_set_trig_type
                0x10014ba0       0x28 CMakeFiles/ehsm_fw.elf.dir/src/driver/cpu/m130/driver/src/clic.c.obj
                0x10014ba0                clic_set_trig_type
 .text.clic_set_vector_mode
                0x10014bc8       0x1e CMakeFiles/ehsm_fw.elf.dir/src/driver/cpu/m130/driver/src/clic.c.obj
                0x10014bc8                clic_set_vector_mode
 .text.clic_clear_int_pending
                0x10014be6       0x12 CMakeFiles/ehsm_fw.elf.dir/src/driver/cpu/m130/driver/src/clic.c.obj
                0x10014be6                clic_clear_int_pending
 .text.clic_get_irq_handler
                0x10014bf8       0x10 CMakeFiles/ehsm_fw.elf.dir/src/driver/cpu/m130/driver/src/clic.c.obj
                0x10014bf8                clic_get_irq_handler
 .text.cpu_register_int
                0x10014c08       0x8c CMakeFiles/ehsm_fw.elf.dir/src/driver/cpu/m130/port/port_m130.c.obj
                0x10014c08                cpu_register_int
 .text.cpu_enable_int
                0x10014c94       0x50 CMakeFiles/ehsm_fw.elf.dir/src/driver/cpu/m130/port/port_m130.c.obj
                0x10014c94                cpu_enable_int
 .text.cpu_enter_critical
                0x10014ce4        0x6 CMakeFiles/ehsm_fw.elf.dir/src/driver/cpu/m130/port/port_m130.c.obj
                0x10014ce4                cpu_enter_critical
 .text.cpu_exit_critical
                0x10014cea        0x6 CMakeFiles/ehsm_fw.elf.dir/src/driver/cpu/m130/port/port_m130.c.obj
                0x10014cea                cpu_exit_critical
 .text.cpu_platform_init
                0x10014cf0       0x26 CMakeFiles/ehsm_fw.elf.dir/src/driver/cpu/m130/port/port_m130.c.obj
                0x10014cf0                cpu_platform_init
 .text.fid_panic_loop
                0x10014d16       0x14 CMakeFiles/ehsm_fw.elf.dir/fid_lib/src/fid.c.obj
                0x10014d16                fid_panic_loop
 .text.fid_panic
                0x10014d2a       0x10 CMakeFiles/ehsm_fw.elf.dir/fid_lib/src/fid.c.obj
                0x10014d2a                fid_panic
 .text.fid_set_u32
                0x10014d3a       0x10 CMakeFiles/ehsm_fw.elf.dir/fid_lib/src/fid.c.obj
                0x10014d3a                fid_set_u32
 .text.fid_get_u32
                0x10014d4a       0x2e CMakeFiles/ehsm_fw.elf.dir/fid_lib/src/fid.c.obj
                0x10014d4a                fid_get_u32
 .text.fid_inc_u32
                0x10014d78       0x14 CMakeFiles/ehsm_fw.elf.dir/fid_lib/src/fid.c.obj
                0x10014d78                fid_inc_u32
 .text.fid_delay
                0x10014d8c       0x3c CMakeFiles/ehsm_fw.elf.dir/fid_lib/src/fid.c.obj
                0x10014d8c                fid_delay
 .text.Big_Div2n_n_less_than_32
                0x10014dc8       0x5c libosrcrypto.a(utility.c.obj)
 .text.get_valid_words.part.0
                0x10014e24       0x22 libosrcrypto.a(utility.c.obj)
 .text.memcpy_  0x10014e46       0x60 libosrcrypto.a(utility.c.obj)
                0x10014e46                memcpy_
 .text.memset_  0x10014ea6       0x76 libosrcrypto.a(utility.c.obj)
                0x10014ea6                memset_
 .text.memcmp_  0x10014f1c       0x2c libosrcrypto.a(utility.c.obj)
                0x10014f1c                memcmp_
 .text.uint32_set
                0x10014f48       0x16 libosrcrypto.a(utility.c.obj)
                0x10014f48                uint32_set
 .text.uint32_copy
                0x10014f5e       0x1e libosrcrypto.a(utility.c.obj)
                0x10014f5e                uint32_copy
 .text.uint32_copy_8_words
                0x10014f7c       0x26 libosrcrypto.a(utility.c.obj)
                0x10014f7c                uint32_copy_8_words
 .text.uint32_clear
                0x10014fa2       0x24 libosrcrypto.a(utility.c.obj)
                0x10014fa2                uint32_clear
 .text.uint32_clear_8_words
                0x10014fc6       0x24 libosrcrypto.a(utility.c.obj)
                0x10014fc6                uint32_clear_8_words
 .text.uint32_sleep
                0x10014fea       0x46 libosrcrypto.a(utility.c.obj)
                0x10014fea                uint32_sleep
 .text.reverse_byte_array
                0x10015030       0x52 libosrcrypto.a(utility.c.obj)
                0x10015030                reverse_byte_array
 .text.u8big_to_u32little_256bits
                0x10015082       0xf6 libosrcrypto.a(utility.c.obj)
                0x10015082                u8big_to_u32little_256bits
 .text.u8big_to_u32little_256bits_self
                0x10015178      0x160 libosrcrypto.a(utility.c.obj)
                0x10015178                u8big_to_u32little_256bits_self
 .text.u32little_to_u8big_256bits
                0x100152d8       0xf6 libosrcrypto.a(utility.c.obj)
                0x100152d8                u32little_to_u8big_256bits
 .text.uint8_XOR
                0x100153ce       0x2e libosrcrypto.a(utility.c.obj)
                0x100153ce                uint8_XOR
 .text.get_valid_bits
                0x100153fc       0x54 libosrcrypto.a(utility.c.obj)
                0x100153fc                get_valid_bits
 .text.get_valid_words
                0x10015450        0x8 libosrcrypto.a(utility.c.obj)
                0x10015450                get_valid_words
 .text.uint8_BigNum_Check_Zero
                0x10015458       0x1c libosrcrypto.a(utility.c.obj)
                0x10015458                uint8_BigNum_Check_Zero
 .text.uint32_BigNum_Check_Zero
                0x10015474       0x1c libosrcrypto.a(utility.c.obj)
                0x10015474                uint32_BigNum_Check_Zero
 .text.uint8_big_num_big_endian_add_little
                0x10015490       0x54 libosrcrypto.a(utility.c.obj)
                0x10015490                uint8_big_num_big_endian_add_little
 .text.uint32_big_num_little_endian_add_little
                0x100154e4       0x42 libosrcrypto.a(utility.c.obj)
                0x100154e4                uint32_big_num_little_endian_add_little
 .text.uint32_BigNumCmp
                0x10015526       0x96 libosrcrypto.a(utility.c.obj)
                0x10015526                uint32_BigNumCmp
 .text.Big_Div2n
                0x100155bc       0x92 libosrcrypto.a(utility.c.obj)
                0x100155bc                Big_Div2n
 .text.Bigint_Check_1
                0x1001564e       0x34 libosrcrypto.a(utility.c.obj)
                0x1001564e                Bigint_Check_1
 .text.uint32_integer_check
                0x10015682       0x58 libosrcrypto.a(utility.c.obj)
                0x10015682                uint32_integer_check
 .text.uint32_cmp_sec
                0x100156da       0x4e libosrcrypto.a(utility_sec.c.obj)
                0x100156da                uint32_cmp_sec
 .text.hash_set_last_block.part.0
                0x10015728       0x12 libosrcrypto.a(hash_basic.c.obj)
 .text.hash_get_version
                0x1001573a        0xa libosrcrypto.a(hash_basic.c.obj)
                0x1001573a                hash_get_version
 .text.hash_get_driver_version
                0x10015744        0xa libosrcrypto.a(hash_basic.c.obj)
                0x10015744                hash_get_driver_version
 .text.hash_set_cpu_mode
                0x1001574e       0x10 libosrcrypto.a(hash_basic.c.obj)
                0x1001574e                hash_set_cpu_mode
 .text.hash_set_dma_mode
                0x1001575e        0xe libosrcrypto.a(hash_basic.c.obj)
                0x1001575e                hash_set_dma_mode
 .text.hash_set_hash_mode
                0x1001576c        0xc libosrcrypto.a(hash_basic.c.obj)
                0x1001576c                hash_set_hash_mode
 .text.hash_set_hmac_mode
                0x10015778        0xe libosrcrypto.a(hash_basic.c.obj)
                0x10015778                hash_set_hmac_mode
 .text.hash_set_hmac_key_mode
                0x10015786       0x12 libosrcrypto.a(hash_basic.c.obj)
                0x10015786                hash_set_hmac_key_mode
 .text.hash_clear_hmac_key_mode
                0x10015798       0x10 libosrcrypto.a(hash_basic.c.obj)
                0x10015798                hash_clear_hmac_key_mode
 .text.hash_clear_risr
                0x100157a8        0xc libosrcrypto.a(hash_basic.c.obj)
                0x100157a8                hash_clear_risr
 .text.hash_set_hmac_key_cnt
                0x100157b4        0x8 libosrcrypto.a(hash_basic.c.obj)
                0x100157b4                hash_set_hmac_key_cnt
 .text.hash_set_hmac_key_len
                0x100157bc        0x8 libosrcrypto.a(hash_basic.c.obj)
                0x100157bc                hash_set_hmac_key_len
 .text.hash_hmac_key_opr_one_block
                0x100157c4       0x68 libosrcrypto.a(hash_basic.c.obj)
                0x100157c4                hash_hmac_key_opr_one_block
 .text.hash_set_alg
                0x1001582c       0x12 libosrcrypto.a(hash_basic.c.obj)
                0x1001582c                hash_set_alg
 .text.hash_check_whether_sha3_alg
                0x1001583e        0x8 libosrcrypto.a(hash_basic.c.obj)
                0x1001583e                hash_check_whether_sha3_alg
 .text.hash_update_config
                0x10015846       0x2c libosrcrypto.a(hash_basic.c.obj)
                0x10015846                hash_update_config
 .text.hash_hmac_sp_key_opr
                0x10015872       0x4c libosrcrypto.a(hash_basic.c.obj)
                0x10015872                hash_hmac_sp_key_opr
 .text.hash_disable_cpu_interruption
                0x100158be        0xc libosrcrypto.a(hash_basic.c.obj)
                0x100158be                hash_disable_cpu_interruption
 .text.hash_disable_dma_interruption
                0x100158ca        0xc libosrcrypto.a(hash_basic.c.obj)
                0x100158ca                hash_disable_dma_interruption
 .text.hash_set_dma_output_len
                0x100158d6        0xa libosrcrypto.a(hash_basic.c.obj)
                0x100158d6                hash_set_dma_output_len
 .text.hash_set_last_block
                0x100158e0       0x1a libosrcrypto.a(hash_basic.c.obj)
                0x100158e0                hash_set_last_block
 .text.hash_set_endian_uint32
                0x100158fa        0xe libosrcrypto.a(hash_basic.c.obj)
                0x100158fa                hash_set_endian_uint32
 .text.hash_hmac_enable_secure_port
                0x10015908        0xe libosrcrypto.a(hash_basic.c.obj)
                0x10015908                hash_hmac_enable_secure_port
 .text.hash_hmac_disable_secure_port
                0x10015916        0xe libosrcrypto.a(hash_basic.c.obj)
                0x10015916                hash_hmac_disable_secure_port
 .text.hash_get_iterator
                0x10015924       0x7c libosrcrypto.a(hash_basic.c.obj)
                0x10015924                hash_get_iterator
 .text.hash_set_iterator
                0x100159a0       0x48 libosrcrypto.a(hash_basic.c.obj)
                0x100159a0                hash_set_iterator
 .text.hash_set_msg_len
                0x100159e8       0x34 libosrcrypto.a(hash_basic.c.obj)
                0x100159e8                hash_set_msg_len
 .text.hash_set_msg_total_bit_len
                0x10015a1c       0x4c libosrcrypto.a(hash_basic.c.obj)
                0x10015a1c                hash_set_msg_total_bit_len
 .text.hash_start
                0x10015a68       0x14 libosrcrypto.a(hash_basic.c.obj)
                0x10015a68                hash_start
 .text.hash_wait_till_done
                0x10015a7c        0xe libosrcrypto.a(hash_basic.c.obj)
                0x10015a7c                hash_wait_till_done
 .text.hash_input_msg_u8
                0x10015a8a       0xae libosrcrypto.a(hash_basic.c.obj)
                0x10015a8a                hash_input_msg_u8
 .text.hash_hmac_key_opr_longer_than_one_block
                0x10015b38       0x44 libosrcrypto.a(hash_basic.c.obj)
                0x10015b38                hash_hmac_key_opr_longer_than_one_block
 .text.hash_dma_operate
                0x10015b7c       0x68 libosrcrypto.a(hash_basic.c.obj)
                0x10015b7c                hash_dma_operate
 .text.pke_get_version
                0x10015be4        0xa libosrcrypto.a(pke.c.obj)
                0x10015be4                pke_get_version
 .text.pke_get_driver_version
                0x10015bee        0xa libosrcrypto.a(pke.c.obj)
                0x10015bee                pke_get_driver_version
 .text.pke_set_operand_width
                0x10015bf8       0x70 libosrcrypto.a(pke.c.obj)
                0x10015bf8                pke_set_operand_width
 .text.pke_get_operand_bytes
                0x10015c68       0x24 libosrcrypto.a(pke.c.obj)
                0x10015c68                pke_get_operand_bytes
 .text.pke_set_micro_code_start_wait_return_code
                0x10015c8c       0x2c libosrcrypto.a(pke.c.obj)
                0x10015c8c                pke_set_micro_code_start_wait_return_code
 .text.ed25519_pointMul_internal.part.0
                0x10015cb8       0x90 libosrcrypto.a(pke.c.obj)
 .text.ed25519_pointAdd_internal.part.0
                0x10015d48       0x9e libosrcrypto.a(pke.c.obj)
 .text.pke_modinv_internal
                0x10015de6       0x7a libosrcrypto.a(pke.c.obj)
                0x10015de6                pke_modinv_internal
 .text.pke_modinv_256bits
                0x10015e60       0x4a libosrcrypto.a(pke.c.obj)
                0x10015e60                pke_modinv_256bits
 .text.pke_mod_add_sub_mul_internal
                0x10015eaa       0x9a libosrcrypto.a(pke.c.obj)
                0x10015eaa                pke_mod_add_sub_mul_internal
 .text.pke_mod_add_sub_mul_256bits_internal
                0x10015f44       0x60 libosrcrypto.a(pke.c.obj)
                0x10015f44                pke_mod_add_sub_mul_256bits_internal
 .text.pke_modadd_modsub_256bits
                0x10015fa4       0x32 libosrcrypto.a(pke.c.obj)
                0x10015fa4                pke_modadd_modsub_256bits
 .text.pke_add  0x10015fd6       0x2e libosrcrypto.a(pke.c.obj)
                0x10015fd6                pke_add
 .text.pke_sub  0x10016004       0x2e libosrcrypto.a(pke.c.obj)
                0x10016004                pke_sub
 .text.pke_mul_internal
                0x10016032       0xb2 libosrcrypto.a(pke.c.obj)
                0x10016032                pke_mul_internal
 .text.pke_mul  0x100160e4       0x5a libosrcrypto.a(pke.c.obj)
                0x100160e4                pke_mul
 .text.pke_pre_calc_mont
                0x1001613e       0xbe libosrcrypto.a(pke.c.obj)
                0x1001613e                pke_pre_calc_mont
 .text.pke_load_modulus
                0x100161fc       0x70 libosrcrypto.a(pke.c.obj)
                0x100161fc                pke_load_modulus
 .text.pke_modinv
                0x1001626c       0x40 libosrcrypto.a(pke.c.obj)
                0x1001626c                pke_modinv
 .text.pke_modadd
                0x100162ac       0x3c libosrcrypto.a(pke.c.obj)
                0x100162ac                pke_modadd
 .text.pke_load_modulus_and_pre_monts
                0x100162e8       0x86 libosrcrypto.a(pke.c.obj)
                0x100162e8                pke_load_modulus_and_pre_monts
 .text.pke_load_modulus_and_pre_monts_256bits
                0x1001636e       0x48 libosrcrypto.a(pke.c.obj)
                0x1001636e                pke_load_modulus_and_pre_monts_256bits
 .text.pke_set_modulus_and_pre_monts
                0x100163b6        0xe libosrcrypto.a(pke.c.obj)
                0x100163b6                pke_set_modulus_and_pre_monts
 .text.pke_modmul_internal
                0x100163c4       0xba libosrcrypto.a(pke.c.obj)
                0x100163c4                pke_modmul_internal
 .text.pke_modexp_internal
                0x1001647e       0xfa libosrcrypto.a(pke.c.obj)
                0x1001647e                pke_modexp_internal
 .text.pke_modexp_check_input
                0x10016578       0xa0 libosrcrypto.a(pke.c.obj)
                0x10016578                pke_modexp_check_input
 .text.pke_modexp_U8
                0x10016618      0x14e libosrcrypto.a(pke.c.obj)
                0x10016618                pke_modexp_U8
 .text.pke_mod  0x10016766      0x266 libosrcrypto.a(pke.c.obj)
                0x10016766                pke_mod
 .text.eccp_pointMul_Shamir_internal
                0x100169cc      0x1fc libosrcrypto.a(pke.c.obj)
                0x100169cc                eccp_pointMul_Shamir_internal
 .text.eccp_pointMul_Shamir_safe_internal
                0x10016bc8       0x10 libosrcrypto.a(pke.c.obj)
                0x10016bc8                eccp_pointMul_Shamir_safe_internal
 .text.eccp_pointMul_internal
                0x10016bd8      0x184 libosrcrypto.a(pke.c.obj)
                0x10016bd8                eccp_pointMul_internal
 .text.eccp_pointMul.part.0
                0x10016d5c       0x5a libosrcrypto.a(pke.c.obj)
 .text.eccp_pointMul_base.part.0
                0x10016db6      0x14e libosrcrypto.a(pke.c.obj)
 .text.eccp_pointMul_base
                0x10016f04        0xe libosrcrypto.a(pke.c.obj)
                0x10016f04                eccp_pointMul_base
 .text.eccp_pointMul
                0x10016f12        0xc libosrcrypto.a(pke.c.obj)
                0x10016f12                eccp_pointMul
 .text.eccp_pointVerify_internal
                0x10016f1e       0xf4 libosrcrypto.a(pke.c.obj)
                0x10016f1e                eccp_pointVerify_internal
 .text.eccp_check_point_internal.part.0
                0x10017012       0x60 libosrcrypto.a(pke.c.obj)
 .text.eccp_check_point
                0x10017072       0x44 libosrcrypto.a(pke.c.obj)
                0x10017072                eccp_check_point
 .text.eccp_get_pubkey_from_prikey
                0x100170b6      0x122 libosrcrypto.a(pke.c.obj)
                0x100170b6                eccp_get_pubkey_from_prikey
 .text.eccp_getkey
                0x100171d8       0x9e libosrcrypto.a(pke.c.obj)
                0x100171d8                eccp_getkey
 .text.x25519_pointMul
                0x10017276       0x8a libosrcrypto.a(pke.c.obj)
                0x10017276                x25519_pointMul
 .text.x25519_ed25519_decode_scalar
                0x10017300       0x3e libosrcrypto.a(pke.c.obj)
                0x10017300                x25519_ed25519_decode_scalar
 .text.pke_modexp_256bits_internal
                0x1001733e       0x52 libosrcrypto.a(pke.c.obj)
                0x1001733e                pke_modexp_256bits_internal
 .text.ed25519_decode_point_internal
                0x10017390      0x27c libosrcrypto.a(pke.c.obj)
                0x10017390                ed25519_decode_point_internal
 .text.ed25519_pointMul_internal
                0x1001760c        0xc libosrcrypto.a(pke.c.obj)
                0x1001760c                ed25519_pointMul_internal
 .text.ed25519_pointAdd_internal
                0x10017618        0xc libosrcrypto.a(pke.c.obj)
                0x10017618                ed25519_pointAdd_internal
 .text.pke_load_operand
                0x10017624       0x1e libosrcrypto.a(pke_common.c.obj)
                0x10017624                pke_load_operand
 .text.pke_load_operand_256bits
                0x10017642       0x26 libosrcrypto.a(pke_common.c.obj)
                0x10017642                pke_load_operand_256bits
 .text.pke_read_operand
                0x10017668       0x1e libosrcrypto.a(pke_common.c.obj)
                0x10017668                pke_read_operand
 .text.pke_read_operand_256bits
                0x10017686       0x26 libosrcrypto.a(pke_common.c.obj)
                0x10017686                pke_read_operand_256bits
 .text.pke_load_operand_U8
                0x100176ac       0x6c libosrcrypto.a(pke_common.c.obj)
                0x100176ac                pke_load_operand_U8
 .text.pke_read_operand_U8
                0x10017718       0x62 libosrcrypto.a(pke_common.c.obj)
                0x10017718                pke_read_operand_U8
 .text.pke_set_operand_uint32_value
                0x1001777a       0x1e libosrcrypto.a(pke_common.c.obj)
                0x1001777a                pke_set_operand_uint32_value
 .text.pke_set_operand_uint32_value_256bits
                0x10017798       0x22 libosrcrypto.a(pke_common.c.obj)
                0x10017798                pke_set_operand_uint32_value_256bits
 .text.ske_wait_till_done.part.0
                0x100177ba       0x3a libosrcrypto.a(ske_basic.c.obj)
 .text.ske_get_version
                0x100177f4        0xa libosrcrypto.a(ske_basic.c.obj)
                0x100177f4                ske_get_version
 .text.ske_get_driver_version
                0x100177fe        0xa libosrcrypto.a(ske_basic.c.obj)
                0x100177fe                ske_get_driver_version
 .text.ske_set_secure_port
                0x10017808        0xe libosrcrypto.a(ske_basic.c.obj)
                0x10017808                ske_set_secure_port
 .text.ske_clear_cfg
                0x10017816        0xa libosrcrypto.a(ske_basic.c.obj)
                0x10017816                ske_clear_cfg
 .text.ske_set_cpu_mode
                0x10017820       0x10 libosrcrypto.a(ske_basic.c.obj)
                0x10017820                ske_set_cpu_mode
 .text.ske_set_dma_mode
                0x10017830        0xe libosrcrypto.a(ske_basic.c.obj)
                0x10017830                ske_set_dma_mode
 .text.ske_disable_dma_linked_list
                0x1001783e       0x10 libosrcrypto.a(ske_basic.c.obj)
                0x1001783e                ske_disable_dma_linked_list
 .text.ske_set_endian_uint32
                0x1001784e       0x12 libosrcrypto.a(ske_basic.c.obj)
                0x1001784e                ske_set_endian_uint32
 .text.ske_set_crypto
                0x10017860       0x1a libosrcrypto.a(ske_basic.c.obj)
                0x10017860                ske_set_crypto
 .text.ske_set_alg
                0x1001787a       0x2a libosrcrypto.a(ske_basic.c.obj)
                0x1001787a                ske_set_alg
 .text.ske_set_mode
                0x100178a4       0x16 libosrcrypto.a(ske_basic.c.obj)
                0x100178a4                ske_set_mode
 .text.ske_set_last_block
                0x100178ba       0x24 libosrcrypto.a(ske_basic.c.obj)
                0x100178ba                ske_set_last_block
 .text.ske_set_last_block_len
                0x100178de       0x16 libosrcrypto.a(ske_basic.c.obj)
                0x100178de                ske_set_last_block_len
 .text.ske_start
                0x100178f4       0x14 libosrcrypto.a(ske_basic.c.obj)
                0x100178f4                ske_start
 .text.ske_wait_till_done
                0x10017908       0x10 libosrcrypto.a(ske_basic.c.obj)
                0x10017908                ske_wait_till_done
 .text.ske_set_key_uint32
                0x10017918       0x38 libosrcrypto.a(ske_basic.c.obj)
                0x10017918                ske_set_key_uint32
 .text.ske_set_iv_uint32
                0x10017950       0x24 libosrcrypto.a(ske_basic.c.obj)
                0x10017950                ske_set_iv_uint32
 .text.ske_set_aad_len_uint32
                0x10017974       0x10 libosrcrypto.a(ske_basic.c.obj)
                0x10017974                ske_set_aad_len_uint32
 .text.ske_set_aad_total_len_uint32
                0x10017984       0x14 libosrcrypto.a(ske_basic.c.obj)
                0x10017984                ske_set_aad_total_len_uint32
 .text.ske_set_c_len_uint32
                0x10017998       0x10 libosrcrypto.a(ske_basic.c.obj)
                0x10017998                ske_set_c_len_uint32
 .text.ske_set_c_total_len_uint32
                0x100179a8       0x14 libosrcrypto.a(ske_basic.c.obj)
                0x100179a8                ske_set_c_total_len_uint32
 .text.ske_set_padding
                0x100179bc       0x1a libosrcrypto.a(ske_basic.c.obj)
                0x100179bc                ske_set_padding
 .text.ske_set_payload_stage