Archive member included to satisfy reference by file (symbol)

libehsm_host.a(api.c.obj)     CMakeFiles/ehsm_speed_test.dir/speed_test/speed_test_core.c.obj (ehsm_driver_init_library)
libehsm_host.a(uart_stdout.c.obj)
                              CMakeFiles/ehsm_speed_test.dir/port/osr/m130/port/sys_call.c.obj (UartPutc)
libehsm_host.a(ehsm_host_port.c.obj)
                              libehsm_host.a(api.c.obj) (ehsm_port_addr_to_raddr)
libehsm_host.a(crt0.S.obj)    (_start)
libehsm_host.a(mailbox.c.obj)
                              libehsm_host.a(api.c.obj) (ehsm_mb_init)
libehsm_host.a(port_m130.c.obj)
                              libehsm_host.a(ehsm_host_port.c.obj) (cpu_register_int)
libehsm_host.a(clic.c.obj)    libehsm_host.a(port_m130.c.obj) (clic_init)
H:/work/tools/VS-CODE/wing-gcc-window-v1.10/bin/../lib/gcc/riscv32-wing-elf/14.1.0\libgcc_nano.a(adddf3.o)
                              CMakeFiles/ehsm_speed_test.dir/speed_test/test_aead_speed.c.obj (__adddf3)
H:/work/tools/VS-CODE/wing-gcc-window-v1.10/bin/../lib/gcc/riscv32-wing-elf/14.1.0\libgcc_nano.a(divdf3.o)
                              CMakeFiles/ehsm_speed_test.dir/speed_test/speed_test_core.c.obj (__divdf3)
H:/work/tools/VS-CODE/wing-gcc-window-v1.10/bin/../lib/gcc/riscv32-wing-elf/14.1.0\libgcc_nano.a(gedf2.o)
                              CMakeFiles/ehsm_speed_test.dir/speed_test/test_aead_speed.c.obj (__gedf2)
H:/work/tools/VS-CODE/wing-gcc-window-v1.10/bin/../lib/gcc/riscv32-wing-elf/14.1.0\libgcc_nano.a(ledf2.o)
                              CMakeFiles/ehsm_speed_test.dir/speed_test/speed_test_core.c.obj (__ledf2)
H:/work/tools/VS-CODE/wing-gcc-window-v1.10/bin/../lib/gcc/riscv32-wing-elf/14.1.0\libgcc_nano.a(muldf3.o)
                              CMakeFiles/ehsm_speed_test.dir/speed_test/speed_test_core.c.obj (__muldf3)
H:/work/tools/VS-CODE/wing-gcc-window-v1.10/bin/../lib/gcc/riscv32-wing-elf/14.1.0\libgcc_nano.a(subdf3.o)
                              CMakeFiles/ehsm_speed_test.dir/speed_test/test_aead_speed.c.obj (__subdf3)
H:/work/tools/VS-CODE/wing-gcc-window-v1.10/bin/../lib/gcc/riscv32-wing-elf/14.1.0\libgcc_nano.a(fixunsdfsi.o)
                              CMakeFiles/ehsm_speed_test.dir/speed_test/speed_test_core.c.obj (__fixunsdfsi)
H:/work/tools/VS-CODE/wing-gcc-window-v1.10/bin/../lib/gcc/riscv32-wing-elf/14.1.0\libgcc_nano.a(floatunsidf.o)
                              CMakeFiles/ehsm_speed_test.dir/speed_test/speed_test_core.c.obj (__floatunsidf)
H:/work/tools/VS-CODE/wing-gcc-window-v1.10/bin/../lib/gcc/riscv32-wing-elf/14.1.0\libgcc_nano.a(_clzsi2.o)
                              H:/work/tools/VS-CODE/wing-gcc-window-v1.10/bin/../lib/gcc/riscv32-wing-elf/14.1.0\libgcc_nano.a(adddf3.o) (__clzsi2)
H:/work/tools/VS-CODE/wing-gcc-window-v1.10/bin/../lib/gcc/riscv32-wing-elf/14.1.0\libgcc_nano.a(_clz.o)
                              H:/work/tools/VS-CODE/wing-gcc-window-v1.10/bin/../lib/gcc/riscv32-wing-elf/14.1.0\libgcc_nano.a(_clzsi2.o) (__clz_tab)
H:/work/tools/VS-CODE/wing-gcc-window-v1.10/bin/../lib/gcc/riscv32-wing-elf/14.1.0/../../../../riscv32-wing-elf/lib\libc.a(libc_a-malloc.o)
                              CMakeFiles/ehsm_speed_test.dir/speed_test/test_pke_cipher_speed.c.obj (malloc)
H:/work/tools/VS-CODE/wing-gcc-window-v1.10/bin/../lib/gcc/riscv32-wing-elf/14.1.0/../../../../riscv32-wing-elf/lib\libc.a(libc_a-mallocr.o)
                              H:/work/tools/VS-CODE/wing-gcc-window-v1.10/bin/../lib/gcc/riscv32-wing-elf/14.1.0/../../../../riscv32-wing-elf/lib\libc.a(libc_a-malloc.o) (_malloc_r)
H:/work/tools/VS-CODE/wing-gcc-window-v1.10/bin/../lib/gcc/riscv32-wing-elf/14.1.0/../../../../riscv32-wing-elf/lib\libc.a(libc_a-mlock.o)
                              H:/work/tools/VS-CODE/wing-gcc-window-v1.10/bin/../lib/gcc/riscv32-wing-elf/14.1.0/../../../../riscv32-wing-elf/lib\libc.a(libc_a-mallocr.o) (__malloc_lock)
H:/work/tools/VS-CODE/wing-gcc-window-v1.10/bin/../lib/gcc/riscv32-wing-elf/14.1.0/../../../../riscv32-wing-elf/lib\libc.a(libc_a-printf.o)
                              CMakeFiles/ehsm_speed_test.dir/speed_test/main.c.obj (printf)
H:/work/tools/VS-CODE/wing-gcc-window-v1.10/bin/../lib/gcc/riscv32-wing-elf/14.1.0/../../../../riscv32-wing-elf/lib\libc.a(libc_a-snprintf.o)
                              CMakeFiles/ehsm_speed_test.dir/speed_test/test_mac_speed.c.obj (snprintf)
H:/work/tools/VS-CODE/wing-gcc-window-v1.10/bin/../lib/gcc/riscv32-wing-elf/14.1.0/../../../../riscv32-wing-elf/lib\libc.a(libc_a-sscanf.o)
                              CMakeFiles/ehsm_speed_test.dir/speed_test/test_pke_cipher_speed.c.obj (sscanf)
H:/work/tools/VS-CODE/wing-gcc-window-v1.10/bin/../lib/gcc/riscv32-wing-elf/14.1.0/../../../../riscv32-wing-elf/lib\libc.a(libc_a-stdio.o)
                              H:/work/tools/VS-CODE/wing-gcc-window-v1.10/bin/../lib/gcc/riscv32-wing-elf/14.1.0/../../../../riscv32-wing-elf/lib\libc.a(libc_a-sscanf.o) (__seofread)
[...]
Memory Configuration

Name             Origin             Length             Attributes
flash            0x10000000         0x00080000         axr
ram              0x20000000         0x00010000         arw
*default*        0x00000000         0xffffffff

Linker script and memory map

LOAD CMakeFiles/ehsm_speed_test.dir/speed_test/main.c.obj
LOAD CMakeFiles/ehsm_speed_test.dir/speed_test/speed_test_core.c.obj
LOAD CMakeFiles/ehsm_speed_test.dir/speed_test/test_aead_speed.c.obj
LOAD CMakeFiles/ehsm_speed_test.dir/speed_test/test_chacha_speed.c.obj
LOAD CMakeFiles/ehsm_speed_test.dir/speed_test/test_hash_speed.c.obj
LOAD CMakeFiles/ehsm_speed_test.dir/speed_test/test_mac_speed.c.obj
LOAD CMakeFiles/ehsm_speed_test.dir/speed_test/test_pke_cipher_speed.c.obj
LOAD CMakeFiles/ehsm_speed_test.dir/speed_test/test_pke_speed.c.obj
LOAD CMakeFiles/ehsm_speed_test.dir/speed_test/test_ske_speed.c.obj
LOAD CMakeFiles/ehsm_speed_test.dir/port/osr/m130/port/sys_call.c.obj
LOAD libehsm_host.a
LOAD H:/work/tools/VS-CODE/wing-gcc-window-v1.10/bin/../lib/gcc/riscv32-wing-elf/14.1.0\libgcc_nano.a
START GROUP
LOAD H:/work/tools/VS-CODE/wing-gcc-window-v1.10/bin/../lib/gcc/riscv32-wing-elf/14.1.0/../../../../riscv32-wing-elf/lib\libc.a
END GROUP
LOAD H:/work/tools/VS-CODE/wing-gcc-window-v1.10/bin/../lib/gcc/riscv32-wing-elf/14.1.0\libgcc_nano.a
START GROUP
LOAD H:/work/tools/VS-CODE/wing-gcc-window-v1.10/bin/../lib/gcc/riscv32-wing-elf/14.1.0\libgcc_nano.a
LOAD H:/work/tools/VS-CODE/wing-gcc-window-v1.10/bin/../lib/gcc/riscv32-wing-elf/14.1.0/../../../../riscv32-wing-elf/lib\libc.a
LOAD H:/work/tools/VS-CODE/wing-gcc-window-v1.10/bin/../lib/gcc/riscv32-wing-elf/14.1.0/../../../../riscv32-wing-elf/lib\libnosys.a
END GROUP
                0x10000000                        __ROM_BASE = 0x10000000
                0x00080000                        __ROM_SIZE = 0x80000
                0x20000000                        __ILM_RAM_BASE = 0x20000000
                0x00008000                        __ILM_RAM_SIZE = 0x8000
                0x20000000                        __RAM_BASE = 0x20000000
                0x00010000                        __RAM_SIZE = 0x10000
                0x00008000                        __STACK_SIZE = 0x8000
                0x00001000                        __HEAP_SIZE = 0x1000

.init           0x10000000       0x8c
 *(.vtable)
 *(SORT_NONE(.init))
 .init          0x10000000       0x8c libehsm_host.a(crt0.S.obj)
                0x10000000                _start
                0x10000080                default_intexc_handler

.ilalign        0x1000008c        0x0
                0x1000008c                        . = ALIGN (0x4)
 *fill*         0x1000008c        0x0 
                [!provide]                        PROVIDE (_ilm_lma = .)

.ialign         0x1000008c        0x0
                [!provide]                        PROVIDE (_ilm = .)

.text           0x100000c0    0x1504c
 *(.text.unlikely .text.unlikely.*)
 *(.text.startup .text.startup.*)
 .text.startup.main
                0x100000c0      0x2d6 CMakeFiles/ehsm_speed_test.dir/speed_test/main.c.obj
                0x100000c0                main
 *(.text .text.*)
 .text.reset_ehsm_wait_ready
                0x10000396       0x1c CMakeFiles/ehsm_speed_test.dir/speed_test/main.c.obj
                0x10000396                reset_ehsm_wait_ready
 .text.strcmp   0x100003b2       0x34 CMakeFiles/ehsm_speed_test.dir/speed_test/main.c.obj
                0x100003b2                strcmp
 .text.strlen   0x100003e6       0x1a CMakeFiles/ehsm_speed_test.dir/speed_test/main.c.obj
                0x100003e6                strlen
 .text.get_algo_id_by_name
                0x10000400       0x56 CMakeFiles/ehsm_speed_test.dir/speed_test/speed_test_core.c.obj
                0x10000400                get_algo_id_by_name
 .text.calculate_speed_mbps
                0x10000456       0x94 CMakeFiles/ehsm_speed_test.dir/speed_test/speed_test_core.c.obj
                0x10000456                calculate_speed_mbps
 .text.calculate_speed_tps
                0x100004ea       0x50 CMakeFiles/ehsm_speed_test.dir/speed_test/speed_test_core.c.obj
                0x100004ea                calculate_speed_tps
 .text.speed_test_init
                0x1000053a      0x14e CMakeFiles/ehsm_speed_test.dir/speed_test/speed_test_core.c.obj
                0x1000053a                speed_test_init
 .text.speed_test_cleanup
                0x10000688       0x4e CMakeFiles/ehsm_speed_test.dir/speed_test/speed_test_core.c.obj
                0x10000688                speed_test_cleanup
 .text.speed_test_log_result
                0x100006d6      0x27e CMakeFiles/ehsm_speed_test.dir/speed_test/speed_test_core.c.obj
                0x100006d6                speed_test_log_result
 .text.speed_test_setup_ehsm
                0x10000954       0x32 CMakeFiles/ehsm_speed_test.dir/speed_test/speed_test_core.c.obj
                0x10000954                speed_test_setup_ehsm
 .text.test_aead_speed
                0x10000986      0x426 CMakeFiles/ehsm_speed_test.dir/speed_test/test_aead_speed.c.obj
                0x10000986                test_aead_speed
 .text.test_chacha_speed
                0x10000dac      0x260 CMakeFiles/ehsm_speed_test.dir/speed_test/test_chacha_speed.c.obj
                0x10000dac                test_chacha_speed
 .text.test_hash_speed
                0x1000100c      0x25e CMakeFiles/ehsm_speed_test.dir/speed_test/test_hash_speed.c.obj
                0x1000100c                test_hash_speed
 .text.test_mac_speed
                0x1000126a      0x81e CMakeFiles/ehsm_speed_test.dir/speed_test/test_mac_speed.c.obj
                0x1000126a                test_mac_speed
 .text.test_pke_cipher_speed
                0x10001a88      0x82a CMakeFiles/ehsm_speed_test.dir/speed_test/test_pke_cipher_speed.c.obj
                0x10001a88                test_pke_cipher_speed
 .text.test_sm2_single
                0x100022b2      0x2b4 CMakeFiles/ehsm_speed_test.dir/speed_test/test_pke_speed.c.obj
 .text.test_ecdsa_single
                0x10002566      0x458 CMakeFiles/ehsm_speed_test.dir/speed_test/test_pke_speed.c.obj
 .text.test_rsa_single
                0x100029be      0x4d0 CMakeFiles/ehsm_speed_test.dir/speed_test/test_pke_speed.c.obj
 .text.test_pke_speed
                0x10002e8e      0x120 CMakeFiles/ehsm_speed_test.dir/speed_test/test_pke_speed.c.obj
                0x10002e8e                test_pke_speed
 .text.test_ske_speed
                0x10002fae      0x450 CMakeFiles/ehsm_speed_test.dir/speed_test/test_ske_speed.c.obj
                0x10002fae                test_ske_speed
 .text._fstat   0x100033fe       0x1e CMakeFiles/ehsm_speed_test.dir/port/osr/m130/port/sys_call.c.obj
                0x100033fe                _fstat
 .text._exit    0x1000341c        0x2 CMakeFiles/ehsm_speed_test.dir/port/osr/m130/port/sys_call.c.obj
                0x1000341c                _exit
 .text._close   0x1000341e        0xe CMakeFiles/ehsm_speed_test.dir/port/osr/m130/port/sys_call.c.obj
                0x1000341e                _close
 .text._lseek   0x1000342c        0x4 CMakeFiles/ehsm_speed_test.dir/port/osr/m130/port/sys_call.c.obj
                0x1000342c                _lseek
 .text._isatty  0x10003430        0x4 CMakeFiles/ehsm_speed_test.dir/port/osr/m130/port/sys_call.c.obj
                0x10003430                _isatty
 .text._read    0x10003434       0x5a CMakeFiles/ehsm_speed_test.dir/port/osr/m130/port/sys_call.c.obj
                0x10003434                _read
 .text._kill    0x1000348e        0xe CMakeFiles/ehsm_speed_test.dir/port/osr/m130/port/sys_call.c.obj
                0x1000348e                _kill
 .text._getpid  0x1000349c        0x4 CMakeFiles/ehsm_speed_test.dir/port/osr/m130/port/sys_call.c.obj
                0x1000349c                _getpid
 .text._sbrk    0x100034a0       0x2a CMakeFiles/ehsm_speed_test.dir/port/osr/m130/port/sys_call.c.obj
                0x100034a0                _sbrk
 .text._write   0x100034ca       0x3c CMakeFiles/ehsm_speed_test.dir/port/osr/m130/port/sys_call.c.obj
                0x100034ca                _write
 .text.ehsm_mb_int
                0x10003506      0x144 libehsm_host.a(api.c.obj)
 .text.ehsm_send_cmd
                0x1000364a      0x122 libehsm_host.a(api.c.obj)
 .text.ehsm_driver_init_library
                0x1000376c       0x3c libehsm_host.a(api.c.obj)
                0x1000376c                ehsm_driver_init_library
 .text.ehsm_ctx_init
                0x100037a8       0x6c libehsm_host.a(api.c.obj)
                0x100037a8                ehsm_ctx_init
 .text.ehsm_hash_onepass
                0x10003814      0x150 libehsm_host.a(api.c.obj)
                0x10003814                ehsm_hash_onepass
 .text.ehsm_hmac_onepass_gen
                0x10003964      0x16e libehsm_host.a(api.c.obj)
                0x10003964                ehsm_hmac_onepass_gen
 .text.ehsm_mac_onepass_gen
                0x10003ad2      0x1da libehsm_host.a(api.c.obj)
                0x10003ad2                ehsm_mac_onepass_gen
 .text.ehsm_symm_cipher_onepass
                0x10003cac      0x20e libehsm_host.a(api.c.obj)
                0x10003cac                ehsm_symm_cipher_onepass
 .text.ehsm_sm2_cipher
                0x10003eba      0x16e libehsm_host.a(api.c.obj)
                0x10003eba                ehsm_sm2_cipher
 .text.ehsm_sm2_sign_onepass_ex
                0x10004028      0x1e8 libehsm_host.a(api.c.obj)
                0x10004028                ehsm_sm2_sign_onepass_ex
 .text.ehsm_rsa_cipher
                0x10004210      0x16e libehsm_host.a(api.c.obj)
                0x10004210                ehsm_rsa_cipher
 .text.ehsm_rsa_sign_onepass_ex
                0x1000437e      0x21c libehsm_host.a(api.c.obj)
                0x1000437e                ehsm_rsa_sign_onepass_ex
 .text.ehsm_ecdsa_onepass_ex
                0x1000459a      0x204 libehsm_host.a(api.c.obj)
                0x1000459a                ehsm_ecdsa_onepass_ex
 .text.ehsm_chacha_onepass_enc
                0x1000479e      0x2be libehsm_host.a(api.c.obj)
                0x1000479e                ehsm_chacha_onepass_enc
 .text.ehsm_aead_onepass_enc
                0x10004a5c      0x350 libehsm_host.a(api.c.obj)
                0x10004a5c                ehsm_aead_onepass_enc
 .text.ehsm_aead_onepass_dec
                0x10004dac      0x350 libehsm_host.a(api.c.obj)
                0x10004dac                ehsm_aead_onepass_dec
 .text.ehsm_km_gen_key
                0x100050fc      0x16a libehsm_host.a(api.c.obj)
                0x100050fc                ehsm_km_gen_key
 .text.ehsm_km_import_key
                0x10005266      0x1a0 libehsm_host.a(api.c.obj)
                0x10005266                ehsm_km_import_key
 .text.UartStdOutInit
                0x10005406       0x2e libehsm_host.a(uart_stdout.c.obj)
                0x10005406                UartStdOutInit
 .text.UartPutc
                0x10005434        0xe libehsm_host.a(uart_stdout.c.obj)
                0x10005434                UartPutc
 .text.UartGetc
                0x10005442        0xc libehsm_host.a(uart_stdout.c.obj)
                0x10005442                UartGetc
 .text.init_mtime
                0x1000544e       0x1e libehsm_host.a(ehsm_host_port.c.obj)
 .text.get_time_tick
                0x1000546c       0x16 libehsm_host.a(ehsm_host_port.c.obj)
                0x1000546c                get_time_tick
 *fill*         0x10005482       0x3e 
 .text.MAILBOX_0_Handler
                0x100054c0       0x82 libehsm_host.a(ehsm_host_port.c.obj)
                0x100054c0                MAILBOX_0_Handler
 *fill*         0x10005542       0x3e 
 .text.MAILBOX_1_Handler
                0x10005580       0x82 libehsm_host.a(ehsm_host_port.c.obj)
                0x10005580                MAILBOX_1_Handler
 .text.ehsm_port_addr_to_raddr
                0x10005602        0x4 libehsm_host.a(ehsm_host_port.c.obj)
                0x10005602                ehsm_port_addr_to_raddr
 .text.ehsm_port_raddr_to_addr
                0x10005606        0x2 libehsm_host.a(ehsm_host_port.c.obj)
                0x10005606                ehsm_port_raddr_to_addr
 .text.ehsm_port_flush_and_invalidate_cache
                0x10005608        0x2 libehsm_host.a(ehsm_host_port.c.obj)
                0x10005608                ehsm_port_flush_and_invalidate_cache
 .text.ehsm_port_enable_mailbox_int
                0x1000560a       0x60 libehsm_host.a(ehsm_host_port.c.obj)
                0x1000560a                ehsm_port_enable_mailbox_int
 .text.ehsm_port_reset_ehsm
                0x1000566a       0x1c libehsm_host.a(ehsm_host_port.c.obj)
                0x1000566a                ehsm_port_reset_ehsm
 .text.ehsm_port_write_otp
                0x10005686       0x2a libehsm_host.a(ehsm_host_port.c.obj)
                0x10005686                ehsm_port_write_otp
 .text.ehsm_port_create_timer
                0x100056b0        0x6 libehsm_host.a(ehsm_host_port.c.obj)
                0x100056b0                ehsm_port_create_timer
 .text.ehsm_port_is_timeout
                0x100056b6        0x4 libehsm_host.a(ehsm_host_port.c.obj)
                0x100056b6                ehsm_port_is_timeout
 .text.ehsm_port_init
                0x100056ba       0x1c libehsm_host.a(ehsm_host_port.c.obj)
                0x100056ba                ehsm_port_init
 .text.ehsm_port_get_time_ms
                0x100056d6       0x2e libehsm_host.a(ehsm_host_port.c.obj)
                0x100056d6                ehsm_port_get_time_ms
 .text.ehsm_port_memory_barrier_write
                0x10005704        0x6 libehsm_host.a(ehsm_host_port.c.obj)
                0x10005704                ehsm_port_memory_barrier_write
 .text.ehsm_port_memory_barrier_read
                0x1000570a        0x6 libehsm_host.a(ehsm_host_port.c.obj)
                0x1000570a                ehsm_port_memory_barrier_read
 .text.ehsm_port_enter_critical
                0x10005710        0x6 libehsm_host.a(ehsm_host_port.c.obj)
                0x10005710                ehsm_port_enter_critical
 .text.ehsm_port_exit_critical
                0x10005716        0x6 libehsm_host.a(ehsm_host_port.c.obj)
                0x10005716                ehsm_port_exit_critical
 .text.ehsm_mb_int_handler
                0x1000571c       0x48 libehsm_host.a(mailbox.c.obj)
                0x1000571c                ehsm_mb_int_handler
 .text.ehsm_mb_init
                0x10005764       0xb8 libehsm_host.a(mailbox.c.obj)
                0x10005764                ehsm_mb_init
 .text.ehsm_mb_send
                0x1000581c       0x92 libehsm_host.a(mailbox.c.obj)
                0x1000581c                ehsm_mb_send
 .text.ehsm_mb_poll
                0x100058ae       0x64 libehsm_host.a(mailbox.c.obj)
                0x100058ae                ehsm_mb_poll
 .text.cpu_register_int
                0x10005912       0x62 libehsm_host.a(port_m130.c.obj)
                0x10005912                cpu_register_int
 .text.cpu_enable_int
                0x10005974       0x38 libehsm_host.a(port_m130.c.obj)
                0x10005974                cpu_enable_int
 .text.cpu_platform_init
                0x100059ac       0x18 libehsm_host.a(port_m130.c.obj)
                0x100059ac                cpu_platform_init
 .text.clic_init
                0x100059c4       0x2a libehsm_host.a(clic.c.obj)
                0x100059c4                clic_init
 .text.clic_int_handler_regist
                0x100059ee       0x1a libehsm_host.a(clic.c.obj)
                0x100059ee                clic_int_handler_regist
 .text.clic_int_enable
                0x10005a08       0x14 libehsm_host.a(clic.c.obj)
                0x10005a08                clic_int_enable
 .text.clic_set_priority
                0x10005a1c       0x12 libehsm_host.a(clic.c.obj)
                0x10005a1c                clic_set_priority
 .text.clic_set_trig_type
                0x10005a2e       0x28 libehsm_host.a(clic.c.obj)
                0x10005a2e                clic_set_trig_type
 .text.clic_set_vector_mode
                0x10005a56       0x1e libehsm_host.a(clic.c.obj)
                0x10005a56                clic_set_vector_mode
 .text.clic_clear_int_pending
                0x10005a74       0x12 libehsm_host.a(clic.c.obj)
                0x10005a74                clic_clear_int_pending
 .text.clic_get_irq_handler
                0x10005a86       0x10 libehsm_host.a(clic.c.obj)
                0x10005a86                clic_get_irq_handler
 .text          0x10005a96      0x5c4 H:/work/tools/VS-CODE/wing-gcc-window-v1.10/bin/../lib/gcc/riscv32-wing-elf/14.1.0\libgcc_nano.a(adddf3.o)
                0x10005a96                __adddf3
 .text          0x1000605a      0x51c H:/work/tools/VS-CODE/wing-gcc-window-v1.10/bin/../lib/gcc/riscv32-wing-elf/14.1.0\libgcc_nano.a(divdf3.o)
                0x1000605a                __divdf3
 .text          0x10006576       0xa0 H:/work/tools/VS-CODE/wing-gcc-window-v1.10/bin/../lib/gcc/riscv32-wing-elf/14.1.0\libgcc_nano.a(gedf2.o)
                0x10006576                __gedf2
                0x10006576                __gtdf2
 .text          0x10006616       0xa0 H:/work/tools/VS-CODE/wing-gcc-window-v1.10/bin/../lib/gcc/riscv32-wing-elf/14.1.0\libgcc_nano.a(ledf2.o)
                0x10006616                __ledf2
                0x10006616                __ltdf2
 .text          0x100066b6      0x440 H:/work/tools/VS-CODE/wing-gcc-window-v1.10/bin/../lib/gcc/riscv32-wing-elf/14.1.0\libgcc_nano.a(muldf3.o)
                0x100066b6                __muldf3
 .text          0x10006af6      0x5d6 H:/work/tools/VS-CODE/wing-gcc-window-v1.10/bin/../lib/gcc/riscv32-wing-elf/14.1.0\libgcc_nano.a(subdf3.o)
                0x10006af6                __subdf3
 .text          0x100070cc       0x62 H:/work/tools/VS-CODE/wing-gcc-window-v1.10/bin/../lib/gcc/riscv32-wing-elf/14.1.0\libgcc_nano.a(fixunsdfsi.o)
                0x100070cc                __fixunsdfsi
 .text          0x1000712e       0x4c H:/work/tools/VS-CODE/wing-gcc-window-v1.10/bin/../lib/gcc/riscv32-wing-elf/14.1.0\libgcc_nano.a(floatunsidf.o)
                0x1000712e                __floatunsidf
 .text          0x1000717a       0x3c H:/work/tools/VS-CODE/wing-gcc-window-v1.10/bin/../lib/gcc/riscv32-wing-elf/14.1.0\libgcc_nano.a(_clzsi2.o)
                0x1000717a                __clzsi2
 .text.malloc   0x100071b6        0x8 H:/work/tools/VS-CODE/wing-gcc-window-v1.10/bin/../lib/gcc/riscv32-wing-elf/14.1.0/../../../../riscv32-wing-elf/lib\libc.a(libc_a-malloc.o)
                0x100071b6                malloc
 .text.free     0x100071be        0xa H:/work/tools/VS-CODE/wing-gcc-window-v1.10/bin/../lib/gcc/riscv32-wing-elf/14.1.0/../../../../riscv32-wing-elf/lib\libc.a(libc_a-malloc.o)
                0x100071be                free
 .text._malloc_r
                0x100071c8      0x5ce H:/work/tools/VS-CODE/wing-gcc-window-v1.10/bin/../lib/gcc/riscv32-wing-elf/14.1.0/../../../../riscv32-wing-elf/lib\libc.a(libc_a-mallocr.o)
                0x100071c8                _malloc_r
 .text.__malloc_lock
                0x10007796        0x2 H:/work/tools/VS-CODE/wing-gcc-window-v1.10/bin/../lib/gcc/riscv32-wing-elf/14.1.0/../../../../riscv32-wing-elf/lib\libc.a(libc_a-mlock.o)
                0x10007796                __malloc_lock
 .text.__malloc_unlock
                0x10007798        0x2 H:/work/tools/VS-CODE/wing-gcc-window-v1.10/bin/../lib/gcc/riscv32-wing-elf/14.1.0/../../../../riscv32-wing-elf/lib\libc.a(libc_a-mlock.o)
                0x10007798                __malloc_unlock
 .text.printf   0x1000779a       0x28 H:/work/tools/VS-CODE/wing-gcc-window-v1.10/bin/../lib/gcc/riscv32-wing-elf/14.1.0/../../../../riscv32-wing-elf/lib\libc.a(libc_a-printf.o)
                0x1000779a                printf
 .text.snprintf
                0x100077c2       0x9a H:/work/tools/VS-CODE/wing-gcc-window-v1.10/bin/../lib/gcc/riscv32-wing-elf/14.1.0/../../../../riscv32-wing-elf/lib\libc.a(libc_a-snprintf.o)
                0x100077c2                snprintf
 .text.sscanf   0x1000785c       0x52 H:/work/tools/VS-CODE/wing-gcc-window-v1.10/bin/../lib/gcc/riscv32-wing-elf/14.1.0/../../../../riscv32-wing-elf/lib\libc.a(libc_a-sscanf.o)
                0x1000785c                sscanf
 .text.__sread  0x100078ae       0x36 H:/work/tools/VS-CODE/wing-gcc-window-v1.10/bin/../lib/gcc/riscv32-wing-elf/14.1.0/../../../../riscv32-wing-elf/lib\libc.a(libc_a-stdio.o)
                0x100078ae                __sread
 .text.__seofread
                0x100078e4        0x4 H:/work/tools/VS-CODE/wing-gcc-window-v1.10/bin/../lib/gcc/riscv32-wing-elf/14.1.0/../../../../riscv32-wing-elf/lib\libc.a(libc_a-stdio.o)
                0x100078e4                __seofread
 .text.__swrite
                0x100078e8       0x50 H:/work/tools/VS-CODE/wing-gcc-window-v1.10/bin/../lib/gcc/riscv32-wing-elf/14.1.0/../../../../riscv32-wing-elf/lib\libc.a(libc_a-stdio.o)
                0x100078e8                __swrite
 .text.__sseek  0x10007938       0x3c H:/work/tools/VS-CODE/wing-gcc-window-v1.10/bin/../lib/gcc/riscv32-wing-elf/14.1.0/../../../../riscv32-wing-elf/lib\libc.a(libc_a-stdio.o)
                0x10007938                __sseek
 .text.__sclose
                0x10007974        0x6 H:/work/tools/VS-CODE/wing-gcc-window-v1.10/bin/../lib/gcc/riscv32-wing-elf/14.1.0/../../../../riscv32-wing-elf/lib\libc.a(libc_a-stdio.o)
                0x10007974                __sclose
 .text.strcat   0x1000797a       0x68 H:/work/tools/VS-CODE/wing-gcc-window-v1.10/bin/../lib/gcc/riscv32-wing-elf/14.1.0/../../../../riscv32-wing-elf/lib\libc.a(libc_a-strcat.o)
                0x1000797a                strcat
 .text.strncpy  0x100079e2       0x76 H:/work/tools/VS-CODE/wing-gcc-window-v1.10/bin/../lib/gcc/riscv32-wing-elf/14.1.0/../../../../riscv32-wing-elf/lib\libc.a(libc_a-strncpy.o)
                0x100079e2                strncpy
 .text.critical_factorization
                0x10007a58       0xce H:/work/tools/VS-CODE/wing-gcc-window-v1.10/bin/../lib/gcc/riscv32-wing-elf/14.1.0/../../../../riscv32-wing-elf/lib\libc.a(libc_a-strstr.o)
 .text.two_way_long_needle
                0x10007b26      0x274 H:/work/tools/VS-CODE/wing-gcc-window-v1.10/bin/../lib/gcc/riscv32-wing-elf/14.1.0/../../../../riscv32-wing-elf/lib\libc.a(libc_a-strstr.o)
 .text.strstr   0x10007d9a      0x1c2 H:/work/tools/VS-CODE/wing-gcc-window-v1.10/bin/../lib/gcc/riscv32-wing-elf/14.1.0/../../../../riscv32-wing-elf/lib\libc.a(libc_a-strstr.o)
                0x10007d9a                strstr
 .text._close_r
                0x10007f5c       0x3a H:/work/tools/VS-CODE/wing-gcc-window-v1.10/bin/../lib/gcc/riscv32-wing-elf/14.1.0/../../../../riscv32-wing-elf/lib\libc.a(libc_a-closer.o)
                0x10007f5c                _close_r
 .text._lseek_r
                0x10007f96       0x40 H:/work/tools/VS-CODE/wing-gcc-window-v1.10/bin/../lib/gcc/riscv32-wing-elf/14.1.0/../../../../riscv32-wing-elf/lib\libc.a(libc_a-lseekr.o)
                0x10007f96                _lseek_r
 .text._read_r  0x10007fd6       0x40 H:/work/tools/VS-CODE/wing-gcc-window-v1.10/bin/../lib/gcc/riscv32-wing-elf/14.1.0/../../../../riscv32-wing-elf/lib\libc.a(libc_a-readr.o)
                0x10007fd6                _read_r
 .text._sbrk_r  0x10008016       0x3a H:/work/tools/VS-CODE/wing-gcc-window-v1.10/bin/../lib/gcc/riscv32-wing-elf/14.1.0/../../../../riscv32-wing-elf/lib\libc.a(libc_a-sbrkr.o)
                0x10008016                _sbrk_r
 .text._write_r
                0x10008050       0x40 H:/work/tools/VS-CODE/wing-gcc-window-v1.10/bin/../lib/gcc/riscv32-wing-elf/14.1.0/../../../../riscv32-wing-elf/lib\libc.a(libc_a-writer.o)
                0x10008050                _write_r
 .text.isatty   0x10008090        0x4 H:/work/tools/VS-CODE/wing-gcc-window-v1.10/bin/../lib/gcc/riscv32-wing-elf/14.1.0/../../../../riscv32-wing-elf/lib\libc.a(libc_a-sysisatty.o)
                0x10008090                isatty
 .text          0x10008094       0xa6 H:/work/tools/VS-CODE/wing-gcc-window-v1.10/bin/../lib/gcc/riscv32-wing-elf/14.1.0/../../../../riscv32-wing-elf/lib\libc.a(libc_a-memset.o)
                0x10008094                memset
 .text.memcpy   0x1000813a       0xee H:/work/tools/VS-CODE/wing-gcc-window-v1.10/bin/../lib/gcc/riscv32-wing-elf/14.1.0/../../../../riscv32-wing-elf/lib\libc.a(libc_a-memcpy.o)
                0x1000813a                memcpy
 .text.strcpy   0x10008228       0x76 H:/work/tools/VS-CODE/wing-gcc-window-v1.10/bin/../lib/gcc/riscv32-wing-elf/14.1.0/../../../../riscv32-wing-elf/lib\libc.a(libc_a-strcpy.o)
                0x10008228                strcpy
 .text._malloc_trim_r
                0x1000829e       0xcc H:/work/tools/VS-CODE/wing-gcc-window-v1.10/bin/../lib/gcc/riscv32-wing-elf/14.1.0/../../../../riscv32-wing-elf/lib\libc.a(libc_a-freer.o)
                0x1000829e                _malloc_trim_r
 .text._free_r  0x1000836a      0x230 H:/work/tools/VS-CODE/wing-gcc-window-v1.10/bin/../lib/gcc/riscv32-wing-elf/14.1.0/../../../../riscv32-wing-elf/lib\libc.a(libc_a-freer.o)
                0x1000836a                _free_r
 .text._strtoul_l.isra.0
                0x1000859a      0x150 H:/work/tools/VS-CODE/wing-gcc-window-v1.10/bin/../lib/gcc/riscv32-wing-elf/14.1.0/../../../../riscv32-wing-elf/lib\libc.a(libc_a-strtoul.o)
 .text._strtoul_r
                0x100086ea        0x4 H:/work/tools/VS-CODE/wing-gcc-window-v1.10/bin/../lib/gcc/riscv32-wing-elf/14.1.0/../../../../riscv32-wing-elf/lib\libc.a(libc_a-strtoul.o)
                0x100086ea                _strtoul_r
 .text._sungetc_r
                0x100086ee       0xa4 H:/work/tools/VS-CODE/wing-gcc-window-v1.10/bin/../lib/gcc/riscv32-wing-elf/14.1.0/../../../../riscv32-wing-elf/lib\libc.a(libc_a-svfiscanf.o)
                0x100086ee                _sungetc_r
 .text.__ssrefill_r
                0x10008792       0x46 H:/work/tools/VS-CODE/wing-gcc-window-v1.10/bin/../lib/gcc/riscv32-wing-elf/14.1.0/../../../../riscv32-wing-elf/lib\libc.a(libc_a-svfiscanf.o)
                0x10008792                __ssrefill_r
 .text._sfread_r
                0x100087d8       0xe4 H:/work/tools/VS-CODE/wing-gcc-window-v1.10/bin/../lib/gcc/riscv32-wing-elf/14.1.0/../../../../riscv32-wing-elf/lib\libc.a(libc_a-svfiscanf.o)
                0x100087d8                _sfread_r
 .text._svfprintf_r
                0x100088bc     0x212c H:/work/tools/VS-CODE/wing-gcc-window-v1.10/bin/../lib/gcc/riscv32-wing-elf/14.1.0/../../../../riscv32-wing-elf/lib\libc.a(libc_a-svfprintf.o)
                0x100088bc                _svfprintf_r
 .text.__ssvfscanf_r
                0x1000a9e8     0x1af2 H:/work/tools/VS-CODE/wing-gcc-window-v1.10/bin/../lib/gcc/riscv32-wing-elf/14.1.0/../../../../riscv32-wing-elf/lib\libc.a(libc_a-svfscanf.o)
                0x1000a9e8                __ssvfscanf_r
 .text._vfprintf_r
                0x1000c4da     0x2142 H:/work/tools/VS-CODE/wing-gcc-window-v1.10/bin/../lib/gcc/riscv32-wing-elf/14.1.0/../../../../riscv32-wing-elf/lib\libc.a(libc_a-vfprintf.o)
                0x1000c4da                _vfprintf_r
 .text.__sbprintf
                0x1000e61c       0x8c H:/work/tools/VS-CODE/wing-gcc-window-v1.10/bin/../lib/gcc/riscv32-wing-elf/14.1.0/../../../../riscv32-wing-elf/lib\libc.a(libc_a-vfprintf.o)
 .text.__sprint_r
                0x1000e6a8       0x2c H:/work/tools/VS-CODE/wing-gcc-window-v1.10/bin/../lib/gcc/riscv32-wing-elf/14.1.0/../../../../riscv32-wing-elf/lib\libc.a(libc_a-sprint_r.o)
                0x1000e6a8                __sprint_r
 .text.__ssprint_r
                0x1000e6d4       0x8e H:/work/tools/VS-CODE/wing-gcc-window-v1.10/bin/../lib/gcc/riscv32-wing-elf/14.1.0/../../../../riscv32-wing-elf/lib\libc.a(libc_a-ssprint_r.o)
                0x1000e6d4                __ssprint_r
 .text.__sflush_r
                0x1000e762      0x198 H:/work/tools/VS-CODE/wing-gcc-window-v1.10/bin/../lib/gcc/riscv32-wing-elf/14.1.0/../../../../riscv32-wing-elf/lib\libc.a(libc_a-fflush.o)
                0x1000e762                __sflush_r
 .text._fflush_r
                0x1000e8fa       0x32 H:/work/tools/VS-CODE/wing-gcc-window-v1.10/bin/../lib/gcc/riscv32-wing-elf/14.1.0/../../../../riscv32-wing-elf/lib\libc.a(libc_a-fflush.o)
                0x1000e8fa                _fflush_r
 .text.stdio_exit_handler
                0x1000e92c       0x1a H:/work/tools/VS-CODE/wing-gcc-window-v1.10/bin/../lib/gcc/riscv32-wing-elf/14.1.0/../../../../riscv32-wing-elf/lib\libc.a(libc_a-findfp.o)
 .text.cleanup_stdio
                0x1000e946       0x44 H:/work/tools/VS-CODE/wing-gcc-window-v1.10/bin/../lib/gcc/riscv32-wing-elf/14.1.0/../../../../riscv32-wing-elf/lib\libc.a(libc_a-findfp.o)
 .text.global_stdio_init.part.0
                0x1000e98a      0x11e H:/work/tools/VS-CODE/wing-gcc-window-v1.10/bin/../lib/gcc/riscv32-wing-elf/14.1.0/../../../../riscv32-wing-elf/lib\libc.a(libc_a-findfp.o)
 .text.__sinit  0x1000eaa8       0x1e H:/work/tools/VS-CODE/wing-gcc-window-v1.10/bin/../lib/gcc/riscv32-wing-elf/14.1.0/../../../../riscv32-wing-elf/lib\libc.a(libc_a-findfp.o)
                0x1000eaa8                __sinit
 .text.__sfp_lock_acquire
                0x1000eac6        0x2 H:/work/tools/VS-CODE/wing-gcc-window-v1.10/bin/../lib/gcc/riscv32-wing-elf/14.1.0/../../../../riscv32-wing-elf/lib\libc.a(libc_a-findfp.o)
                0x1000eac6                __sfp_lock_acquire
 .text.__sfp_lock_release
                0x1000eac8        0x2 H:/work/tools/VS-CODE/wing-gcc-window-v1.10/bin/../lib/gcc/riscv32-wing-elf/14.1.0/../../../../riscv32-wing-elf/lib\libc.a(libc_a-findfp.o)
                0x1000eac8                __sfp_lock_release
 .text.__sfvwrite_r
                0x1000eaca      0x338 H:/work/tools/VS-CODE/wing-gcc-window-v1.10/bin/../lib/gcc/riscv32-wing-elf/14.1.0/../../../../riscv32-wing-elf/lib\libc.a(libc_a-fvwrite.o)
                0x1000eaca                __sfvwrite_r
 .text._fwalk_sglue
                0x1000ee02       0x72 H:/work/tools/VS-CODE/wing-gcc-window-v1.10/bin/../lib/gcc/riscv32-wing-elf/14.1.0/../../../../riscv32-wing-elf/lib\libc.a(libc_a-fwalk.o)
                0x1000ee02                _fwalk_sglue
 .text.__sccl   0x1000ee74       0xae H:/work/tools/VS-CODE/wing-gcc-window-v1.10/bin/../lib/gcc/riscv32-wing-elf/14.1.0/../../../../riscv32-wing-elf/lib\libc.a(libc_a-sccl.o)
                0x1000ee74                __sccl
 .text.sprintf  0x1000ef22       0x46 H:/work/tools/VS-CODE/wing-gcc-window-v1.10/bin/../lib/gcc/riscv32-wing-elf/14.1.0/../../../../riscv32-wing-elf/lib\libc.a(libc_a-sprintf.o)
                0x1000ef22                sprintf
 .text.__submore
                0x1000ef68       0x92 H:/work/tools/VS-CODE/wing-gcc-window-v1.10/bin/../lib/gcc/riscv32-wing-elf/14.1.0/../../../../riscv32-wing-elf/lib\libc.a(libc_a-ungetc.o)
                0x1000ef68                __submore
 .text.__swsetup_r
                0x1000effa      0x11e H:/work/tools/VS-CODE/wing-gcc-window-v1.10/bin/../lib/gcc/riscv32-wing-elf/14.1.0/../../../../riscv32-wing-elf/lib\libc.a(libc_a-wsetup.o)
                0x1000effa                __swsetup_r
 .text.memchr   0x1000f118       0x94 H:/work/tools/VS-CODE/wing-gcc-window-v1.10/bin/../lib/gcc/riscv32-wing-elf/14.1.0/../../../../riscv32-wing-elf/lib\libc.a(libc_a-memchr.o)
                0x1000f118                memchr
 .text.memcmp   0x1000f1ac       0x50 H:/work/tools/VS-CODE/wing-gcc-window-v1.10/bin/../lib/gcc/riscv32-wing-elf/14.1.0/../../../../riscv32-wing-elf/lib\libc.a(libc_a-memcmp.o)
                0x1000f1ac                memcmp
 .text.strchr   0x1000f1fc       0xec H:/work/tools/VS-CODE/wing-gcc-window-v1.10/bin/../lib/gcc/riscv32-wing-elf/14.1.0/../../../../riscv32-wing-elf/lib\libc.a(libc_a-strchr.o)
                0x1000f1fc                strchr
 .text.strncmp  0x1000f2e8       0x78 H:/work/tools/VS-CODE/wing-gcc-window-v1.10/bin/../lib/gcc/riscv32-wing-elf/14.1.0/../../../../riscv32-wing-elf/lib\libc.a(libc_a-strncmp.o)
                0x1000f2e8                strncmp
 .text.strnlen  0x1000f360       0x20 H:/work/tools/VS-CODE/wing-gcc-window-v1.10/bin/../lib/gcc/riscv32-wing-elf/14.1.0/../../../../riscv32-wing-elf/lib\libc.a(libc_a-strnlen.o)
                0x1000f360                strnlen
 .text.__locale_mb_cur_max
                0x1000f380        0xa H:/work/tools/VS-CODE/wing-gcc-window-v1.10/bin/../lib/gcc/riscv32-wing-elf/14.1.0/../../../../riscv32-wing-elf/lib\libc.a(libc_a-locale.o)
                0x1000f380                __locale_mb_cur_max
 .text._localeconv_r
                0x1000f38a        0xa H:/work/tools/VS-CODE/wing-gcc-window-v1.10/bin/../lib/gcc/riscv32-wing-elf/14.1.0/../../../../riscv32-wing-elf/lib\libc.a(libc_a-localeconv.o)
                0x1000f38a                _localeconv_r
 .text.memmove  0x1000f394       0xda H:/work/tools/VS-CODE/wing-gcc-window-v1.10/bin/../lib/gcc/riscv32-wing-elf/14.1.0/../../../../riscv32-wing-elf/lib\libc.a(libc_a-memmove-stub.o)
                0x1000f394                memmove
 .text.nanf     0x1000f46e        0xa H:/work/tools/VS-CODE/wing-gcc-window-v1.10/bin/../lib/gcc/riscv32-wing-elf/14.1.0/../../../../riscv32-wing-elf/lib\libc.a(libm_a-sf_nan.o)
                0x1000f46e                nanf
 .text.frexp    0x1000f478       0x7c H:/work/tools/VS-CODE/wing-gcc-window-v1.10/bin/../lib/gcc/riscv32-wing-elf/14.1.0/../../../../riscv32-wing-elf/lib\libc.a(libm_a-s_frexp.o)
                0x1000f478                frexp
 .text.quorem   0x1000f4f4      0x154 H:/work/tools/VS-CODE/wing-gcc-window-v1.10/bin/../lib/gcc/riscv32-wing-elf/14.1.0/../../../../riscv32-wing-elf/lib\libc.a(libc_a-dtoa.o)
 .text._dtoa_r  0x1000f648     0x10a2 H:/work/tools/VS-CODE/wing-gcc-window-v1.10/bin/../lib/gcc/riscv32-wing-elf/14.1.0/../../../../riscv32-wing-elf/lib\libc.a(libc_a-dtoa.o)
                0x1000f648                _dtoa_r
 .text.__ascii_mbtowc
                0x100106ea       0x40 H:/work/tools/VS-CODE/wing-gcc-window-v1.10/bin/../lib/gcc/riscv32-wing-elf/14.1.0/../../../../riscv32-wing-elf/lib\libc.a(libc_a-mbtowc_r.o)
                0x100106ea                __ascii_mbtowc
 .text._Balloc  0x1001072a       0x5e H:/work/tools/VS-CODE/wing-gcc-window-v1.10/bin/../lib/gcc/riscv32-wing-elf/14.1.0/../../../../riscv32-wing-elf/lib\libc.a(libc_a-mprec.o)
                0x1001072a                _Balloc
 .text._Bfree   0x10010788       0x12 H:/work/tools/VS-CODE/wing-gcc-window-v1.10/bin/../lib/gcc/riscv32-wing-elf/14.1.0/../../../../riscv32-wing-elf/lib\libc.a(libc_a-mprec.o)
                0x10010788                _Bfree
 .text.__multadd
                0x1001079a       0xe6 H:/work/tools/VS-CODE/wing-gcc-window-v1.10/bin/../lib/gcc/riscv32-wing-elf/14.1.0/../../../../riscv32-wing-elf/lib\libc.a(libc_a-mprec.o)
                0x1001079a                __multadd
 .text.__s2b    0x10010880       0xca H:/work/tools/VS-CODE/wing-gcc-window-v1.10/bin/../lib/gcc/riscv32-wing-elf/14.1.0/../../../../riscv32-wing-elf/lib\libc.a(libc_a-mprec.o)
                0x10010880                __s2b
 .text.__hi0bits
                0x1001094a       0x66 H:/work/tools/VS-CODE/wing-gcc-window-v1.10/bin/../lib/gcc/riscv32-wing-elf/14.1.0/../../../../riscv32-wing-elf/lib\libc.a(libc_a-mprec.o)
                0x1001094a                __hi0bits
 .text.__lo0bits
                0x100109b0       0xa0 H:/work/tools/VS-CODE/wing-gcc-window-v1.10/bin/../lib/gcc/riscv32-wing-elf/14.1.0/../../../../riscv32-wing-elf/lib\libc.a(libc_a-mprec.o)
                0x100109b0                __lo0bits
 .text.__i2b    0x10010a50       0x6c H:/work/tools/VS-CODE/wing-gcc-window-v1.10/bin/../lib/gcc/riscv32-wing-elf/14.1.0/../../../../riscv32-wing-elf/lib\libc.a(libc_a-mprec.o)
                0x10010a50                __i2b
 .text.__multiply
                0x10010abc      0x1b2 H:/work/tools/VS-CODE/wing-gcc-window-v1.10/bin/../lib/gcc/riscv32-wing-elf/14.1.0/../../../../riscv32-wing-elf/lib\libc.a(libc_a-mprec.o)
                0x10010abc                __multiply
 .text.__pow5mult
                0x10010c6e       0xe8 H:/work/tools/VS-CODE/wing-gcc-window-v1.10/bin/../lib/gcc/riscv32-wing-elf/14.1.0/../../../../riscv32-wing-elf/lib\libc.a(libc_a-mprec.o)
                0x10010c6e                __pow5mult
 .text.__lshift
                0x10010d56      0x10e H:/work/tools/VS-CODE/wing-gcc-window-v1.10/bin/../lib/gcc/riscv32-wing-elf/14.1.0/../../../../riscv32-wing-elf/lib\libc.a(libc_a-mprec.o)
                0x10010d56                __lshift
 .text.__mcmp   0x10010e64       0x3c H:/work/tools/VS-CODE/wing-gcc-window-v1.10/bin/../lib/gcc/riscv32-wing-elf/14.1.0/../../../../riscv32-wing-elf/lib\libc.a(libc_a-mprec.o)
                0x10010e64                __mcmp
 .text.__mdiff  0x10010ea0      0x1a0 H:/work/tools/VS-CODE/wing-gcc-window-v1.10/bin/../lib/gcc/riscv32-wing-elf/14.1.0/../../../../riscv32-wing-elf/lib\libc.a(libc_a-mprec.o)
                0x10010ea0                __mdiff
 .text.__ulp    0x10011040       0x48 H:/work/tools/VS-CODE/wing-gcc-window-v1.10/bin/../lib/gcc/riscv32-wing-elf/14.1.0/../../../../riscv32-wing-elf/lib\libc.a(libc_a-mprec.o)
                0x10011040                __ulp
 .text.__b2d    0x10011088       0xd4 H:/work/tools/VS-CODE/wing-gcc-window-v1.10/bin/../lib/gcc/riscv32-wing-elf/14.1.0/../../../../riscv32-wing-elf/lib\libc.a(libc_a-mprec.o)
                0x10011088                __b2d
 .text.__d2b    0x1001115c       0xe6 H:/work/tools/VS-CODE/wing-gcc-window-v1.10/bin/../lib/gcc/riscv32-wing-elf/14.1.0/../../../../riscv32-wing-elf/lib\libc.a(libc_a-mprec.o)
                0x1001115c                __d2b
 .text.__ratio  0x10011242       0x60 H:/work/tools/VS-CODE/wing-gcc-window-v1.10/bin/../lib/gcc/riscv32-wing-elf/14.1.0/../../../../riscv32-wing-elf/lib\libc.a(libc_a-mprec.o)
                0x10011242                __ratio
 .text.__copybits
                0x100112a2       0x44 H:/work/tools/VS-CODE/wing-gcc-window-v1.10/bin/../lib/gcc/riscv32-wing-elf/14.1.0/../../../../riscv32-wing-elf/lib\libc.a(libc_a-mprec.o)
                0x100112a2                __copybits
 .text.__any_on
                0x100112e6       0x48 H:/work/tools/VS-CODE/wing-gcc-window-v1.10/bin/../lib/gcc/riscv32-wing-elf/14.1.0/../../../../riscv32-wing-elf/lib\libc.a(libc_a-mprec.o)
                0x100112e6                __any_on
 .text.realloc  0x1001132e        0xc H:/work/tools/VS-CODE/wing-gcc-window-v1.10/bin/../lib/gcc/riscv32-wing-elf/14.1.0/../../../../riscv32-wing-elf/lib\libc.a(libc_a-realloc.o)
                0x1001132e                realloc
 .text._realloc_r
                0x1001133a      0x40e H:/work/tools/VS-CODE/wing-gcc-window-v1.10/bin/../lib/gcc/riscv32-wing-elf/14.1.0/../../../../riscv32-wing-elf/lib\libc.a(libc_a-reallocr.o)
                0x1001133a                _realloc_r
 .text.sulp     0x10011748       0x4e H:/work/tools/VS-CODE/wing-gcc-window-v1.10/bin/../lib/gcc/riscv32-wing-elf/14.1.0/../../../../riscv32-wing-elf/lib\libc.a(libc_a-strtod.o)
 .text._strtod_l
                0x10011796      0xfc0 H:/work/tools/VS-CODE/wing-gcc-window-v1.10/bin/../lib/gcc/riscv32-wing-elf/14.1.0/../../../../riscv32-wing-elf/lib\libc.a(libc_a-strtod.o)
                0x10011796                _strtod_l
 .text._strtod_r
                0x10012756        0xc H:/work/tools/VS-CODE/wing-gcc-window-v1.10/bin/../lib/gcc/riscv32-wing-elf/14.1.0/../../../../riscv32-wing-elf/lib\libc.a(libc_a-strtod.o)
                0x10012756                _strtod_r
 .text._strtol_l.isra.0
                0x10012762      0x164 H:/work/tools/VS-CODE/wing-gcc-window-v1.10/bin/../lib/gcc/riscv32-wing-elf/14.1.0/../../../../riscv32-wing-elf/lib\libc.a(libc_a-strtol.o)
 .text._strtol_r
                0x100128c6        0x4 H:/work/tools/VS-CODE/wing-gcc-window-v1.10/bin/../lib/gcc/riscv32-wing-elf/14.1.0/../../../../riscv32-wing-elf/lib\libc.a(libc_a-strtol.o)
                0x100128c6                _strtol_r
 .text.__ascii_wctomb
                0x100128ca       0x22 H:/work/tools/VS-CODE/wing-gcc-window-v1.10/bin/../lib/gcc/riscv32-wing-elf/14.1.0/../../../../riscv32-wing-elf/lib\libc.a(libc_a-wctomb_r.o)
                0x100128ca                __ascii_wctomb
 .text._strtoll_l.isra.0
                0x100128ec      0x1f2 H:/work/tools/VS-CODE/wing-gcc-window-v1.10/bin/../lib/gcc/riscv32-wing-elf/14.1.0/../../../../riscv32-wing-elf/lib\libc.a(libc_a-strtoll.o)
 .text._strtoll_r
                0x10012ade        0x4 H:/work/tools/VS-CODE/wing-gcc-window-v1.10/bin/../lib/gcc/riscv32-wing-elf/14.1.0/../../../../riscv32-wing-elf/lib\libc.a(libc_a-strtoll.o)
                0x10012ade                _strtoll_r
 .text._strtoull_l.isra.0
                0x10012ae2      0x1f8 H:/work/tools/VS-CODE/wing-gcc-window-v1.10/bin/../lib/gcc/riscv32-wing-elf/14.1.0/../../../../riscv32-wing-elf/lib\libc.a(libc_a-strtoull.o)
 .text._strtoull_r
                0x10012cda        0x4 H:/work/tools/VS-CODE/wing-gcc-window-v1.10/bin/../lib/gcc/riscv32-wing-elf/14.1.0/../../../../riscv32-wing-elf/lib\libc.a(libc_a-strtoull.o)
                0x10012cda                _strtoull_r
 .text._mbrtowc_r
                0x10012cde       0x50 H:/work/tools/VS-CODE/wing-gcc-window-v1.10/bin/../lib/gcc/riscv32-wing-elf/14.1.0/../../../../riscv32-wing-elf/lib\libc.a(libc_a-mbrtowc.o)
                0x10012cde                _mbrtowc_r
 .text.iswspace
                0x10012d2e        0x4 H:/work/tools/VS-CODE/wing-gcc-window-v1.10/bin/../lib/gcc/riscv32-wing-elf/14.1.0/../../../../riscv32-wing-elf/lib\libc.a(libc_a-iswspace.o)
                0x10012d2e                iswspace
 .text.iswspace_l
                0x10012d32       0x1e H:/work/tools/VS-CODE/wing-gcc-window-v1.10/bin/../lib/gcc/riscv32-wing-elf/14.1.0/../../../../riscv32-wing-elf/lib\libc.a(libc_a-iswspace_l.o)
                0x10012d32                iswspace_l
 .text.__ssputs_r
                0x10012d50       0xfe H:/work/tools/VS-CODE/wing-gcc-window-v1.10/bin/../lib/gcc/riscv32-wing-elf/14.1.0/../../../../riscv32-wing-elf/lib\libc.a(libc_a-ssputs_r.o)
                0x10012d50                __ssputs_r
 .text._fclose_r
                0x10012e4e       0xa8 H:/work/tools/VS-CODE/wing-gcc-window-v1.10/bin/../lib/gcc/riscv32-wing-elf/14.1.0/../../../../riscv32-wing-elf/lib\libc.a(libc_a-fclose.o)
                0x10012e4e                _fclose_r
 .text.__smakebuf_r
                0x10012ef6       0xfa H:/work/tools/VS-CODE/wing-gcc-window-v1.10/bin/../lib/gcc/riscv32-wing-elf/14.1.0/../../../../riscv32-wing-elf/lib\libc.a(libc_a-makebuf.o)
                0x10012ef6                __smakebuf_r
 .text._fstat_r
                0x10012ff0       0x3c H:/work/tools/VS-CODE/wing-gcc-window-v1.10/bin/../lib/gcc/riscv32-wing-elf/14.1.0/../../../../riscv32-wing-elf/lib\libc.a(libc_a-fstatr.o)
                0x10012ff0                _fstat_r
 .text._isatty_r
                0x1001302c       0x3a H:/work/tools/VS-CODE/wing-gcc-window-v1.10/bin/../lib/gcc/riscv32-wing-elf/14.1.0/../../../../riscv32-wing-elf/lib\libc.a(libc_a-isattyr.o)
                0x1001302c                _isatty_r
 .text.__errno  0x10013066        0x6 H:/work/tools/VS-CODE/wing-gcc-window-v1.10/bin/../lib/gcc/riscv32-wing-elf/14.1.0/../../../../riscv32-wing-elf/lib\libc.a(libc_a-errno.o)
                0x10013066                __errno
 .text.nan      0x1001306c        0xe H:/work/tools/VS-CODE/wing-gcc-window-v1.10/bin/../lib/gcc/riscv32-wing-elf/14.1.0/../../../../riscv32-wing-elf/lib\libc.a(libm_a-s_nan.o)
                0x1001306c                nan
 .text.__assert_func
                0x1001307a       0x3a H:/work/tools/VS-CODE/wing-gcc-window-v1.10/bin/../lib/gcc/riscv32-wing-elf/14.1.0/../../../../riscv32-wing-elf/lib\libc.a(libc_a-assert.o)
                0x1001307a                __assert_func
 .text._calloc_r
                0x100130b4       0xa8 H:/work/tools/VS-CODE/wing-gcc-window-v1.10/bin/../lib/gcc/riscv32-wing-elf/14.1.0/../../../../riscv32-wing-elf/lib\libc.a(libc_a-callocr.o)
                0x100130b4                _calloc_r
 .text.rshift   0x1001315c       0xa2 H:/work/tools/VS-CODE/wing-gcc-window-v1.10/bin/../lib/gcc/riscv32-wing-elf/14.1.0/../../../../riscv32-wing-elf/lib\libc.a(libc_a-gdtoa-gethex.o)
 .text.__gethex
                0x100131fe      0x676 H:/work/tools/VS-CODE/wing-gcc-window-v1.10/bin/../lib/gcc/riscv32-wing-elf/14.1.0/../../../../riscv32-wing-elf/lib\libc.a(libc_a-gdtoa-gethex.o)
                0x100131fe                __gethex
 .text.__match  0x10013874       0x30 H:/work/tools/VS-CODE/wing-gcc-window-v1.10/bin/../lib/gcc/riscv32-wing-elf/14.1.0/../../../../riscv32-wing-elf/lib\libc.a(libc_a-gdtoa-hexnan.o)
                0x10013874                __match
 .text.__hexnan
                0x100138a4      0x1be H:/work/tools/VS-CODE/wing-gcc-window-v1.10/bin/../lib/gcc/riscv32-wing-elf/14.1.0/../../../../riscv32-wing-elf/lib\libc.a(libc_a-gdtoa-hexnan.o)
                0x100138a4                __hexnan
 .text.fiprintf
                0x10013a62       0x24 H:/work/tools/VS-CODE/wing-gcc-window-v1.10/bin/../lib/gcc/riscv32-wing-elf/14.1.0/../../../../riscv32-wing-elf/lib\libc.a(libc_a-fiprintf.o)
                0x10013a62                fiprintf
 .text._vfiprintf_r
                0x10013a86      0xf30 H:/work/tools/VS-CODE/wing-gcc-window-v1.10/bin/../lib/gcc/riscv32-wing-elf/14.1.0/../../../../riscv32-wing-elf/lib\libc.a(libc_a-vfiprintf.o)
                0x10013a86                _vfiprintf_r
 .text.__sbprintf
                0x100149b6       0x8e H:/work/tools/VS-CODE/wing-gcc-window-v1.10/bin/../lib/gcc/riscv32-wing-elf/14.1.0/../../../../riscv32-wing-elf/lib\libc.a(libc_a-vfiprintf.o)
 .text.abort    0x10014a44        0xe H:/work/tools/VS-CODE/wing-gcc-window-v1.10/bin/../lib/gcc/riscv32-wing-elf/14.1.0/../../../../riscv32-wing-elf/lib\libc.a(libc_a-abort.o)
                0x10014a44                abort
 .text.raise    0x10014a52       0x68 H:/work/tools/VS-CODE/wing-gcc-window-v1.10/bin/../lib/gcc/riscv32-wing-elf/14.1.0/../../../../riscv32-wing-elf/lib\libc.a(libc_a-signal.o)
                0x10014a52                raise
 .text._kill_r  0x10014aba       0x3c H:/work/tools/VS-CODE/wing-gcc-window-v1.10/bin/../lib/gcc/riscv32-wing-elf/14.1.0/../../../../riscv32-wing-elf/lib\libc.a(libc_a-signalr.o)
                0x10014aba                _kill_r
 .text._getpid_r
                0x10014af6        0x4 H:/work/tools/VS-CODE/wing-gcc-window-v1.10/bin/../lib/gcc/riscv32-wing-elf/14.1.0/../../../../riscv32-wing-elf/lib\libc.a(libc_a-signalr.o)
                0x10014af6                _getpid_r
 .text          0x10014afa        0x4 H:/work/tools/VS-CODE/wing-gcc-window-v1.10/bin/../lib/gcc/riscv32-wing-elf/14.1.0\libgcc_nano.a(_udivdi3.o)
                0x10014afa                __udivdi3
 .text          0x10014afe       0x12 H:/work/tools/VS-CODE/wing-gcc-window-v1.10/bin/../lib/gcc/riscv32-wing-elf/14.1.0\libgcc_nano.a(_umoddi3.o)
                0x10014afe                __umoddi3
 .text          0x10014b10       0x6a H:/work/tools/VS-CODE/wing-gcc-window-v1.10/bin/../lib/gcc/riscv32-wing-elf/14.1.0\libgcc_nano.a(eqdf2.o)
                0x10014b10                __nedf2
                0x10014b10                __eqdf2
 .text          0x10014b7a       0x34 H:/work/tools/VS-CODE/wing-gcc-window-v1.10/bin/../lib/gcc/riscv32-wing-elf/14.1.0\libgcc_nano.a(unorddf2.o)
                0x10014b7a                __unorddf2
 .text          0x10014bae       0x64 H:/work/tools/VS-CODE/wing-gcc-window-v1.10/bin/../lib/gcc/riscv32-wing-elf/14.1.0\libgcc_nano.a(fixdfsi.o)
                0x10014bae                __fixdfsi
 .text          0x10014c12       0x66 H:/work/tools/VS-CODE/wing-gcc-window-v1.10/bin/../lib/gcc/riscv32-wing-elf/14.1.0\libgcc_nano.a(floatsidf.o)
                0x10014c12                __floatsidf
 .text          0x10014c78       0x98 H:/work/tools/VS-CODE/wing-gcc-window-v1.10/bin/../lib/gcc/riscv32-wing-elf/14.1.0\libgcc_nano.a(fixdfdi.o)
                0x10014c78                __fixdfdi
 .text          0x10014d10      0x15a H:/work/tools/VS-CODE/wing-gcc-window-v1.10/bin/../lib/gcc/riscv32-wing-elf/14.1.0\libgcc_nano.a(floatdidf.o)
                0x10014d10                __floatdidf
 .text          0x10014e6a       0xf2 H:/work/tools/VS-CODE/wing-gcc-window-v1.10/bin/../lib/gcc/riscv32-wing-elf/14.1.0\libgcc_nano.a(truncdfsf2.o)
                0x10014e6a                __truncdfsf2
 .text          0x10014f5c       0x28 H:/work/tools/VS-CODE/wing-gcc-window-v1.10/bin/../lib/gcc/riscv32-wing-elf/14.1.0\libgcc_nano.a(_lshrdi3.o)
                0x10014f5c                __lshrdi3
 .text          0x10014f84       0x28 H:/work/tools/VS-CODE/wing-gcc-window-v1.10/bin/../lib/gcc/riscv32-wing-elf/14.1.0\libgcc_nano.a(_ashldi3.o)
                0x10014f84                __ashldi3
 .text          0x10014fac      0x116 H:/work/tools/VS-CODE/wing-gcc-window-v1.10/bin/../lib/gcc/riscv32-wing-elf/14.1.0\libgcc_nano.a(wingdiv.o)
                0x10014fac                __wing_div3
 .text          0x100150c2       0x4a H:/work/tools/VS-CODE/wing-gcc-window-v1.10/bin/../lib/gcc/riscv32-wing-elf/14.1.0\libgcc_nano.a(_clzdi2.o)
                0x100150c2                __clzdi2
 *(.gnu.linkonce.t.*)

.rodata         0x10015110     0x586c
                0x10015110                        . = ALIGN (0x4)
 *(.rdata)
 *(.rodata .rodata.*)
 .rodata.main.str1.4
                0x10015110     0x277c CMakeFiles/ehsm_speed_test.dir/speed_test/main.c.obj
                                 0xe3 (size before relaxing)
 .rodata        0x1001788c       0x18 CMakeFiles/ehsm_speed_test.dir/speed_test/main.c.obj
 .rodata.speed_test_init.str1.4
                0x100178a4      0x303 CMakeFiles/ehsm_speed_test.dir/speed_test/speed_test_core.c.obj
 .rodata.speed_test_init
                0x100178a4       0x18 CMakeFiles/ehsm_speed_test.dir/speed_test/speed_test_core.c.obj
 .rodata.speed_test_cleanup.str1.4
                0x100178bc       0x4c CMakeFiles/ehsm_speed_test.dir/speed_test/speed_test_core.c.obj
 .rodata.speed_test_log_result.str1.4
                0x100178bc       0xf7 CMakeFiles/ehsm_speed_test.dir/speed_test/speed_test_core.c.obj
 .rodata.speed_test_setup_ehsm.str1.4
                0x100178bc       0x4f CMakeFiles/ehsm_speed_test.dir/speed_test/speed_test_core.c.obj
 .rodata.str1.4
                0x100178bc      0x29c CMakeFiles/ehsm_speed_test.dir/speed_test/speed_test_core.c.obj
 .rodata.mac_modes
                0x100178bc       0x20 CMakeFiles/ehsm_speed_test.dir/speed_test/speed_test_core.c.obj
                0x100178bc                mac_modes
 .rodata.aead_modes
                0x100178dc       0x18 CMakeFiles/ehsm_speed_test.dir/speed_test/speed_test_core.c.obj
                0x100178dc                aead_modes
 .rodata.key_types
                0x100178f4      0x140 CMakeFiles/ehsm_speed_test.dir/speed_test/speed_test_core.c.obj
                0x100178f4                key_types
 .rodata.hash_algos
                0x10017a34       0x60 CMakeFiles/ehsm_speed_test.dir/speed_test/speed_test_core.c.obj
                0x10017a34                hash_algos
 .rodata.ske_modes
                0x10017a94       0x38 CMakeFiles/ehsm_speed_test.dir/speed_test/speed_test_core.c.obj
                0x10017a94                ske_modes
 .rodata.ske_algos
                0x10017acc       0x40 CMakeFiles/ehsm_speed_test.dir/speed_test/speed_test_core.c.obj
                0x10017acc                ske_algos
 .rodata        0x10017b0c       0x18 CMakeFiles/ehsm_speed_test.dir/speed_test/speed_test_core.c.obj
 .rodata.test_aead_speed.str1.4
                0x10017b24      0x131 CMakeFiles/ehsm_speed_test.dir/speed_test/test_aead_speed.c.obj
 .rodata.test_sizes
                0x10017b24       0x20 CMakeFiles/ehsm_speed_test.dir/speed_test/test_aead_speed.c.obj
 .rodata.test_chacha_speed.str1.4
                0x10017b44       0xd7 CMakeFiles/ehsm_speed_test.dir/speed_test/test_chacha_speed.c.obj
 .rodata.test_sizes
                0x10017b44       0x20 CMakeFiles/ehsm_speed_test.dir/speed_test/test_chacha_speed.c.obj
 .rodata.test_hash_speed.str1.4
                0x10017b64       0xb5 CMakeFiles/ehsm_speed_test.dir/speed_test/test_hash_speed.c.obj
 .rodata.str1.4
                0x10017b64       0x5d CMakeFiles/ehsm_speed_test.dir/speed_test/test_hash_speed.c.obj
 .rodata.test_sizes
                0x10017b64       0x20 CMakeFiles/ehsm_speed_test.dir/speed_test/test_hash_speed.c.obj
 .rodata        0x10017b84       0x2c CMakeFiles/ehsm_speed_test.dir/speed_test/test_hash_speed.c.obj
 .rodata.test_mac_speed.str1.4
                0x10017bb0      0x2dc CMakeFiles/ehsm_speed_test.dir/speed_test/test_mac_speed.c.obj
 .rodata.test_sizes
                0x10017bb0       0x20 CMakeFiles/ehsm_speed_test.dir/speed_test/test_mac_speed.c.obj
 .rodata        0x10017bd0       0x48 CMakeFiles/ehsm_speed_test.dir/speed_test/test_mac_speed.c.obj
 .rodata.test_pke_cipher_speed.str1.4
                0x10017c18     0x1613 CMakeFiles/ehsm_speed_test.dir/speed_test/test_pke_cipher_speed.c.obj
 .rodata.test_sm2_single.str1.4
                0x10017c18       0xbb CMakeFiles/ehsm_speed_test.dir/speed_test/test_pke_speed.c.obj
 .rodata.test_ecdsa_single.str1.4
                0x10017c18      0x1d1 CMakeFiles/ehsm_speed_test.dir/speed_test/test_pke_speed.c.obj
 .rodata.test_rsa_single.str1.4
                0x10017c18      0x1e7 CMakeFiles/ehsm_speed_test.dir/speed_test/test_pke_speed.c.obj
 .rodata.test_pke_speed.str1.4
                0x10017c18       0x54 CMakeFiles/ehsm_speed_test.dir/speed_test/test_pke_speed.c.obj
 .rodata.RSA_KEYS
                0x10017c18       0xc0 CMakeFiles/ehsm_speed_test.dir/speed_test/test_pke_speed.c.obj
 .rodata.rsa_4096_crt_key
                0x10017cd8      0x704 CMakeFiles/ehsm_speed_test.dir/speed_test/test_pke_speed.c.obj
 .rodata.rsa_3072_crt_key
                0x100183dc      0x544 CMakeFiles/ehsm_speed_test.dir/speed_test/test_pke_speed.c.obj
 .rodata.rsa_2048_crt_key
                0x10018920      0x384 CMakeFiles/ehsm_speed_test.dir/speed_test/test_pke_speed.c.obj
 .rodata.rsa_1024_crt_key
                0x10018ca4      0x1c4 CMakeFiles/ehsm_speed_test.dir/speed_test/test_pke_speed.c.obj
 .rodata.rsa_4096_key
                0x10018e68      0x404 CMakeFiles/ehsm_speed_test.dir/speed_test/test_pke_speed.c.obj
 .rodata.rsa_3072_key
                0x1001926c      0x304 CMakeFiles/ehsm_speed_test.dir/speed_test/test_pke_speed.c.obj
 .rodata.rsa_2048_key
                0x10019570      0x204 CMakeFiles/ehsm_speed_test.dir/speed_test/test_pke_speed.c.obj
 .rodata.rsa_1024_key
                0x10019774      0x104 CMakeFiles/ehsm_speed_test.dir/speed_test/test_pke_speed.c.obj
 .rodata        0x10019878       0x4c CMakeFiles/ehsm_speed_test.dir/speed_test/test_pke_speed.c.obj
 .rodata.test_ske_speed.str1.4
                0x100198c4       0xec CMakeFiles/ehsm_speed_test.dir/speed_test/test_ske_speed.c.obj
 .rodata.str1.4
                0x100198c4       0x45 CMakeFiles/ehsm_speed_test.dir/speed_test/test_ske_speed.c.obj
 .rodata.test_sizes
                0x100198c4       0x20 CMakeFiles/ehsm_speed_test.dir/speed_test/test_ske_speed.c.obj
 .rodata        0x100198e4       0x50 CMakeFiles/ehsm_speed_test.dir/speed_test/test_ske_speed.c.obj
 .rodata.ehsm_mb_int
                0x10019934       0x3c libehsm_host.a(api.c.obj)
 .rodata        0x10019970       0x10 libehsm_host.a(ehsm_host_port.c.obj)
 .rodata.CSWTCH.4
                0x10019980        0xc libehsm_host.a(port_m130.c.obj)
 .rodata        0x1001998c       0x3c H:/work/tools/VS-CODE/wing-gcc-window-v1.10/bin/../lib/gcc/riscv32-wing-elf/14.1.0\libgcc_nano.a(divdf3.o)
 .rodata        0x100199c8      0x100 H:/work/tools/VS-CODE/wing-gcc-window-v1.10/bin/../lib/gcc/riscv32-wing-elf/14.1.0\libgcc_nano.a(_clz.o)
                0x100199c8                __clz_tab
 .rodata._ctype_
                0x10019ac8      0x101 H:/work/tools/VS-CODE/wing-gcc-window-v1.10/bin/../lib/gcc/riscv32-wing-elf/14.1.0/../../../../riscv32-wing-elf/lib\libc.a(libc_a-ctype_.o)
                0x10019ac8                _ctype_
 .rodata._svfprintf_r.str1.4
                0x10019bc9       0x42 H:/work/tools/VS-CODE/wing-gcc-window-v1.10/bin/../lib/gcc/riscv32-wing-elf/14.1.0/../../../../riscv32-wing-elf/lib\libc.a(libc_a-svfprintf.o)
 *fill*         0x10019bc9        0x3 
 .rodata._svfprintf_r
                0x10019bcc      0x204 H:/work/tools/VS-CODE/wing-gcc-window-v1.10/bin/../lib/gcc/riscv32-wing-elf/14.1.0/../../../../riscv32-wing-elf/lib\libc.a(libc_a-svfprintf.o)
 .rodata.zeroes.0
                0x10019dd0       0x10 H:/work/tools/VS-CODE/wing-gcc-window-v1.10/bin/../lib/gcc/riscv32-wing-elf/14.1.0/../../../../riscv32-wing-elf/lib\libc.a(libc_a-svfprintf.o)
 .rodata.blanks.1
                0x10019de0       0x10 H:/work/tools/VS-CODE/wing-gcc-window-v1.10/bin/../lib/gcc/riscv32-wing-elf/14.1.0/../../../../riscv32-wing-elf/lib\libc.a(libc_a-svfprintf.o)
 .rodata.__ssvfscanf_r.str1.4
                0x10019df0        0x9 H:/work/tools/VS-CODE/wing-gcc-window-v1.10/bin/../lib/gcc/riscv32-wing-elf/14.1.0/../../../../riscv32-wing-elf/lib\libc.a(libc_a-svfscanf.o)
 .rodata.__ssvfscanf_r
                0x10019df0      0x3cc H:/work/tools/VS-CODE/wing-gcc-window-v1.10/bin/../lib/gcc/riscv32-wing-elf/14.1.0/../../../../riscv32-wing-elf/lib\libc.a(libc_a-svfscanf.o)
 .rodata.basefix.0
                0x1001a1bc       0x22 H:/work/tools/VS-CODE/wing-gcc-window-v1.10/bin/../lib/gcc/riscv32-wing-elf/14.1.0/../../../../riscv32-wing-elf/lib\libc.a(libc_a-svfscanf.o)
 .rodata._vfprintf_r.str1.4
                0x1001a1de       0x42 H:/work/tools/VS-CODE/wing-gcc-window-v1.10/bin/../lib/gcc/riscv32-wing-elf/14.1.0/../../../../riscv32-wing-elf/lib\libc.a(libc_a-vfprintf.o)
 *fill*         0x1001a1de        0x2 
 .rodata._vfprintf_r
                0x1001a1e0      0x204 H:/work/tools/VS-CODE/wing-gcc-window-v1.10/bin/../lib/gcc/riscv32-wing-elf/14.1.0/../../../../riscv32-wing-elf/lib\libc.a(libc_a-vfprintf.o)
 .rodata.zeroes.0
                0x1001a3e4       0x10 H:/work/tools/VS-CODE/wing-gcc-window-v1.10/bin/../lib/gcc/riscv32-wing-elf/14.1.0/../../../../riscv32-wing-elf/lib\libc.a(libc_a-vfprintf.o)
 .rodata.blanks.1
                0x1001a3f4       0x10 H:/work/tools/VS-CODE/wing-gcc-window-v1.10/bin/../lib/gcc/riscv32-wing-elf/14.1.0/../../../../riscv32-wing-elf/lib\libc.a(libc_a-vfprintf.o)
 .rodata._setlocale_r.str1.4
                0x1001a404        0xd H:/work/tools/VS-CODE/wing-gcc-window-v1.10/bin/../lib/gcc/riscv32-wing-elf/14.1.0/../../../../riscv32-wing-elf/lib\libc.a(libc_a-locale.o)
 .rodata.str1.4
                0x1001a404        0x2 H:/work/tools/VS-CODE/wing-gcc-window-v1.10/bin/../lib/gcc/riscv32-wing-elf/14.1.0/../../../../riscv32-wing-elf/lib\libc.a(libc_a-locale.o)
 .rodata._dtoa_r.str1.4
                0x1001a404       0x50 H:/work/tools/VS-CODE/wing-gcc-window-v1.10/bin/../lib/gcc/riscv32-wing-elf/14.1.0/../../../../riscv32-wing-elf/lib\libc.a(libc_a-dtoa.o)
 .rodata.__multadd.str1.4
                0x1001a404       0x3d H:/work/tools/VS-CODE/wing-gcc-window-v1.10/bin/../lib/gcc/riscv32-wing-elf/14.1.0/../../../../riscv32-wing-elf/lib\libc.a(libc_a-mprec.o)
 .rodata.p05.0  0x1001a404        0xc H:/work/tools/VS-CODE/wing-gcc-window-v1.10/bin/../lib/gcc/riscv32-wing-elf/14.1.0/../../../../riscv32-wing-elf/lib\libc.a(libc_a-mprec.o)
 .rodata.__mprec_bigtens
                0x1001a410       0x28 H:/work/tools/VS-CODE/wing-gcc-window-v1.10/bin/../lib/gcc/riscv32-wing-elf/14.1.0/../../../../riscv32-wing-elf/lib\libc.a(libc_a-mprec.o)
                0x1001a410                __mprec_bigtens
 .rodata.__mprec_tens
                0x1001a438       0xc8 H:/work/tools/VS-CODE/wing-gcc-window-v1.10/bin/../lib/gcc/riscv32-wing-elf/14.1.0/../../../../riscv32-wing-elf/lib\libc.a(libc_a-mprec.o)
                0x1001a438                __mprec_tens
 .rodata._strtod_l.str1.4
                0x1001a500       0x15 H:/work/tools/VS-CODE/wing-gcc-window-v1.10/bin/../lib/gcc/riscv32-wing-elf/14.1.0/../../../../riscv32-wing-elf/lib\libc.a(libc_a-strtod.o)
 .rodata._strtod_l
                0x1001a500       0xd0 H:/work/tools/VS-CODE/wing-gcc-window-v1.10/bin/../lib/gcc/riscv32-wing-elf/14.1.0/../../../../riscv32-wing-elf/lib\libc.a(libc_a-strtod.o)
 .rodata.fpinan.0
                0x1001a5d0       0x14 H:/work/tools/VS-CODE/wing-gcc-window-v1.10/bin/../lib/gcc/riscv32-wing-elf/14.1.0/../../../../riscv32-wing-elf/lib\libc.a(libc_a-strtod.o)
 .rodata.fpi.1  0x1001a5e4       0x14 H:/work/tools/VS-CODE/wing-gcc-window-v1.10/bin/../lib/gcc/riscv32-wing-elf/14.1.0/../../../../riscv32-wing-elf/lib\libc.a(libc_a-strtod.o)
 .rodata.tinytens
                0x1001a5f8       0x28 H:/work/tools/VS-CODE/wing-gcc-window-v1.10/bin/../lib/gcc/riscv32-wing-elf/14.1.0/../../../../riscv32-wing-elf/lib\libc.a(libc_a-strtod.o)
 .rodata._mbrtowc_r.str1.4
                0x1001a620        0x1 H:/work/tools/VS-CODE/wing-gcc-window-v1.10/bin/../lib/gcc/riscv32-wing-elf/14.1.0/../../../../riscv32-wing-elf/lib\libc.a(libc_a-mbrtowc.o)
 .rodata.__assert_func.str1.4
                0x1001a620       0x43 H:/work/tools/VS-CODE/wing-gcc-window-v1.10/bin/../lib/gcc/riscv32-wing-elf/14.1.0/../../../../riscv32-wing-elf/lib\libc.a(libc_a-assert.o)
 .rodata.__gethex.str1.4
                0x1001a620       0x48 H:/work/tools/VS-CODE/wing-gcc-window-v1.10/bin/../lib/gcc/riscv32-wing-elf/14.1.0/../../../../riscv32-wing-elf/lib\libc.a(libc_a-gdtoa-gethex.o)
 .rodata.__hexdig
                0x1001a620      0x100 H:/work/tools/VS-CODE/wing-gcc-window-v1.10/bin/../lib/gcc/riscv32-wing-elf/14.1.0/../../../../riscv32-wing-elf/lib\libc.a(libc_a-gdtoa-gethex.o)
                0x1001a620                __hexdig
 .rodata._vfiprintf_r.str1.4
                0x1001a720       0x2f H:/work/tools/VS-CODE/wing-gcc-window-v1.10/bin/../lib/gcc/riscv32-wing-elf/14.1.0/../../../../riscv32-wing-elf/lib\libc.a(libc_a-vfiprintf.o)
 .rodata._vfiprintf_r
                0x1001a720      0x16c H:/work/tools/VS-CODE/wing-gcc-window-v1.10/bin/../lib/gcc/riscv32-wing-elf/14.1.0/../../../../riscv32-wing-elf/lib\libc.a(libc_a-vfiprintf.o)
 .rodata.zeroes.0
                0x1001a88c       0x10 H:/work/tools/VS-CODE/wing-gcc-window-v1.10/bin/../lib/gcc/riscv32-wing-elf/14.1.0/../../../../riscv32-wing-elf/lib\libc.a(libc_a-vfiprintf.o)
 .rodata.blanks.1
                0x1001a89c       0x10 H:/work/tools/VS-CODE/wing-gcc-window-v1.10/bin/../lib/gcc/riscv32-wing-elf/14.1.0/../../../../riscv32-wing-elf/lib\libc.a(libc_a-vfiprintf.o)
                0x1001a8ac                        . = ALIGN (0x4)
                0x1001a8ac                        __rt_init_start = .
 *(SORT_BY_NAME(.rti_fn*))
                0x1001a8ac                        __rt_init_end = .
                0x1001a8ac                        . = ALIGN (0x4)
                0x1001a8ac                        __fsymtab_start = .
 *(FSymTab)
                0x1001a8ac                        __fsymtab_end = .
                0x1001a8ac                        . = ALIGN (0x4)
                0x1001a8ac                        __vsymtab_start = .
 *(VSymTab)
                0x1001a8ac                        __vsymtab_end = .
 *(.gnu.linkonce.r.*)
                0x1001a8b0                        . = ALIGN (0x8)
 *fill*         0x1001a8ac        0x4 
 *(.srodata.cst16)
 *(.srodata.cst8)
 .srodata.cst8  0x1001a8b0       0xc8 CMakeFiles/ehsm_speed_test.dir/speed_test/speed_test_core.c.obj
                                 0x18 (size before relaxing)
 .srodata.cst8  0x1001a978       0x10 CMakeFiles/ehsm_speed_test.dir/speed_test/test_aead_speed.c.obj
 .srodata.cst8  0x1001a978       0x10 CMakeFiles/ehsm_speed_test.dir/speed_test/test_chacha_speed.c.obj
 .srodata.cst8  0x1001a978       0x10 CMakeFiles/ehsm_speed_test.dir/speed_test/test_hash_speed.c.obj
 .srodata.cst8  0x1001a978       0x10 CMakeFiles/ehsm_speed_test.dir/speed_test/test_mac_speed.c.obj
 .srodata.cst8  0x1001a978       0x10 CMakeFiles/ehsm_speed_test.dir/speed_test/test_pke_cipher_speed.c.obj
 .srodata.cst8  0x1001a978       0x10 CMakeFiles/ehsm_speed_test.dir/speed_test/test_pke_speed.c.obj
 .srodata.cst8  0x1001a978       0x10 CMakeFiles/ehsm_speed_test.dir/speed_test/test_ske_speed.c.obj
 .srodata.cst8  0x1001a978       0x20 H:/work/tools/VS-CODE/wing-gcc-window-v1.10/bin/../lib/gcc/riscv32-wing-elf/14.1.0/../../../../riscv32-wing-elf/lib\libc.a(libc_a-svfprintf.o)
 .srodata.cst8  0x1001a978       0x20 H:/work/tools/VS-CODE/wing-gcc-window-v1.10/bin/../lib/gcc/riscv32-wing-elf/14.1.0/../../../../riscv32-wing-elf/lib\libc.a(libc_a-vfprintf.o)
 .srodata.cst8  0x1001a978        0x8 H:/work/tools/VS-CODE/wing-gcc-window-v1.10/bin/../lib/gcc/riscv32-wing-elf/14.1.0/../../../../riscv32-wing-elf/lib\libc.a(libm_a-s_frexp.o)
 .srodata.cst8  0x1001a978       0x48 H:/work/tools/VS-CODE/wing-gcc-window-v1.10/bin/../lib/gcc/riscv32-wing-elf/14.1.0/../../../../riscv32-wing-elf/lib\libc.a(libc_a-dtoa.o)
 .srodata.cst8  0x1001a978       0x48 H:/work/tools/VS-CODE/wing-gcc-window-v1.10/bin/../lib/gcc/riscv32-wing-elf/14.1.0/../../../../riscv32-wing-elf/lib\libc.a(libc_a-strtod.o)
 .srodata.cst8  0x1001a978        0x8 H:/work/tools/VS-CODE/wing-gcc-window-v1.10/bin/../lib/gcc/riscv32-wing-elf/14.1.0/../../../../riscv32-wing-elf/lib\libc.a(libm_a-s_nan.o)
 *(.srodata.cst4)
 .srodata.cst4  0x1001a978        0x4 H:/work/tools/VS-CODE/wing-gcc-window-v1.10/bin/../lib/gcc/riscv32-wing-elf/14.1.0/../../../../riscv32-wing-elf/lib\libc.a(libm_a-sf_nan.o)
 *(.srodata.cst2)
 *(.srodata .srodata.*)

.rela.dyn       0x1001a97c        0x0
 .rela.text._sbrk
                0x1001a97c        0x0 CMakeFiles/ehsm_speed_test.dir/speed_test/main.c.obj
 .rela.sdata.curbrk.0
                0x1001a97c        0x0 CMakeFiles/ehsm_speed_test.dir/speed_test/main.c.obj
 .rela.init     0x1001a97c        0x0 CMakeFiles/ehsm_speed_test.dir/speed_test/main.c.obj

.fini
 *(SORT_NONE(.fini))
                0x1001a97c                        . = ALIGN (0x4)
                [!provide]                        PROVIDE (__etext = .)
                [!provide]                        PROVIDE (_etext = .)
                [!provide]                        PROVIDE (etext = .)
                [!provide]                        PROVIDE (_eilm = .)

.preinit_array  0x1001a97c        0x0
                [!provide]                        PROVIDE (__preinit_array_start = .)
 *(.preinit_array)
                [!provide]                        PROVIDE (__preinit_array_end = .)

.init_array     0x1001a97c        0x0
                [!provide]                        PROVIDE (__init_array_start = .)
 *(SORT_BY_INIT_PRIORITY(.init_array.*) SORT_BY_INIT_PRIORITY(.ctors.*))
 *(.init_array EXCLUDE_FILE(*crtend?.o *crtend.o *crtbegin?.o *crtbegin.o) .ctors)
                [!provide]                        PROVIDE (__init_array_end = .)

.fini_array     0x1001a97c        0x0
                [!provide]                        PROVIDE (__fini_array_start = .)
 *(SORT_BY_INIT_PRIORITY(.fini_array.*) SORT_BY_INIT_PRIORITY(.dtors.*))
 *(.fini_array EXCLUDE_FILE(*crtend?.o *crtend.o *crtbegin?.o *crtbegin.o) .dtors)
                [!provide]                        PROVIDE (__fini_array_end = .)

.ctors
 *crtbegin.o(.ctors)
 *crtbegin?.o(.ctors)
 *(EXCLUDE_FILE(*crtend?.o *crtend.o) .ctors)
 *(SORT_BY_NAME(.ctors.*))
 *(.ctors)

.dtors
 *crtbegin.o(.dtors)
 *crtbegin?.o(.dtors)
 *(EXCLUDE_FILE(*crtend?.o *crtend.o) .dtors)
 *(SORT_BY_NAME(.dtors.*))
 *(.dtors)

.lalign         0x1001a97c        0x0
                0x1001a97c                        . = ALIGN (0x4)
                0x1001a97c                        PROVIDE (_data_lma = .)

.dalign         0x20000000        0x0 load address 0x1001a97c
                0x20000000                        . = ALIGN (0x4)
                0x20000000                        PROVIDE (_data = .)

.data           0x20000000      0x6b4 load address 0x1001a97c
 *(.data.ctest*)
 *(.data .data.*)
 .data.__malloc_av_
                0x20000000      0x408 H:/work/tools/VS-CODE/wing-gcc-window-v1.10/bin/../lib/gcc/riscv32-wing-elf/14.1.0/../../../../riscv32-wing-elf/lib\libc.a(libc_a-mallocr.o)
                0x20000000                __malloc_av_
 .data._impure_data
                0x20000408      0x120 H:/work/tools/VS-CODE/wing-gcc-window-v1.10/bin/../lib/gcc/riscv32-wing-elf/14.1.0/../../../../riscv32-wing-elf/lib\libc.a(libc_a-impure.o)
                0x20000408                _impure_data
 .data.__sglue  0x20000528        0xc H:/work/tools/VS-CODE/wing-gcc-window-v1.10/bin/../lib/gcc/riscv32-wing-elf/14.1.0/../../../../riscv32-wing-elf/lib\libc.a(libc_a-findfp.o)
                0x20000528                __sglue
 .data.__global_locale
                0x20000534      0x16c H:/work/tools/VS-CODE/wing-gcc-window-v1.10/bin/../lib/gcc/riscv32-wing-elf/14.1.0/../../../../riscv32-wing-elf/lib\libc.a(libc_a-locale.o)
                0x20000534                __global_locale
 *(.gnu.linkonce.d.*)
                0x200006a0                        . = ALIGN (0x8)
                0x20000ea0                        PROVIDE (__global_pointer$ = (. + 0x800))
 *(.sdata .sdata.* .sdata*)
 .sdata.curbrk.0
                0x200006a0        0x4 CMakeFiles/ehsm_speed_test.dir/port/osr/m130/port/sys_call.c.obj
 .sdata.s_drv_mode
                0x200006a4        0x4 libehsm_host.a(api.c.obj)
 .sdata.__malloc_sbrk_base
                0x200006a8        0x4 H:/work/tools/VS-CODE/wing-gcc-window-v1.10/bin/../lib/gcc/riscv32-wing-elf/14.1.0/../../../../riscv32-wing-elf/lib\libc.a(libc_a-mallocr.o)
                0x200006a8                __malloc_sbrk_base
 .sdata.__malloc_trim_threshold
                0x200006ac        0x4 H:/work/tools/VS-CODE/wing-gcc-window-v1.10/bin/../lib/gcc/riscv32-wing-elf/14.1.0/../../../../riscv32-wing-elf/lib\libc.a(libc_a-mallocr.o)
                0x200006ac                __malloc_trim_threshold
 .sdata._impure_ptr
                0x200006b0        0x4 H:/work/tools/VS-CODE/wing-gcc-window-v1.10/bin/../lib/gcc/riscv32-wing-elf/14.1.0/../../../../riscv32-wing-elf/lib\libc.a(libc_a-impure.o)
                0x200006b0                _impure_ptr
 *(.gnu.linkonce.s.*)
                0x200006b8                        . = ALIGN (0x8)

.tdata          0x200006b4        0x0 load address 0x1001b030
                [!provide]                        PROVIDE (__tls_base = .)
 *(.tdata .tdata.* .gnu.linkonce.td.*)
                0x200006b8                        PROVIDE (_edata = .)
                [!provide]                        PROVIDE (edata = .)
                0x200006b8                        . = ALIGN (0x8)
                [!provide]                        PROVIDE (_fbss = .)
                0x200006b8                        PROVIDE (__bss_start = .)

.tbss           0x200006b4        0x0
 *(.tbss .tbss.* .gnu.linkonce.tb.*)
 *(.tcommon)
                [!provide]                        PROVIDE (__tls_end = .)

.bss            0x200006c0      0x354
 *(.sbss*)
 .sbss.s_mb_callback
                0x200006c0        0x4 libehsm_host.a(mailbox.c.obj)
 .sbss.__malloc_max_total_mem
                0x200006c4        0x4 H:/work/tools/VS-CODE/wing-gcc-window-v1.10/bin/../lib/gcc/riscv32-wing-elf/14.1.0/../../../../riscv32-wing-elf/lib\libc.a(libc_a-mallocr.o)
                0x200006c4                __malloc_max_total_mem
 .sbss.__malloc_max_sbrked_mem
                0x200006c8        0x4 H:/work/tools/VS-CODE/wing-gcc-window-v1.10/bin/../lib/gcc/riscv32-wing-elf/14.1.0/../../../../riscv32-wing-elf/lib\libc.a(libc_a-mallocr.o)
                0x200006c8                __malloc_max_sbrked_mem
 .sbss.__malloc_top_pad
                0x200006cc        0x4 H:/work/tools/VS-CODE/wing-gcc-window-v1.10/bin/../lib/gcc/riscv32-wing-elf/14.1.0/../../../../riscv32-wing-elf/lib\libc.a(libc_a-mallocr.o)
                0x200006cc                __malloc_top_pad
 .sbss.errno    0x200006d0        0x4 H:/work/tools/VS-CODE/wing-gcc-window-v1.10/bin/../lib/gcc/riscv32-wing-elf/14.1.0/../../../../riscv32-wing-elf/lib\libc.a(libc_a-reent.o)
                0x200006d0                errno
 .sbss.__stdio_exit_handler
                0x200006d4        0x4 H:/work/tools/VS-CODE/wing-gcc-window-v1.10/bin/../lib/gcc/riscv32-wing-elf/14.1.0/../../../../riscv32-wing-elf/lib\libc.a(libc_a-findfp.o)
                0x200006d4                __stdio_exit_handler
 *(.gnu.linkonce.sb.*)
 *(.bss .bss.*)
 .bss.g_mb_isrs
                0x200006d8       0x40 libehsm_host.a(ehsm_host_port.c.obj)
 *fill*         0x20000718       0x28 
 .bss.hardler_array
                0x20000740      0x174 libehsm_host.a(clic.c.obj)
 .bss.__malloc_current_mallinfo
                0x200008b4       0x28 H:/work/tools/VS-CODE/wing-gcc-window-v1.10/bin/../lib/gcc/riscv32-wing-elf/14.1.0/../../../../riscv32-wing-elf/lib\libc.a(libc_a-mallocr.o)
                0x200008b4                __malloc_current_mallinfo
 .bss.__sf      0x200008dc      0x138 H:/work/tools/VS-CODE/wing-gcc-window-v1.10/bin/../lib/gcc/riscv32-wing-elf/14.1.0/../../../../riscv32-wing-elf/lib\libc.a(libc_a-findfp.o)
                0x200008dc                __sf
 *(.gnu.linkonce.b.*)
 *(COMMON)
                0x20000a14                        . = ALIGN (0x4)
                0x20000a20                        . = ALIGN (0x10)
                [!provide]                        PROVIDE (_end = .)
                [!provide]                        PROVIDE (end = .)

.heap           0x20000a14     0x100c
                0x20000a20                        . = ALIGN (0x10)
 *fill*         0x20000a14        0xc 
                0x20000a20                        PROVIDE (__heap_start = .)
                0x20001a20                        . = (. + __HEAP_SIZE)
 *fill*         0x20000a20     0x1000 
                0x20001a20                        . = ALIGN (0x10)
                [!provide]                        PROVIDE (__heap_limit = .)

.stack          0x20008000     0x8000 load address 0x20001a20
                0x20008000                        . = ALIGN (0x10)
                [!provide]                        PROVIDE (_heap_end = .)
                0x20008000                        PROVIDE (__heap_end = .)
                [!provide]                        PROVIDE (__StackLimit = .)
                [!provide]                        PROVIDE (__StackBottom = .)
                0x20010000                        . = (. + __STACK_SIZE)
 *fill*         0x20008000     0x8000 
                0x20010000                        . = ALIGN (0x10)
                0x20010000                        PROVIDE (__StackTop = .)
                [!provide]                        PROVIDE (_sp = .)
                [!provide]                        PROVIDE (_edram = .)
OUTPUT(ehsm_speed_test elf32-littleriscv)

.debug_info     0x00000000    0x1ce46
 .debug_info    0x00000000      0x8c9 CMakeFiles/ehsm_speed_test.dir/speed_test/main.c.obj
 .debug_info    0x000008c9      0xfc3 CMakeFiles/ehsm_speed_test.dir/speed_test/speed_test_core.c.obj
 .debug_info    0x0000188c      0xd1b CMakeFiles/ehsm_speed_test.dir/speed_test/test_aead_speed.c.obj
 .debug_info    0x000025a7      0x9b3 CMakeFiles/ehsm_speed_test.dir/speed_test/test_chacha_speed.c.obj
 .debug_info    0x00002f5a      0x891 CMakeFiles/ehsm_speed_test.dir/speed_test/test_hash_speed.c.obj
 .debug_info    0x000037eb     0x12bd CMakeFiles/ehsm_speed_test.dir/speed_test/test_mac_speed.c.obj
 .debug_info    0x00004aa8     0x17a2 CMakeFiles/ehsm_speed_test.dir/speed_test/test_pke_cipher_speed.c.obj
 .debug_info    0x0000624a     0x233b CMakeFiles/ehsm_speed_test.dir/speed_test/test_pke_speed.c.obj
 .debug_info    0x00008585      0xdd4 CMakeFiles/ehsm_speed_test.dir/speed_test/test_ske_speed.c.obj
 .debug_info    0x00009359      0x5a8 CMakeFiles/ehsm_speed_test.dir/port/osr/m130/port/sys_call.c.obj
 .debug_info    0x00009901     0xdbbf libehsm_host.a(api.c.obj)
 .debug_info    0x000174c0      0x178 libehsm_host.a(uart_stdout.c.obj)
 .debug_info    0x00017638      0x945 libehsm_host.a(ehsm_host_port.c.obj)
 .debug_info    0x00017f7d       0x32 libehsm_host.a(crt0.S.obj)
 .debug_info    0x00017faf      0x57e libehsm_host.a(mailbox.c.obj)
 .debug_info    0x0001852d      0x7ca libehsm_host.a(port_m130.c.obj)
 .debug_info    0x00018cf7      0x652 libehsm_host.a(clic.c.obj)
 .debug_info    0x00019349      0x4f6 H:/work/tools/VS-CODE/wing-gcc-window-v1.10/bin/../lib/gcc/riscv32-wing-elf/14.1.0\libgcc_nano.a(adddf3.o)
 .debug_info    0x0001983f      0x683 H:/work/tools/VS-CODE/wing-gcc-window-v1.10/bin/../lib/gcc/riscv32-wing-elf/14.1.0\libgcc_nano.a(divdf3.o)
 .debug_info    0x00019ec2      0x220 H:/work/tools/VS-CODE/wing-gcc-window-v1.10/bin/../lib/gcc/riscv32-wing-elf/14.1.0\libgcc_nano.a(gedf2.o)
 .debug_info    0x0001a0e2      0x220 H:/work/tools/VS-CODE/wing-gcc-window-v1.10/bin/../lib/gcc/riscv32-wing-elf/14.1.0\libgcc_nano.a(ledf2.o)
 .debug_info    0x0001a302      0x69c H:/work/tools/VS-CODE/wing-gcc-window-v1.10/bin/../lib/gcc/riscv32-wing-elf/14.1.0\libgcc_nano.a(muldf3.o)
 .debug_info    0x0001a99e      0x4f2 H:/work/tools/VS-CODE/wing-gcc-window-v1.10/bin/../lib/gcc/riscv32-wing-elf/14.1.0\libgcc_nano.a(subdf3.o)
 .debug_info    0x0001ae90      0x1a9 H:/work/tools/VS-CODE/wing-gcc-window-v1.10/bin/../lib/gcc/riscv32-wing-elf/14.1.0\libgcc_nano.a(fixunsdfsi.o)
 .debug_info    0x0001b039      0x25d H:/work/tools/VS-CODE/wing-gcc-window-v1.10/bin/../lib/gcc/riscv32-wing-elf/14.1.0\libgcc_nano.a(floatunsidf.o)
 .debug_info    0x0001b296      0x157 H:/work/tools/VS-CODE/wing-gcc-window-v1.10/bin/../lib/gcc/riscv32-wing-elf/14.1.0\libgcc_nano.a(_clzsi2.o)
 .debug_info    0x0001b3ed       0xed H:/work/tools/VS-CODE/wing-gcc-window-v1.10/bin/../lib/gcc/riscv32-wing-elf/14.1.0\libgcc_nano.a(_clz.o)
 .debug_info    0x0001b4da      0x19e H:/work/tools/VS-CODE/wing-gcc-window-v1.10/bin/../lib/gcc/riscv32-wing-elf/14.1.0\libgcc_nano.a(_udivdi3.o)
 .debug_info    0x0001b678      0x1b0 H:/work/tools/VS-CODE/wing-gcc-window-v1.10/bin/../lib/gcc/riscv32-wing-elf/14.1.0\libgcc_nano.a(_umoddi3.o)
 .debug_info    0x0001b828      0x221 H:/work/tools/VS-CODE/wing-gcc-window-v1.10/bin/../lib/gcc/riscv32-wing-elf/14.1.0\libgcc_nano.a(eqdf2.o)
 .debug_info    0x0001ba49      0x220 H:/work/tools/VS-CODE/wing-gcc-window-v1.10/bin/../lib/gcc/riscv32-wing-elf/14.1.0\libgcc_nano.a(unorddf2.o)
 .debug_info    0x0001bc69      0x1c2 H:/work/tools/VS-CODE/wing-gcc-window-v1.10/bin/../lib/gcc/riscv32-wing-elf/14.1.0\libgcc_nano.a(fixdfsi.o)
 .debug_info    0x0001be2b      0x268 H:/work/tools/VS-CODE/wing-gcc-window-v1.10/bin/../lib/gcc/riscv32-wing-elf/14.1.0\libgcc_nano.a(floatsidf.o)
 .debug_info    0x0001c093      0x1d8 H:/work/tools/VS-CODE/wing-gcc-window-v1.10/bin/../lib/gcc/riscv32-wing-elf/14.1.0\libgcc_nano.a(fixdfdi.o)
 .debug_info    0x0001c26b      0x2cd H:/work/tools/VS-CODE/wing-gcc-window-v1.10/bin/../lib/gcc/riscv32-wing-elf/14.1.0\libgcc_nano.a(floatdidf.o)
 .debug_info    0x0001c538      0x287 H:/work/tools/VS-CODE/wing-gcc-window-v1.10/bin/../lib/gcc/riscv32-wing-elf/14.1.0\libgcc_nano.a(truncdfsf2.o)
 .debug_info    0x0001c7bf      0x1b6 H:/work/tools/VS-CODE/wing-gcc-window-v1.10/bin/../lib/gcc/riscv32-wing-elf/14.1.0\libgcc_nano.a(_lshrdi3.o)
 .debug_info    0x0001c975      0x1b6 H:/work/tools/VS-CODE/wing-gcc-window-v1.10/bin/../lib/gcc/riscv32-wing-elf/14.1.0\libgcc_nano.a(_ashldi3.o)
 .debug_info    0x0001cb2b      0x129 H:/work/tools/VS-CODE/wing-gcc-window-v1.10/bin/../lib/gcc/riscv32-wing-elf/14.1.0\libgcc_nano.a(wingdiv.o)
 .debug_info    0x0001cc54      0x1f2 H:/work/tools/VS-CODE/wing-gcc-window-v1.10/bin/../lib/gcc/riscv32-wing-elf/14.1.0\libgcc_nano.a(_clzdi2.o)

.debug_abbrev   0x00000000     0x45de
 .debug_abbrev  0x00000000      0x28d CMakeFiles/ehsm_speed_test.dir/speed_test/main.c.obj
 .debug_abbrev  0x0000028d      0x26c CMakeFiles/ehsm_speed_test.dir/speed_test/speed_test_core.c.obj
 .debug_abbrev  0x000004f9      0x2bb CMakeFiles/ehsm_speed_test.dir/speed_test/test_aead_speed.c.obj
 .debug_abbrev  0x000007b4      0x28c CMakeFiles/ehsm_speed_test.dir/speed_test/test_chacha_speed.c.obj
 .debug_abbrev  0x00000a40      0x2a1 CMakeFiles/ehsm_speed_test.dir/speed_test/test_hash_speed.c.obj
 .debug_abbrev  0x00000ce1      0x319 CMakeFiles/ehsm_speed_test.dir/speed_test/test_mac_speed.c.obj
 .debug_abbrev  0x00000ffa      0x359 CMakeFiles/ehsm_speed_test.dir/speed_test/test_pke_cipher_speed.c.obj
 .debug_abbrev  0x00001353      0x2ca CMakeFiles/ehsm_speed_test.dir/speed_test/test_pke_speed.c.obj
 .debug_abbrev  0x0000161d      0x2c1 CMakeFiles/ehsm_speed_test.dir/speed_test/test_ske_speed.c.obj
 .debug_abbrev  0x000018de      0x1d0 CMakeFiles/ehsm_speed_test.dir/port/osr/m130/port/sys_call.c.obj
 .debug_abbrev  0x00001aae      0x499 libehsm_host.a(api.c.obj)
 .debug_abbrev  0x00001f47       0xdb libehsm_host.a(uart_stdout.c.obj)
 .debug_abbrev  0x00002022      0x2e8 libehsm_host.a(ehsm_host_port.c.obj)
 .debug_abbrev  0x0000230a       0x28 libehsm_host.a(crt0.S.obj)
 .debug_abbrev  0x00002332      0x257 libehsm_host.a(mailbox.c.obj)
 .debug_abbrev  0x00002589      0x257 libehsm_host.a(port_m130.c.obj)
 .debug_abbrev  0x000027e0      0x1f0 libehsm_host.a(clic.c.obj)
 .debug_abbrev  0x000029d0      0x186 H:/work/tools/VS-CODE/wing-gcc-window-v1.10/bin/../lib/gcc/riscv32-wing-elf/14.1.0\libgcc_nano.a(adddf3.o)
 .debug_abbrev  0x00002b56      0x17c H:/work/tools/VS-CODE/wing-gcc-window-v1.10/bin/../lib/gcc/riscv32-wing-elf/14.1.0\libgcc_nano.a(divdf3.o)
 .debug_abbrev  0x00002cd2      0x168 H:/work/tools/VS-CODE/wing-gcc-window-v1.10/bin/../lib/gcc/riscv32-wing-elf/14.1.0\libgcc_nano.a(gedf2.o)
 .debug_abbrev  0x00002e3a      0x168 H:/work/tools/VS-CODE/wing-gcc-window-v1.10/bin/../lib/gcc/riscv32-wing-elf/14.1.0\libgcc_nano.a(ledf2.o)
 .debug_abbrev  0x00002fa2      0x185 H:/work/tools/VS-CODE/wing-gcc-window-v1.10/bin/../lib/gcc/riscv32-wing-elf/14.1.0\libgcc_nano.a(muldf3.o)
 .debug_abbrev  0x00003127      0x186 H:/work/tools/VS-CODE/wing-gcc-window-v1.10/bin/../lib/gcc/riscv32-wing-elf/14.1.0\libgcc_nano.a(subdf3.o)
 .debug_abbrev  0x000032ad      0x162 H:/work/tools/VS-CODE/wing-gcc-window-v1.10/bin/../lib/gcc/riscv32-wing-elf/14.1.0\libgcc_nano.a(fixunsdfsi.o)
 .debug_abbrev  0x0000340f      0x163 H:/work/tools/VS-CODE/wing-gcc-window-v1.10/bin/../lib/gcc/riscv32-wing-elf/14.1.0\libgcc_nano.a(floatunsidf.o)
 .debug_abbrev  0x00003572       0xca H:/work/tools/VS-CODE/wing-gcc-window-v1.10/bin/../lib/gcc/riscv32-wing-elf/14.1.0\libgcc_nano.a(_clzsi2.o)
 .debug_abbrev  0x0000363c       0x70 H:/work/tools/VS-CODE/wing-gcc-window-v1.10/bin/../lib/gcc/riscv32-wing-elf/14.1.0\libgcc_nano.a(_clz.o)
 .debug_abbrev  0x000036ac       0xf1 H:/work/tools/VS-CODE/wing-gcc-window-v1.10/bin/../lib/gcc/riscv32-wing-elf/14.1.0\libgcc_nano.a(_udivdi3.o)
 .debug_abbrev  0x0000379d       0xf6 H:/work/tools/VS-CODE/wing-gcc-window-v1.10/bin/../lib/gcc/riscv32-wing-elf/14.1.0\libgcc_nano.a(_umoddi3.o)
 .debug_abbrev  0x00003893      0x153 H:/work/tools/VS-CODE/wing-gcc-window-v1.10/bin/../lib/gcc/riscv32-wing-elf/14.1.0\libgcc_nano.a(eqdf2.o)
 .debug_abbrev  0x000039e6      0x14f H:/work/tools/VS-CODE/wing-gcc-window-v1.10/bin/../lib/gcc/riscv32-wing-elf/14.1.0\libgcc_nano.a(unorddf2.o)
 .debug_abbrev  0x00003b35      0x15f H:/work/tools/VS-CODE/wing-gcc-window-v1.10/bin/../lib/gcc/riscv32-wing-elf/14.1.0\libgcc_nano.a(fixdfsi.o)
 .debug_abbrev  0x00003c94      0x164 H:/work/tools/VS-CODE/wing-gcc-window-v1.10/bin/../lib/gcc/riscv32-wing-elf/14.1.0\libgcc_nano.a(floatsidf.o)
 .debug_abbrev  0x00003df8      0x162 H:/work/tools/VS-CODE/wing-gcc-window-v1.10/bin/../lib/gcc/riscv32-wing-elf/14.1.0\libgcc_nano.a(fixdfdi.o)
 .debug_abbrev  0x00003f5a      0x181 H:/work/tools/VS-CODE/wing-gcc-window-v1.10/bin/../lib/gcc/riscv32-wing-elf/14.1.0\libgcc_nano.a(floatdidf.o)
 .debug_abbrev  0x000040db      0x13c H:/work/tools/VS-CODE/wing-gcc-window-v1.10/bin/../lib/gcc/riscv32-wing-elf/14.1.0\libgcc_nano.a(truncdfsf2.o)
 .debug_abbrev  0x00004217      0x10c H:/work/tools/VS-CODE/wing-gcc-window-v1.10/bin/../lib/gcc/riscv32-wing-elf/14.1.0\libgcc_nano.a(_lshrdi3.o)
 .debug_abbrev  0x00004323      0x10c H:/work/tools/VS-CODE/wing-gcc-window-v1.10/bin/../lib/gcc/riscv32-wing-elf/14.1.0\libgcc_nano.a(_ashldi3.o)
 .debug_abbrev  0x0000442f       0x81 H:/work/tools/VS-CODE/wing-gcc-window-v1.10/bin/../lib/gcc/riscv32-wing-elf/14.1.0\libgcc_nano.a(wingdiv.o)
 .debug_abbrev  0x000044b0      0x12e H:/work/tools/VS-CODE/wing-gcc-window-v1.10/bin/../lib/gcc/riscv32-wing-elf/14.1.0\libgcc_nano.a(_clzdi2.o)

.debug_loclists
                0x00000000    0x1c8c3
 .debug_loclists
                0x00000000      0x28a CMakeFiles/ehsm_speed_test.dir/speed_test/main.c.obj
 .debug_loclists
                0x0000028a      0x2cf CMakeFiles/ehsm_speed_test.dir/speed_test/speed_test_core.c.obj
 .debug_loclists
                0x00000559      0x36f CMakeFiles/ehsm_speed_test.dir/speed_test/test_aead_speed.c.obj
 .debug_loclists
                0x000008c8      0x247 CMakeFiles/ehsm_speed_test.dir/speed_test/test_chacha_speed.c.obj
 .debug_loclists
                0x00000b0f      0x1e0 CMakeFiles/ehsm_speed_test.dir/speed_test/test_hash_speed.c.obj
 .debug_loclists
                0x00000cef      0x593 CMakeFiles/ehsm_speed_test.dir/speed_test/test_mac_speed.c.obj
 .debug_loclists
                0x00001282      0x7e5 CMakeFiles/ehsm_speed_test.dir/speed_test/test_pke_cipher_speed.c.obj
 .debug_loclists
                0x00001a67     0x104f CMakeFiles/ehsm_speed_test.dir/speed_test/test_pke_speed.c.obj
 .debug_loclists
                0x00002ab6      0x361 CMakeFiles/ehsm_speed_test.dir/speed_test/test_ske_speed.c.obj
 .debug_loclists
                0x00002e17      0x1ff CMakeFiles/ehsm_speed_test.dir/port/osr/m130/port/sys_call.c.obj
 .debug_loclists
                0x00003016    0x158bb libehsm_host.a(api.c.obj)
 .debug_loclists
                0x000188d1      0x2a5 libehsm_host.a(ehsm_host_port.c.obj)
 .debug_loclists
                0x00018b76      0x2eb libehsm_host.a(mailbox.c.obj)
 .debug_loclists
                0x00018e61      0x2e5 libehsm_host.a(port_m130.c.obj)
 .debug_loclists
                0x00019146      0x2a5 libehsm_host.a(clic.c.obj)
 .debug_loclists
                0x000193eb      0xa8d H:/work/tools/VS-CODE/wing-gcc-window-v1.10/bin/../lib/gcc/riscv32-wing-elf/14.1.0\libgcc_nano.a(adddf3.o)
 .debug_loclists
                0x00019e78      0x9b8 H:/work/tools/VS-CODE/wing-gcc-window-v1.10/bin/../lib/gcc/riscv32-wing-elf/14.1.0\libgcc_nano.a(divdf3.o)
 .debug_loclists
                0x0001a830      0x10f H:/work/tools/VS-CODE/wing-gcc-window-v1.10/bin/../lib/gcc/riscv32-wing-elf/14.1.0\libgcc_nano.a(gedf2.o)
 .debug_loclists
                0x0001a93f      0x10f H:/work/tools/VS-CODE/wing-gcc-window-v1.10/bin/../lib/gcc/riscv32-wing-elf/14.1.0\libgcc_nano.a(ledf2.o)
 .debug_loclists
                0x0001aa4e      0x6fd H:/work/tools/VS-CODE/wing-gcc-window-v1.10/bin/../lib/gcc/riscv32-wing-elf/14.1.0\libgcc_nano.a(muldf3.o)
 .debug_loclists
                0x0001b14b      0xb04 H:/work/tools/VS-CODE/wing-gcc-window-v1.10/bin/../lib/gcc/riscv32-wing-elf/14.1.0\libgcc_nano.a(subdf3.o)
 .debug_loclists
                0x0001bc4f       0x72 H:/work/tools/VS-CODE/wing-gcc-window-v1.10/bin/../lib/gcc/riscv32-wing-elf/14.1.0\libgcc_nano.a(fixunsdfsi.o)
 .debug_loclists
                0x0001bcc1       0xb3 H:/work/tools/VS-CODE/wing-gcc-window-v1.10/bin/../lib/gcc/riscv32-wing-elf/14.1.0\libgcc_nano.a(floatunsidf.o)
 .debug_loclists
                0x0001bd74       0x44 H:/work/tools/VS-CODE/wing-gcc-window-v1.10/bin/../lib/gcc/riscv32-wing-elf/14.1.0\libgcc_nano.a(_clzsi2.o)
 .debug_loclists
                0x0001bdb8       0x60 H:/work/tools/VS-CODE/wing-gcc-window-v1.10/bin/../lib/gcc/riscv32-wing-elf/14.1.0\libgcc_nano.a(_udivdi3.o)
 .debug_loclists
                0x0001be18       0x74 H:/work/tools/VS-CODE/wing-gcc-window-v1.10/bin/../lib/gcc/riscv32-wing-elf/14.1.0\libgcc_nano.a(_umoddi3.o)
 .debug_loclists
                0x0001be8c       0x6a H:/work/tools/VS-CODE/wing-gcc-window-v1.10/bin/../lib/gcc/riscv32-wing-elf/14.1.0\libgcc_nano.a(eqdf2.o)
 .debug_loclists
                0x0001bef6       0x2d H:/work/tools/VS-CODE/wing-gcc-window-v1.10/bin/../lib/gcc/riscv32-wing-elf/14.1.0\libgcc_nano.a(unorddf2.o)
 .debug_loclists
                0x0001bf23       0xaa H:/work/tools/VS-CODE/wing-gcc-window-v1.10/bin/../lib/gcc/riscv32-wing-elf/14.1.0\libgcc_nano.a(fixdfsi.o)
 .debug_loclists
                0x0001bfcd       0x95 H:/work/tools/VS-CODE/wing-gcc-window-v1.10/bin/../lib/gcc/riscv32-wing-elf/14.1.0\libgcc_nano.a(floatsidf.o)
 .debug_loclists
                0x0001c062      0x15a H:/work/tools/VS-CODE/wing-gcc-window-v1.10/bin/../lib/gcc/riscv32-wing-elf/14.1.0\libgcc_nano.a(fixdfdi.o)
 .debug_loclists
                0x0001c1bc      0x185 H:/work/tools/VS-CODE/wing-gcc-window-v1.10/bin/../lib/gcc/riscv32-wing-elf/14.1.0\libgcc_nano.a(floatdidf.o)
 .debug_loclists
                0x0001c341      0x23c H:/work/tools/VS-CODE/wing-gcc-window-v1.10/bin/../lib/gcc/riscv32-wing-elf/14.1.0\libgcc_nano.a(truncdfsf2.o)
 .debug_loclists
                0x0001c57d       0x6b H:/work/tools/VS-CODE/wing-gcc-window-v1.10/bin/../lib/gcc/riscv32-wing-elf/14.1.0\libgcc_nano.a(_lshrdi3.o)
 .debug_loclists
                0x0001c5e8       0x6b H:/work/tools/VS-CODE/wing-gcc-window-v1.10/bin/../lib/gcc/riscv32-wing-elf/14.1.0\libgcc_nano.a(_ashldi3.o)
 .debug_loclists
                0x0001c653      0x202 H:/work/tools/VS-CODE/wing-gcc-window-v1.10/bin/../lib/gcc/riscv32-wing-elf/14.1.0\libgcc_nano.a(wingdiv.o)
 .debug_loclists
                0x0001c855       0x6e H:/work/tools/VS-CODE/wing-gcc-window-v1.10/bin/../lib/gcc/riscv32-wing-elf/14.1.0\libgcc_nano.a(_clzdi2.o)

.debug_aranges  0x00000000      0xaa0
 .debug_aranges
                0x00000000       0x38 CMakeFiles/ehsm_speed_test.dir/speed_test/main.c.obj
 .debug_aranges
                0x00000038       0x60 CMakeFiles/ehsm_speed_test.dir/speed_test/speed_test_core.c.obj
 .debug_aranges
                0x00000098       0x20 CMakeFiles/ehsm_speed_test.dir/speed_test/test_aead_speed.c.obj
 .debug_aranges
                0x000000b8       0x20 CMakeFiles/ehsm_speed_test.dir/speed_test/test_chacha_speed.c.obj
 .debug_aranges
                0x000000d8       0x20 CMakeFiles/ehsm_speed_test.dir/speed_test/test_hash_speed.c.obj
 .debug_aranges
                0x000000f8       0x20 CMakeFiles/ehsm_speed_test.dir/speed_test/test_mac_speed.c.obj
 .debug_aranges
                0x00000118       0x20 CMakeFiles/ehsm_speed_test.dir/speed_test/test_pke_cipher_speed.c.obj
 .debug_aranges
                0x00000138       0x38 CMakeFiles/ehsm_speed_test.dir/speed_test/test_pke_speed.c.obj
 .debug_aranges
                0x00000170       0x20 CMakeFiles/ehsm_speed_test.dir/speed_test/test_ske_speed.c.obj
 .debug_aranges
                0x00000190       0x68 CMakeFiles/ehsm_speed_test.dir/port/osr/m130/port/sys_call.c.obj
 .debug_aranges
                0x000001f8      0x3c8 libehsm_host.a(api.c.obj)
 .debug_aranges
                0x000005c0       0x30 libehsm_host.a(uart_stdout.c.obj)
 .debug_aranges
                0x000005f0       0xc0 libehsm_host.a(ehsm_host_port.c.obj)
 .debug_aranges
                0x000006b0       0x20 libehsm_host.a(crt0.S.obj)
 .debug_aranges
                0x000006d0       0x38 libehsm_host.a(mailbox.c.obj)
 .debug_aranges
                0x00000708       0x60 libehsm_host.a(port_m130.c.obj)
 .debug_aranges
                0x00000768       0x60 libehsm_host.a(clic.c.obj)
 .debug_aranges
                0x000007c8       0x20 H:/work/tools/VS-CODE/wing-gcc-window-v1.10/bin/../lib/gcc/riscv32-wing-elf/14.1.0\libgcc_nano.a(adddf3.o)
 .debug_aranges
                0x000007e8       0x20 H:/work/tools/VS-CODE/wing-gcc-window-v1.10/bin/../lib/gcc/riscv32-wing-elf/14.1.0\libgcc_nano.a(divdf3.o)
 .debug_aranges
                0x00000808       0x20 H:/work/tools/VS-CODE/wing-gcc-window-v1.10/bin/../lib/gcc/riscv32-wing-elf/14.1.0\libgcc_nano.a(gedf2.o)
 .debug_aranges
                0x00000828       0x20 H:/work/tools/VS-CODE/wing-gcc-window-v1.10/bin/../lib/gcc/riscv32-wing-elf/14.1.0\libgcc_nano.a(ledf2.o)
 .debug_aranges
                0x00000848       0x20 H:/work/tools/VS-CODE/wing-gcc-window-v1.10/bin/../lib/gcc/riscv32-wing-elf/14.1.0\libgcc_nano.a(muldf3.o)
 .debug_aranges
                0x00000868       0x20 H:/work/tools/VS-CODE/wing-gcc-window-v1.10/bin/../lib/gcc/riscv32-wing-elf/14.1.0\libgcc_nano.a(subdf3.o)
 .debug_aranges
                0x00000888       0x20 H:/work/tools/VS-CODE/wing-gcc-window-v1.10/bin/../lib/gcc/riscv32-wing-elf/14.1.0\libgcc_nano.a(fixunsdfsi.o)
 .debug_aranges
                0x000008a8       0x20 H:/work/tools/VS-CODE/wing-gcc-window-v1.10/bin/../lib/gcc/riscv32-wing-elf/14.1.0\libgcc_nano.a(floatunsidf.o)
 .debug_aranges
                0x000008c8       0x20 H:/work/tools/VS-CODE/wing-gcc-window-v1.10/bin/../lib/gcc/riscv32-wing-elf/14.1.0\libgcc_nano.a(_clzsi2.o)
 .debug_aranges
                0x000008e8       0x18 H:/work/tools/VS-CODE/wing-gcc-window-v1.10/bin/../lib/gcc/riscv32-wing-elf/14.1.0\libgcc_nano.a(_clz.o)
 .debug_aranges
                0x00000900       0x20 H:/work/tools/VS-CODE/wing-gcc-window-v1.10/bin/../lib/gcc/riscv32-wing-elf/14.1.0\libgcc_nano.a(_udivdi3.o)
 .debug_aranges
                0x00000920       0x20 H:/work/tools/VS-CODE/wing-gcc-window-v1.10/bin/../lib/gcc/riscv32-wing-elf/14.1.0\libgcc_nano.a(_umoddi3.o)
 .debug_aranges
                0x00000940       0x20 H:/work/tools/VS-CODE/wing-gcc-window-v1.10/bin/../lib/gcc/riscv32-wing-elf/14.1.0\libgcc_nano.a(eqdf2.o)
 .debug_aranges
                0x00000960       0x20 H:/work/tools/VS-CODE/wing-gcc-window-v1.10/bin/../lib/gcc/riscv32-wing-elf/14.1.0\libgcc_nano.a(unorddf2.o)
 .debug_aranges
                0x00000980       0x20 H:/work/tools/VS-CODE/wing-gcc-window-v1.10/bin/../lib/gcc/riscv32-wing-elf/14.1.0\libgcc_nano.a(fixdfsi.o)
 .debug_aranges
                0x000009a0       0x20 H:/work/tools/VS-CODE/wing-gcc-window-v1.10/bin/../lib/gcc/riscv32-wing-elf/14.1.0\libgcc_nano.a(floatsidf.o)
 .debug_aranges
                0x000009c0       0x20 H:/work/tools/VS-CODE/wing-gcc-window-v1.10/bin/../lib/gcc/riscv32-wing-elf/14.1.0\libgcc_nano.a(fixdfdi.o)
 .debug_aranges
                0x000009e0       0x20 H:/work/tools/VS-CODE/wing-gcc-window-v1.10/bin/../lib/gcc/riscv32-wing-elf/14.1.0\libgcc_nano.a(floatdidf.o)
 .debug_aranges
                0x00000a00       0x20 H:/work/tools/VS-CODE/wing-gcc-window-v1.10/bin/../lib/gcc/riscv32-wing-elf/14.1.0\libgcc_nano.a(truncdfsf2.o)
 .debug_aranges