Archive member included to satisfy reference by file (symbol)

libosrcrypto.a(eccp_curve.c.obj)
                              CMakeFiles/ehsm_bl.elf.dir/src/component/dbgauth.c.obj (secp256r1)
libosrcrypto.a(utility.c.obj)
                              CMakeFiles/ehsm_bl.elf.dir/src/main.c.obj (memcpy_)
libosrcrypto.a(utility_sec.c.obj)
                              CMakeFiles/ehsm_bl.elf.dir/src/component/util.c.obj (uint32_cmp_sec)
libosrcrypto.a(hash_basic.c.obj)
                              CMakeFiles/ehsm_bl.elf.dir/src/component/crypto_lib_api.c.obj (hash_get_version)
libosrcrypto.a(pke.c.obj)     CMakeFiles/ehsm_bl.elf.dir/src/component/crypto_lib_api.c.obj (pke_get_version)
libosrcrypto.a(pke_common.c.obj)
                              libosrcrypto.a(pke.c.obj) (pke_load_operand)
libosrcrypto.a(ske_basic.c.obj)
                              CMakeFiles/ehsm_bl.elf.dir/src/component/crypto_lib_api.c.obj (ske_get_version)
libosrcrypto.a(trng_basic.c.obj)
                              CMakeFiles/ehsm_bl.elf.dir/src/component/crypto_lib_api.c.obj (trng_get_version)
libosrcrypto.a(hash.c.obj)    CMakeFiles/ehsm_bl.elf.dir/src/component/selftest.c.obj (hash_get_block_word_len)
libosrcrypto.a(hmac.c.obj)    CMakeFiles/ehsm_bl.elf.dir/src/component/crypto_lib_api.c.obj (hmac)
libosrcrypto.a(ecdsa.c.obj)   CMakeFiles/ehsm_bl.elf.dir/src/component/crypto_lib_api.c.obj (ecdsa_sign)
libosrcrypto.a(ecdsa_basic.c.obj)
                              libosrcrypto.a(ecdsa.c.obj) (ecdsa_get_e_bn)
libosrcrypto.a(rsa.c.obj)     CMakeFiles/ehsm_bl.elf.dir/src/component/crypto_lib_api.c.obj (RSA_ModExp)
libosrcrypto.a(rsassa_pss.c.obj)
                              CMakeFiles/ehsm_bl.elf.dir/src/component/crypto_lib_api.c.obj (rsa_ssa_pss_verify_by_msg_digest)
libosrcrypto.a(sm2.c.obj)     CMakeFiles/ehsm_bl.elf.dir/src/component/crypto_lib_api.c.obj (sm2_getkey)
libosrcrypto.a(sm2_basic.c.obj)
                              CMakeFiles/ehsm_bl.elf.dir/src/component/crypto_lib_api.c.obj (sm2_getZ)
libosrcrypto.a(ske.c.obj)     CMakeFiles/ehsm_bl.elf.dir/src/component/crypto_lib_api.c.obj (ske_crypto)
libosrcrypto.a(ske_cbc.c.obj)
                              CMakeFiles/ehsm_bl.elf.dir/src/component/crypto_lib_api.c.obj (ske_cbc_init)
libosrcrypto.a(ske_cmac.c.obj)
                              CMakeFiles/ehsm_bl.elf.dir/src/component/crypto_lib_api.c.obj (ske_cmac_init)
libosrcrypto.a(trng.c.obj)    CMakeFiles/ehsm_bl.elf.dir/src/component/crypto_lib_api.c.obj (get_rand_fast)
libosrcrypto.a(lib_extension.c.obj)
                              libosrcrypto.a(ske.c.obj) (lib_addr_arch32_lock_remap)
libosrcrypto.a(pke_prime.c.obj)
                              libosrcrypto.a(rsa.c.obj) (get_prime)
libosrcrypto.a(hash_kdf.c.obj)
                              libosrcrypto.a(sm2.c.obj) (ansi_x9_63_kdf_node_with_xor_in)
libosrcrypto.a(rsa_common.c.obj)
                              libosrcrypto.a(rsassa_pss.c.obj) (rsa_pkcs1_mgf1_with_xor_in)

Discarded input sections

 .group         0x00000000        0xc CMakeFiles/ehsm_bl.elf.dir/src/main.c.obj
 .group         0x00000000        0xc CMakeFiles/ehsm_bl.elf.dir/src/main.c.obj
 .group         0x00000000        0xc CMakeFiles/ehsm_bl.elf.dir/src/main.c.obj
 .group         0x00000000        0xc CMakeFiles/ehsm_bl.elf.dir/src/main.c.obj
 .group         0x00000000        0xc CMakeFiles/ehsm_bl.elf.dir/src/main.c.obj
 .group         0x00000000        0xc CMakeFiles/ehsm_bl.elf.dir/src/main.c.obj
 .group         0x00000000        0xc CMakeFiles/ehsm_bl.elf.dir/src/main.c.obj
 .group         0x00000000        0xc CMakeFiles/ehsm_bl.elf.dir/src/main.c.obj
 .group         0x00000000        0xc CMakeFiles/ehsm_bl.elf.dir/src/main.c.obj
 .group         0x00000000        0xc CMakeFiles/ehsm_bl.elf.dir/src/main.c.obj
 .group         0x00000000        0xc CMakeFiles/ehsm_bl.elf.dir/src/main.c.obj
 .group         0x00000000        0xc CMakeFiles/ehsm_bl.elf.dir/src/main.c.obj
 .group         0x00000000        0xc CMakeFiles/ehsm_bl.elf.dir/src/main.c.obj
 .group         0x00000000        0xc CMakeFiles/ehsm_bl.elf.dir/src/main.c.obj
 .group         0x00000000        0xc CMakeFiles/ehsm_bl.elf.dir/src/main.c.obj
 .group         0x00000000        0xc CMakeFiles/ehsm_bl.elf.dir/src/main.c.obj
 .group         0x00000000        0xc CMakeFiles/ehsm_bl.elf.dir/src/main.c.obj
 .group         0x00000000        0xc CMakeFiles/ehsm_bl.elf.dir/src/main.c.obj
 .group         0x00000000        0xc CMakeFiles/ehsm_bl.elf.dir/src/main.c.obj
 .group         0x00000000        0xc CMakeFiles/ehsm_bl.elf.dir/src/main.c.obj
 .group         0x00000000        0xc CMakeFiles/ehsm_bl.elf.dir/src/main.c.obj
 .group         0x00000000        0xc CMakeFiles/ehsm_bl.elf.dir/src/main.c.obj
 .group         0x00000000        0xc CMakeFiles/ehsm_bl.elf.dir/src/main.c.obj
 .group         0x00000000        0xc CMakeFiles/ehsm_bl.elf.dir/src/main.c.obj
 .group         0x00000000        0xc CMakeFiles/ehsm_bl.elf.dir/src/main.c.obj
[...]
Memory Configuration

Name             Origin             Length             Attributes
flash            0x10000000         0x00040000         axr
ram              0x20000140         0x00007ec0         arw
*default*        0x00000000         0xffffffff

Linker script and memory map

LOAD CMakeFiles/ehsm_bl.elf.dir/src/main.c.obj
LOAD CMakeFiles/ehsm_bl.elf.dir/src/component/bl_patch_test.c.obj
LOAD CMakeFiles/ehsm_bl.elf.dir/src/component/crypto_lib_api.c.obj
LOAD CMakeFiles/ehsm_bl.elf.dir/src/component/dbgauth.c.obj
LOAD CMakeFiles/ehsm_bl.elf.dir/src/component/dbgcmd_parser.c.obj
LOAD CMakeFiles/ehsm_bl.elf.dir/src/component/debug.c.obj
LOAD CMakeFiles/ehsm_bl.elf.dir/src/component/fw_upgrade.c.obj
LOAD CMakeFiles/ehsm_bl.elf.dir/src/component/fw_verify.c.obj
LOAD CMakeFiles/ehsm_bl.elf.dir/src/component/mbcmd_parser.c.obj
LOAD CMakeFiles/ehsm_bl.elf.dir/src/component/otp_data.c.obj
LOAD CMakeFiles/ehsm_bl.elf.dir/src/component/otp_key.c.obj
LOAD CMakeFiles/ehsm_bl.elf.dir/src/component/schedule.c.obj
LOAD CMakeFiles/ehsm_bl.elf.dir/src/component/secure_boot.c.obj
LOAD CMakeFiles/ehsm_bl.elf.dir/src/component/selftest.c.obj
LOAD CMakeFiles/ehsm_bl.elf.dir/src/component/util.c.obj
LOAD CMakeFiles/ehsm_bl.elf.dir/src/driver/emu.c.obj
LOAD CMakeFiles/ehsm_bl.elf.dir/src/driver/flash.c.obj
LOAD CMakeFiles/ehsm_bl.elf.dir/src/driver/kmu.c.obj
LOAD CMakeFiles/ehsm_bl.elf.dir/src/driver/mailbox.c.obj
LOAD CMakeFiles/ehsm_bl.elf.dir/src/driver/mmap.c.obj
LOAD CMakeFiles/ehsm_bl.elf.dir/src/driver/otp.c.obj
LOAD CMakeFiles/ehsm_bl.elf.dir/src/driver/randclk.c.obj
LOAD CMakeFiles/ehsm_bl.elf.dir/src/driver/sysreg.c.obj
LOAD CMakeFiles/ehsm_bl.elf.dir/src/driver/uart.c.obj
LOAD CMakeFiles/ehsm_bl.elf.dir/src/driver/watchdog.c.obj
LOAD CMakeFiles/ehsm_bl.elf.dir/src/driver/cpu/m130/driver/src/clic.c.obj
LOAD CMakeFiles/ehsm_bl.elf.dir/src/driver/cpu/m130/port/port_m130.c.obj
LOAD CMakeFiles/ehsm_bl.elf.dir/src/driver/cpu/m130/driver/src/pmp.c.obj
LOAD CMakeFiles/ehsm_bl.elf.dir/src/driver/cpu/m130/wmsis/core/src/crt0.S.obj
LOAD CMakeFiles/ehsm_bl.elf.dir/fid_lib/src/fid.c.obj
LOAD libosrcrypto.a
                0x10000000                        __ROM_BASE = 0x10000000
                0x00040000                        __ROM_SIZE = 0x40000
                0x20000000                        __ILM_RAM_BASE = 0x20000000
                0x00008000                        __ILM_RAM_SIZE = 0x8000
                0x20000140                        __RAM_BASE = 0x20000140
                0x00007ec0                        __RAM_SIZE = 0x7ec0
                0x00002000                        __STACK_SIZE = 0x2000
                0x00000000                        __HEAP_SIZE = 0x0

.init           0x10000000       0x7a
                0x10000000                        _TEXT_START = .
 *(SORT_NONE(.init))
 .init          0x10000000       0x7a CMakeFiles/ehsm_bl.elf.dir/src/driver/cpu/m130/wmsis/core/src/crt0.S.obj
                0x10000000                _start

.ver_data       0x1000007c       0x10
                0x10000080                        . = ALIGN (0x80)
 *fill*         0x1000007c        0x4 
 *(.ver_data)
 .ver_data      0x10000080        0xc CMakeFiles/ehsm_bl.elf.dir/src/main.c.obj

.ilalign        0x1000008c        0x0
                0x1000008c                        . = ALIGN (0x4)
                [!provide]                        PROVIDE (_ilm_lma = .)

.ialign         0x1000008c        0x0
                [!provide]                        PROVIDE (_ilm = .)

.text           0x100000c0     0x9b0c
                0x100000c0                        . = ALIGN (0x4)
 *(.text.unlikely .text.unlikely.*)
 *(.text.startup .text.startup.*)
 .text.startup.main
                0x100000c0       0x3c CMakeFiles/ehsm_bl.elf.dir/src/main.c.obj
                0x100000c0                main
 *(.text .text.*)
 .text.memcpy   0x100000fc        0xa CMakeFiles/ehsm_bl.elf.dir/src/main.c.obj
                0x100000fc                memcpy
 .text.memset   0x10000106        0xc CMakeFiles/ehsm_bl.elf.dir/src/main.c.obj
                0x10000106                memset
 *fill*         0x10000112       0x2e 
 .text.tbljal   0x10000140      0x400 CMakeFiles/ehsm_bl.elf.dir/src/main.c.obj
                0x10000140                __jvt_base$
 .text.cpt_ske_crypto
                0x10000540       0x1e CMakeFiles/ehsm_bl.elf.dir/src/component/crypto_lib_api.c.obj
                0x10000540                cpt_ske_crypto
 .text.cpt_ske_dma_crypto
                0x1000055e       0x52 CMakeFiles/ehsm_bl.elf.dir/src/component/crypto_lib_api.c.obj
                0x1000055e                cpt_ske_dma_crypto
 .text.cpt_ske_cbc_init
                0x100005b0       0x12 CMakeFiles/ehsm_bl.elf.dir/src/component/crypto_lib_api.c.obj
                0x100005b0                cpt_ske_cbc_init
 .text.cpt_ske_cbc_update_blocks
                0x100005c2       0x12 CMakeFiles/ehsm_bl.elf.dir/src/component/crypto_lib_api.c.obj
                0x100005c2                cpt_ske_cbc_update_blocks
 .text.cpt_ske_cbc_final
                0x100005d4       0x12 CMakeFiles/ehsm_bl.elf.dir/src/component/crypto_lib_api.c.obj
                0x100005d4                cpt_ske_cbc_final
 .text.cpt_ske_cmac_init
                0x100005e6       0x10 CMakeFiles/ehsm_bl.elf.dir/src/component/crypto_lib_api.c.obj
                0x100005e6                cpt_ske_cmac_init
 .text.cpt_ske_cmac_update
                0x100005f6       0x10 CMakeFiles/ehsm_bl.elf.dir/src/component/crypto_lib_api.c.obj
                0x100005f6                cpt_ske_cmac_update
 .text.cpt_ske_cmac_final
                0x10000606       0x10 CMakeFiles/ehsm_bl.elf.dir/src/component/crypto_lib_api.c.obj
                0x10000606                cpt_ske_cmac_final
 .text.cpt_ske_cmac
                0x10000616       0x12 CMakeFiles/ehsm_bl.elf.dir/src/component/crypto_lib_api.c.obj
                0x10000616                cpt_ske_cmac
 .text.cpt_ske_dma_cmac_update_including_last_block
                0x10000628       0x30 CMakeFiles/ehsm_bl.elf.dir/src/component/crypto_lib_api.c.obj
                0x10000628                cpt_ske_dma_cmac_update_including_last_block
 .text.cpt_cmac_ctx_cpu_2_dma
                0x10000658       0x16 CMakeFiles/ehsm_bl.elf.dir/src/component/crypto_lib_api.c.obj
                0x10000658                cpt_cmac_ctx_cpu_2_dma
 .text.cpt_hash_ctx_switch
                0x1000066e       0x92 CMakeFiles/ehsm_bl.elf.dir/src/component/crypto_lib_api.c.obj
                0x1000066e                cpt_hash_ctx_switch
 .text.cpt_hash_init
                0x10000700       0x10 CMakeFiles/ehsm_bl.elf.dir/src/component/crypto_lib_api.c.obj
                0x10000700                cpt_hash_init
 .text.cpt_hash_update
                0x10000710       0x10 CMakeFiles/ehsm_bl.elf.dir/src/component/crypto_lib_api.c.obj
                0x10000710                cpt_hash_update
 .text.cpt_hash_final
                0x10000720       0x10 CMakeFiles/ehsm_bl.elf.dir/src/component/crypto_lib_api.c.obj
                0x10000720                cpt_hash_final
 .text.cpt_hash
                0x10000730       0x10 CMakeFiles/ehsm_bl.elf.dir/src/component/crypto_lib_api.c.obj
                0x10000730                cpt_hash
 .text.cpt_hash_dma_final
                0x10000740       0x2e CMakeFiles/ehsm_bl.elf.dir/src/component/crypto_lib_api.c.obj
                0x10000740                cpt_hash_dma_final
 .text.cpt_hmac
                0x1000076e       0x10 CMakeFiles/ehsm_bl.elf.dir/src/component/crypto_lib_api.c.obj
                0x1000076e                cpt_hmac
 .text.cpt_ecdsa_sign
                0x1000077e       0x12 CMakeFiles/ehsm_bl.elf.dir/src/component/crypto_lib_api.c.obj
                0x1000077e                cpt_ecdsa_sign
 .text.cpt_ecdsa_verify
                0x10000790       0x10 CMakeFiles/ehsm_bl.elf.dir/src/component/crypto_lib_api.c.obj
                0x10000790                cpt_ecdsa_verify
 .text.cpt_rsa_modexp
                0x100007a0       0x10 CMakeFiles/ehsm_bl.elf.dir/src/component/crypto_lib_api.c.obj
                0x100007a0                cpt_rsa_modexp
 .text.cpt_rsa_modexp_with_pub
                0x100007b0       0x1a CMakeFiles/ehsm_bl.elf.dir/src/component/crypto_lib_api.c.obj
                0x100007b0                cpt_rsa_modexp_with_pub
 .text.cpt_rsa_crt_modexp_with_pub
                0x100007ca       0x14 CMakeFiles/ehsm_bl.elf.dir/src/component/crypto_lib_api.c.obj
                0x100007ca                cpt_rsa_crt_modexp_with_pub
 .text.cpt_rsa_ssa_pss_verify_by_msg_digest
                0x100007de       0x22 CMakeFiles/ehsm_bl.elf.dir/src/component/crypto_lib_api.c.obj
                0x100007de                cpt_rsa_ssa_pss_verify_by_msg_digest
 .text.cpt_sm2_verify
                0x10000800       0x12 CMakeFiles/ehsm_bl.elf.dir/src/component/crypto_lib_api.c.obj
                0x10000800                cpt_sm2_verify
 .text.cpt_sm2_sign
                0x10000812       0x10 CMakeFiles/ehsm_bl.elf.dir/src/component/crypto_lib_api.c.obj
                0x10000812                cpt_sm2_sign
 .text.cpt_sm2_getkey
                0x10000822       0x12 CMakeFiles/ehsm_bl.elf.dir/src/component/crypto_lib_api.c.obj
                0x10000822                cpt_sm2_getkey
 .text.cpt_sm2_encrypt
                0x10000834       0x10 CMakeFiles/ehsm_bl.elf.dir/src/component/crypto_lib_api.c.obj
                0x10000834                cpt_sm2_encrypt
 .text.cpt_sm2_decrypt
                0x10000844       0x10 CMakeFiles/ehsm_bl.elf.dir/src/component/crypto_lib_api.c.obj
                0x10000844                cpt_sm2_decrypt
 .text.cpt_sm2_exchangekey
                0x10000854       0x22 CMakeFiles/ehsm_bl.elf.dir/src/component/crypto_lib_api.c.obj
                0x10000854                cpt_sm2_exchangekey
 .text.cpt_get_rand
                0x10000876       0x10 CMakeFiles/ehsm_bl.elf.dir/src/component/crypto_lib_api.c.obj
                0x10000876                cpt_get_rand
 .text.cpt_trng_reseed
                0x10000886        0x2 CMakeFiles/ehsm_bl.elf.dir/src/component/crypto_lib_api.c.obj
                0x10000886                cpt_trng_reseed
 .text.cpt_sm2_getZ
                0x10000888       0x10 CMakeFiles/ehsm_bl.elf.dir/src/component/crypto_lib_api.c.obj
                0x10000888                cpt_sm2_getZ
 .text.cpt_sm2_getE
                0x10000898       0x12 CMakeFiles/ehsm_bl.elf.dir/src/component/crypto_lib_api.c.obj
                0x10000898                cpt_sm2_getE
 .text.cpt_pke_get_version
                0x100008aa        0x2 CMakeFiles/ehsm_bl.elf.dir/src/component/crypto_lib_api.c.obj
                0x100008aa                cpt_pke_get_version
 .text.cpt_pke_get_driver_version
                0x100008ac        0x2 CMakeFiles/ehsm_bl.elf.dir/src/component/crypto_lib_api.c.obj
                0x100008ac                cpt_pke_get_driver_version
 .text.cpt_ske_get_version
                0x100008ae        0x2 CMakeFiles/ehsm_bl.elf.dir/src/component/crypto_lib_api.c.obj
                0x100008ae                cpt_ske_get_version
 .text.cpt_ske_get_driver_version
                0x100008b0        0x2 CMakeFiles/ehsm_bl.elf.dir/src/component/crypto_lib_api.c.obj
                0x100008b0                cpt_ske_get_driver_version
 .text.cpt_hash_get_version
                0x100008b2        0x2 CMakeFiles/ehsm_bl.elf.dir/src/component/crypto_lib_api.c.obj
                0x100008b2                cpt_hash_get_version
 .text.cpt_hash_get_driver_version
                0x100008b4        0x2 CMakeFiles/ehsm_bl.elf.dir/src/component/crypto_lib_api.c.obj
                0x100008b4                cpt_hash_get_driver_version
 .text.cpt_trng_get_version
                0x100008b6        0x4 CMakeFiles/ehsm_bl.elf.dir/src/component/crypto_lib_api.c.obj
                0x100008b6                cpt_trng_get_version
 .text.cpt_trng_get_driver_version
                0x100008ba        0x2 CMakeFiles/ehsm_bl.elf.dir/src/component/crypto_lib_api.c.obj
                0x100008ba                cpt_trng_get_driver_version
 .text.lib_ske_secure_port_config
                0x100008bc       0x14 CMakeFiles/ehsm_bl.elf.dir/src/component/crypto_lib_api.c.obj
                0x100008bc                lib_ske_secure_port_config
 .text.lib_hash_secure_port_config
                0x100008d0        0xe CMakeFiles/ehsm_bl.elf.dir/src/component/crypto_lib_api.c.obj
                0x100008d0                lib_hash_secure_port_config
 .text.set_challenge_st
                0x100008de       0x38 CMakeFiles/ehsm_bl.elf.dir/src/component/dbgauth.c.obj
 .text.check_lifecycle_type
                0x10000916       0x7a CMakeFiles/ehsm_bl.elf.dir/src/component/dbgauth.c.obj
 .text.debug_auth_check_lifecycle_by_type
                0x10000990       0x7c CMakeFiles/ehsm_bl.elf.dir/src/component/dbgauth.c.obj
 .text.clear_challenge_st
                0x10000a0c       0x62 CMakeFiles/ehsm_bl.elf.dir/src/component/dbgauth.c.obj
 .text.dbgauth_ehsm_debug_auth
                0x10000a6e      0x4ec CMakeFiles/ehsm_bl.elf.dir/src/component/dbgauth.c.obj
                0x10000a6e                dbgauth_ehsm_debug_auth
 .text.dbgauth_debug_authentication_handle
                0x10000f5a       0xe2 CMakeFiles/ehsm_bl.elf.dir/src/component/dbgauth.c.obj
 .text.dbgauth_srv_handler
                0x1000103c      0x15a CMakeFiles/ehsm_bl.elf.dir/src/component/dbgauth.c.obj
                0x1000103c                dbgauth_srv_handler
 .text.print_number
                0x10001196      0x190 CMakeFiles/ehsm_bl.elf.dir/src/component/debug.c.obj
 .text.debug_vsnprintf
                0x10001326      0x356 CMakeFiles/ehsm_bl.elf.dir/src/component/debug.c.obj
                0x10001326                debug_vsnprintf
 .text.debug_printf
                0x1000167c       0x70 CMakeFiles/ehsm_bl.elf.dir/src/component/debug.c.obj
                0x1000167c                debug_printf
 .text.debug_flush
                0x100016ec        0x2 CMakeFiles/ehsm_bl.elf.dir/src/component/debug.c.obj
                0x100016ec                debug_flush
 .text.fwupd_get_verify_key_id
                0x100016ee       0x2c CMakeFiles/ehsm_bl.elf.dir/src/component/fw_upgrade.c.obj
 .text.check_signature
                0x1000171a       0xb4 CMakeFiles/ehsm_bl.elf.dir/src/component/fw_upgrade.c.obj
 .text.image_upgrade_finish.constprop.0
                0x100017ce      0x134 CMakeFiles/ehsm_bl.elf.dir/src/component/fw_upgrade.c.obj
 .text.get_code_key_usage
                0x10001902       0x26 CMakeFiles/ehsm_bl.elf.dir/src/component/fw_upgrade.c.obj
                0x10001902                get_code_key_usage
 .text.fwupgrade_header_is_valid
                0x10001928       0x1e CMakeFiles/ehsm_bl.elf.dir/src/component/fw_upgrade.c.obj
                0x10001928                fwupgrade_header_is_valid
 .text.fwupgrade_check_fw_header
                0x10001946       0x34 CMakeFiles/ehsm_bl.elf.dir/src/component/fw_upgrade.c.obj
                0x10001946                fwupgrade_check_fw_header
 .text.bpl_image_upgrade.constprop.0
                0x1000197a      0x6e6 CMakeFiles/ehsm_bl.elf.dir/src/component/fw_upgrade.c.obj
 .text.upgrade_update_flow_process_data.constprop.0
                0x10002060       0x84 CMakeFiles/ehsm_bl.elf.dir/src/component/fw_upgrade.c.obj
 .text.image_upgrade_flow_update.constprop.0
                0x100020e4       0x68 CMakeFiles/ehsm_bl.elf.dir/src/component/fw_upgrade.c.obj
 .text.fwupd_image_upgrade
                0x1000214c      0x308 CMakeFiles/ehsm_bl.elf.dir/src/component/fw_upgrade.c.obj
                0x1000214c                fwupd_image_upgrade
 .text.fwverify_get_dec_alg
                0x10002454       0x14 CMakeFiles/ehsm_bl.elf.dir/src/component/fw_verify.c.obj
 .text.get_signature_by_alg
                0x10002468       0x36 CMakeFiles/ehsm_bl.elf.dir/src/component/fw_verify.c.obj
 .text.fwverify_copy_data_dma
                0x1000249e       0x4a CMakeFiles/ehsm_bl.elf.dir/src/component/fw_verify.c.obj
 .text.fwverify_get_otpkey_phyid
                0x100024e8       0x30 CMakeFiles/ehsm_bl.elf.dir/src/component/fw_verify.c.obj
 .text.fwverify_check_rsa_signature
                0x10002518       0x64 CMakeFiles/ehsm_bl.elf.dir/src/component/fw_verify.c.obj
 .text.fwverify_check_sm2_signature
                0x1000257c       0x50 CMakeFiles/ehsm_bl.elf.dir/src/component/fw_verify.c.obj
 .text.fwverify_sym_check_code_sign
                0x100025cc      0x110 CMakeFiles/ehsm_bl.elf.dir/src/component/fw_verify.c.obj
 .text.fwverify_copy_data
                0x100026dc       0x20 CMakeFiles/ehsm_bl.elf.dir/src/component/fw_verify.c.obj
 .text.fwverify_header_is_valid
                0x100026fc       0x1e CMakeFiles/ehsm_bl.elf.dir/src/component/fw_verify.c.obj
                0x100026fc                fwverify_header_is_valid
 .text.fwverify_get_and_verify_pubkey
                0x1000271a       0xc6 CMakeFiles/ehsm_bl.elf.dir/src/component/fw_verify.c.obj
                0x1000271a                fwverify_get_and_verify_pubkey
 .text.fwverify_sm2_check_code_sign
                0x100027e0      0x116 CMakeFiles/ehsm_bl.elf.dir/src/component/fw_verify.c.obj
 .text.fwverify_asym_check_code_sign
                0x100028f6      0x168 CMakeFiles/ehsm_bl.elf.dir/src/component/fw_verify.c.obj
 .text.fwverify_check_code_sign
                0x10002a5e       0x40 CMakeFiles/ehsm_bl.elf.dir/src/component/fw_verify.c.obj
 .text.fwverify_check_ver_cnt
                0x10002a9e       0x3a CMakeFiles/ehsm_bl.elf.dir/src/component/fw_verify.c.obj
                0x10002a9e                fwverify_check_ver_cnt
 .text.fwverify_check_fw_header
                0x10002ad8       0x36 CMakeFiles/ehsm_bl.elf.dir/src/component/fw_verify.c.obj
                0x10002ad8                fwverify_check_fw_header
 .text.fwverify_vry_hsm_fw_in_soc_ram
                0x10002b0e      0x22e CMakeFiles/ehsm_bl.elf.dir/src/component/fw_verify.c.obj
 .text.fwverify_vry_soc_fw_in_soc_ram
                0x10002d3c      0x25a CMakeFiles/ehsm_bl.elf.dir/src/component/fw_verify.c.obj
 .text.fwverify_verify_image
                0x10002f96       0xd2 CMakeFiles/ehsm_bl.elf.dir/src/component/fw_verify.c.obj
                0x10002f96                fwverify_verify_image
 .text.mbcmdpars_check_lifecycle
                0x10003068       0x52 CMakeFiles/ehsm_bl.elf.dir/src/component/mbcmd_parser.c.obj
 .text.mbcmdpars_get_enc_keyid.constprop.0
                0x100030ba       0x7e CMakeFiles/ehsm_bl.elf.dir/src/component/mbcmd_parser.c.obj
 .text.mbcmdpars_handle_encrypt_key
                0x10003138      0x158 CMakeFiles/ehsm_bl.elf.dir/src/component/mbcmd_parser.c.obj
 .text.mbcmdpars_parse_cmd
                0x10003290      0x482 CMakeFiles/ehsm_bl.elf.dir/src/component/mbcmd_parser.c.obj
                0x10003290                mbcmdpars_parse_cmd
 .text.otpdata_get_soc_ver_cnt
                0x10003712       0x14 CMakeFiles/ehsm_bl.elf.dir/src/component/otp_data.c.obj
                0x10003712                otpdata_get_soc_ver_cnt
 .text.otpdata_get_hsm_ver_cnt
                0x10003726       0x14 CMakeFiles/ehsm_bl.elf.dir/src/component/otp_data.c.obj
                0x10003726                otpdata_get_hsm_ver_cnt
 .text.otpkey_get_keyid_map_idx.constprop.0
                0x1000373a       0x2c CMakeFiles/ehsm_bl.elf.dir/src/component/otp_key.c.obj
 .text.otpkey_register_keyid_map
                0x10003766       0x40 CMakeFiles/ehsm_bl.elf.dir/src/component/otp_key.c.obj
                0x10003766                otpkey_register_keyid_map
 .text.otpkey_check_usage
                0x100037a6       0x6e CMakeFiles/ehsm_bl.elf.dir/src/component/otp_key.c.obj
                0x100037a6                otpkey_check_usage
 .text.otpkey_read_data
                0x10003814       0x60 CMakeFiles/ehsm_bl.elf.dir/src/component/otp_key.c.obj
                0x10003814                otpkey_read_data
 .text.otpkey_get_phyid
                0x10003874       0x58 CMakeFiles/ehsm_bl.elf.dir/src/component/otp_key.c.obj
                0x10003874                otpkey_get_phyid
 .text.sch_start
                0x100038cc      0x120 CMakeFiles/ehsm_bl.elf.dir/src/component/schedule.c.obj
                0x100038cc                sch_start
 .text.secboot_uart_recv_cb
                0x100039ec        0x2 CMakeFiles/ehsm_bl.elf.dir/src/component/secure_boot.c.obj
                0x100039ec                secboot_uart_recv_cb
 .text.secboot_get_self_test_type
                0x100039ee       0x1e CMakeFiles/ehsm_bl.elf.dir/src/component/secure_boot.c.obj
                0x100039ee                secboot_get_self_test_type
 .text.secboot_report_error
                0x10003a0c       0x46 CMakeFiles/ehsm_bl.elf.dir/src/component/secure_boot.c.obj
                0x10003a0c                secboot_report_error
 .text.wdg_timeout_cb
                0x10003a52       0x16 CMakeFiles/ehsm_bl.elf.dir/src/component/secure_boot.c.obj
                0x10003a52                wdg_timeout_cb
 .text.secboot_set_self_test_emu_err
                0x10003a68       0x56 CMakeFiles/ehsm_bl.elf.dir/src/component/secure_boot.c.obj
                0x10003a68                secboot_set_self_test_emu_err
 .text.secboot_do_self_test
                0x10003abe       0x64 CMakeFiles/ehsm_bl.elf.dir/src/component/secure_boot.c.obj
                0x10003abe                secboot_do_self_test
 .text.secboot_start_randclk
                0x10003b22       0x1e CMakeFiles/ehsm_bl.elf.dir/src/component/secure_boot.c.obj
                0x10003b22                secboot_start_randclk
 .text.fid_panic_callback
                0x10003b40        0x8 CMakeFiles/ehsm_bl.elf.dir/src/component/secure_boot.c.obj
                0x10003b40                fid_panic_callback
 .text.fid_delay_get_random
                0x10003b48        0x2 CMakeFiles/ehsm_bl.elf.dir/src/component/secure_boot.c.obj
                0x10003b48                fid_delay_get_random
 .text.secboot_cpu_excpt_handler
                0x10003b4a        0x8 CMakeFiles/ehsm_bl.elf.dir/src/component/secure_boot.c.obj
                0x10003b4a                secboot_cpu_excpt_handler
 .text.secboot_check_hw_version
                0x10003b52       0x40 CMakeFiles/ehsm_bl.elf.dir/src/component/secure_boot.c.obj
                0x10003b52                secboot_check_hw_version
 .text.secboot_get_uart_baudrate_div
                0x10003b92       0x32 CMakeFiles/ehsm_bl.elf.dir/src/component/secure_boot.c.obj
                0x10003b92                secboot_get_uart_baudrate_div
 .text.secboot_check_uid
                0x10003bc4       0x40 CMakeFiles/ehsm_bl.elf.dir/src/component/secure_boot.c.obj
                0x10003bc4                secboot_check_uid
 .text.secboot_entry
                0x10003c04       0xae CMakeFiles/ehsm_bl.elf.dir/src/component/secure_boot.c.obj
                0x10003c04                secboot_entry
 .text.secboot_boot_fw
                0x10003cb2       0x3c CMakeFiles/ehsm_bl.elf.dir/src/component/secure_boot.c.obj
                0x10003cb2                secboot_boot_fw
 .text.secboot_enable_boot_fw
                0x10003cee       0x12 CMakeFiles/ehsm_bl.elf.dir/src/component/secure_boot.c.obj
                0x10003cee                secboot_enable_boot_fw
 .text.selftest_sm2_key_generate_test
                0x10003d00       0x98 CMakeFiles/ehsm_bl.elf.dir/src/component/selftest.c.obj
 .text.sm2_key_exchange_test
                0x10003d98      0x112 CMakeFiles/ehsm_bl.elf.dir/src/component/selftest.c.obj
 .text.selftest_set_test_result
                0x10003eaa       0x28 CMakeFiles/ehsm_bl.elf.dir/src/component/selftest.c.obj
 .text.selftest_trng_test
                0x10003ed2       0xd8 CMakeFiles/ehsm_bl.elf.dir/src/component/selftest.c.obj
 .text.selftest_rsa_std_data_test
                0x10003faa      0x1ca CMakeFiles/ehsm_bl.elf.dir/src/component/selftest.c.obj
 .text.selftest_hash_test.constprop.0
                0x10004174      0x114 CMakeFiles/ehsm_bl.elf.dir/src/component/selftest.c.obj
 .text.selftest_ske_basic_mode_test.constprop.0
                0x10004288       0xe4 CMakeFiles/ehsm_bl.elf.dir/src/component/selftest.c.obj
 .text.selftest_test_alg
                0x1000436c      0x39a CMakeFiles/ehsm_bl.elf.dir/src/component/selftest.c.obj
                0x1000436c                selftest_test_alg
 .text.selftest_get_test_result
                0x10004706       0x10 CMakeFiles/ehsm_bl.elf.dir/src/component/selftest.c.obj
                0x10004706                selftest_get_test_result
 .text.util_crc32
                0x10004716       0x32 CMakeFiles/ehsm_bl.elf.dir/src/component/util.c.obj
                0x10004716                util_crc32
 .text.get_uint32
                0x10004748        0x4 CMakeFiles/ehsm_bl.elf.dir/src/component/util.c.obj
                0x10004748                get_uint32
 .text.util_data_sec_double_check
                0x1000474c       0x4a CMakeFiles/ehsm_bl.elf.dir/src/component/util.c.obj
                0x1000474c                util_data_sec_double_check
 .text.emu_init
                0x10004796        0x2 CMakeFiles/ehsm_bl.elf.dir/src/driver/emu.c.obj
                0x10004796                emu_init
 .text.emu_trigger_fw_error
                0x10004798       0x46 CMakeFiles/ehsm_bl.elf.dir/src/driver/emu.c.obj
                0x10004798                emu_trigger_fw_error
 .text.kmu_check_param
                0x100047de       0x46 CMakeFiles/ehsm_bl.elf.dir/src/driver/kmu.c.obj
 .text.kmu_config
                0x10004824       0x56 CMakeFiles/ehsm_bl.elf.dir/src/driver/kmu.c.obj
                0x10004824                kmu_config
 .text.kmu_check_key_attr
                0x1000487a       0x9c CMakeFiles/ehsm_bl.elf.dir/src/driver/kmu.c.obj
                0x1000487a                kmu_check_key_attr
 .text.kmu_get_keyid_data
                0x10004916       0x64 CMakeFiles/ehsm_bl.elf.dir/src/driver/kmu.c.obj
                0x10004916                kmu_get_keyid_data
 .text.mailbox_init
                0x1000497a       0x20 CMakeFiles/ehsm_bl.elf.dir/src/driver/mailbox.c.obj
                0x1000497a                mailbox_init
 .text.mailbox_read
                0x1000499a       0x3c CMakeFiles/ehsm_bl.elf.dir/src/driver/mailbox.c.obj
                0x1000499a                mailbox_read
 .text.mailbox_write
                0x100049d6       0x40 CMakeFiles/ehsm_bl.elf.dir/src/driver/mailbox.c.obj
                0x100049d6                mailbox_write
 .text.mailbox_read_send_notify
                0x10004a16       0x2a CMakeFiles/ehsm_bl.elf.dir/src/driver/mailbox.c.obj
                0x10004a16                mailbox_read_send_notify
 .text.mailbox_set_send_notify
                0x10004a40       0x24 CMakeFiles/ehsm_bl.elf.dir/src/driver/mailbox.c.obj
                0x10004a40                mailbox_set_send_notify
 .text.mailbox_read_recv_notify
                0x10004a64       0x2a CMakeFiles/ehsm_bl.elf.dir/src/driver/mailbox.c.obj
                0x10004a64                mailbox_read_recv_notify
 .text.mailbox_clear_recv_notify
                0x10004a8e       0x24 CMakeFiles/ehsm_bl.elf.dir/src/driver/mailbox.c.obj
                0x10004a8e                mailbox_clear_recv_notify
 .text.mmap_remap_addr_u32
                0x10004ab2       0x30 CMakeFiles/ehsm_bl.elf.dir/src/driver/mmap.c.obj
                0x10004ab2                mmap_remap_addr_u32
 .text.mmap_remap_addr_u64
                0x10004ae2        0x8 CMakeFiles/ehsm_bl.elf.dir/src/driver/mmap.c.obj
                0x10004ae2                mmap_remap_addr_u64
 .text.mmap_write_remote_data
                0x10004aea       0x42 CMakeFiles/ehsm_bl.elf.dir/src/driver/mmap.c.obj
                0x10004aea                mmap_write_remote_data
 .text.mmap_read_remote_data
                0x10004b2c       0x42 CMakeFiles/ehsm_bl.elf.dir/src/driver/mmap.c.obj
                0x10004b2c                mmap_read_remote_data
 .text.otp_init
                0x10004b6e        0xa CMakeFiles/ehsm_bl.elf.dir/src/driver/otp.c.obj
                0x10004b6e                otp_init
 .text.otp_read
                0x10004b78       0x7e CMakeFiles/ehsm_bl.elf.dir/src/driver/otp.c.obj
                0x10004b78                otp_read
 .text.otp_write
                0x10004bf6       0x7c CMakeFiles/ehsm_bl.elf.dir/src/driver/otp.c.obj
                0x10004bf6                otp_write
 .text.randclk_start
                0x10004c72        0xe CMakeFiles/ehsm_bl.elf.dir/src/driver/randclk.c.obj
                0x10004c72                randclk_start
 .text.sysreg_get_status
                0x10004c80       0x1a CMakeFiles/ehsm_bl.elf.dir/src/driver/sysreg.c.obj
                0x10004c80                sysreg_get_status
 .text.sysreg_set_status
                0x10004c9a       0x34 CMakeFiles/ehsm_bl.elf.dir/src/driver/sysreg.c.obj
                0x10004c9a                sysreg_set_status
 .text.sysreg_enable_hsm_dbg
                0x10004cce       0x12 CMakeFiles/ehsm_bl.elf.dir/src/driver/sysreg.c.obj
                0x10004cce                sysreg_enable_hsm_dbg
 .text.sysreg_disable_hsm_dbg
                0x10004ce0        0xa CMakeFiles/ehsm_bl.elf.dir/src/driver/sysreg.c.obj
                0x10004ce0                sysreg_disable_hsm_dbg
 .text.sysreg_enable_soc_dbg
                0x10004cea       0x12 CMakeFiles/ehsm_bl.elf.dir/src/driver/sysreg.c.obj
                0x10004cea                sysreg_enable_soc_dbg
 .text.sysreg_disable_soc_dbg
                0x10004cfc        0xa CMakeFiles/ehsm_bl.elf.dir/src/driver/sysreg.c.obj
                0x10004cfc                sysreg_disable_soc_dbg
 .text.sysreg_enable_soc_dbg_ext
                0x10004d06       0x26 CMakeFiles/ehsm_bl.elf.dir/src/driver/sysreg.c.obj
                0x10004d06                sysreg_enable_soc_dbg_ext
 .text.sysreg_disable_soc_dbg_ext
                0x10004d2c       0x28 CMakeFiles/ehsm_bl.elf.dir/src/driver/sysreg.c.obj
                0x10004d2c                sysreg_disable_soc_dbg_ext
 .text.sysreg_get_life_cycle
                0x10004d54        0xe CMakeFiles/ehsm_bl.elf.dir/src/driver/sysreg.c.obj
                0x10004d54                sysreg_get_life_cycle
 .text.sysreg_get_otpkey_dec_alg
                0x10004d62       0x18 CMakeFiles/ehsm_bl.elf.dir/src/driver/sysreg.c.obj
                0x10004d62                sysreg_get_otpkey_dec_alg
 .text.sysreg_ahb_dma_cfg
                0x10004d7a        0x8 CMakeFiles/ehsm_bl.elf.dir/src/driver/sysreg.c.obj
                0x10004d7a                sysreg_ahb_dma_cfg
 .text.uart_init
                0x10004d82       0x28 CMakeFiles/ehsm_bl.elf.dir/src/driver/uart.c.obj
                0x10004d82                uart_init
 .text.uart_putc
                0x10004daa        0xe CMakeFiles/ehsm_bl.elf.dir/src/driver/uart.c.obj
                0x10004daa                uart_putc
 .text.uart_flush
                0x10004db8        0xc CMakeFiles/ehsm_bl.elf.dir/src/driver/uart.c.obj
                0x10004db8                uart_flush
 .text.uart_set_baudrate
                0x10004dc4        0x8 CMakeFiles/ehsm_bl.elf.dir/src/driver/uart.c.obj
                0x10004dc4                uart_set_baudrate
 .text.uart_deinit
                0x10004dcc       0x10 CMakeFiles/ehsm_bl.elf.dir/src/driver/uart.c.obj
                0x10004dcc                uart_deinit
 *fill*         0x10004ddc       0x24 
 .text.watchdog_int_handler
                0x10004e00       0x7e CMakeFiles/ehsm_bl.elf.dir/src/driver/watchdog.c.obj
 .text.watchdog_init
                0x10004e7e       0x4e CMakeFiles/ehsm_bl.elf.dir/src/driver/watchdog.c.obj
                0x10004e7e                watchdog_init
 .text.watchdog_start
                0x10004ecc       0x48 CMakeFiles/ehsm_bl.elf.dir/src/driver/watchdog.c.obj
                0x10004ecc                watchdog_start
 .text.watchdog_feed
                0x10004f14       0x1e CMakeFiles/ehsm_bl.elf.dir/src/driver/watchdog.c.obj
                0x10004f14                watchdog_feed
 .text.watchdog_stop
                0x10004f32       0x20 CMakeFiles/ehsm_bl.elf.dir/src/driver/watchdog.c.obj
                0x10004f32                watchdog_stop
 .text.clic_init
                0x10004f52       0x22 CMakeFiles/ehsm_bl.elf.dir/src/driver/cpu/m130/driver/src/clic.c.obj
                0x10004f52                clic_init
 .text.clic_int_handler_regist
                0x10004f74       0x14 CMakeFiles/ehsm_bl.elf.dir/src/driver/cpu/m130/driver/src/clic.c.obj
                0x10004f74                clic_int_handler_regist
 .text.clic_int_enable
                0x10004f88       0x16 CMakeFiles/ehsm_bl.elf.dir/src/driver/cpu/m130/driver/src/clic.c.obj
                0x10004f88                clic_int_enable
 .text.clic_int_disable
                0x10004f9e       0x16 CMakeFiles/ehsm_bl.elf.dir/src/driver/cpu/m130/driver/src/clic.c.obj
                0x10004f9e                clic_int_disable
 .text.clic_set_priority
                0x10004fb4       0x1e CMakeFiles/ehsm_bl.elf.dir/src/driver/cpu/m130/driver/src/clic.c.obj
                0x10004fb4                clic_set_priority
 .text.clic_set_trig_type
                0x10004fd2       0x2c CMakeFiles/ehsm_bl.elf.dir/src/driver/cpu/m130/driver/src/clic.c.obj
                0x10004fd2                clic_set_trig_type
 .text.clic_set_vector_mode
                0x10004ffe       0x22 CMakeFiles/ehsm_bl.elf.dir/src/driver/cpu/m130/driver/src/clic.c.obj
                0x10004ffe                clic_set_vector_mode
 .text.clic_clear_int_pending
                0x10005020       0x14 CMakeFiles/ehsm_bl.elf.dir/src/driver/cpu/m130/driver/src/clic.c.obj
                0x10005020                clic_clear_int_pending
 .text.clic_get_irq_handler
                0x10005034        0xc CMakeFiles/ehsm_bl.elf.dir/src/driver/cpu/m130/driver/src/clic.c.obj
                0x10005034                clic_get_irq_handler
 *fill*         0x10005040        0x0 
 .text.default_trap_handler
                0x10005040       0x7c CMakeFiles/ehsm_bl.elf.dir/src/driver/cpu/m130/port/port_m130.c.obj
                0x10005040                default_trap_handler
 .text.cpu_register_int
                0x100050bc       0x6a CMakeFiles/ehsm_bl.elf.dir/src/driver/cpu/m130/port/port_m130.c.obj
                0x100050bc                cpu_register_int
 .text.cpu_enable_int
                0x10005126       0x36 CMakeFiles/ehsm_bl.elf.dir/src/driver/cpu/m130/port/port_m130.c.obj
                0x10005126                cpu_enable_int
 .text.cpu_disable_int
                0x1000515c       0x26 CMakeFiles/ehsm_bl.elf.dir/src/driver/cpu/m130/port/port_m130.c.obj
                0x1000515c                cpu_disable_int
 .text.cpu_enable_global_int
                0x10005182        0xe CMakeFiles/ehsm_bl.elf.dir/src/driver/cpu/m130/port/port_m130.c.obj
                0x10005182                cpu_enable_global_int
 .text.cpu_disable_global_int
                0x10005190        0xc CMakeFiles/ehsm_bl.elf.dir/src/driver/cpu/m130/port/port_m130.c.obj
                0x10005190                cpu_disable_global_int
 .text.cpu_enter_critical
                0x1000519c        0x6 CMakeFiles/ehsm_bl.elf.dir/src/driver/cpu/m130/port/port_m130.c.obj
                0x1000519c                cpu_enter_critical
 .text.cpu_exit_critical
                0x100051a2        0x6 CMakeFiles/ehsm_bl.elf.dir/src/driver/cpu/m130/port/port_m130.c.obj
                0x100051a2                cpu_exit_critical
 .text.cpu_platform_init
                0x100051a8        0xc CMakeFiles/ehsm_bl.elf.dir/src/driver/cpu/m130/port/port_m130.c.obj
                0x100051a8                cpu_platform_init
 .text.fid_panic_loop
                0x100051b4       0x14 CMakeFiles/ehsm_bl.elf.dir/fid_lib/src/fid.c.obj
                0x100051b4                fid_panic_loop
 .text.fid_panic
                0x100051c8        0xa CMakeFiles/ehsm_bl.elf.dir/fid_lib/src/fid.c.obj
                0x100051c8                fid_panic
 .text.fid_set_u32
                0x100051d2       0x10 CMakeFiles/ehsm_bl.elf.dir/fid_lib/src/fid.c.obj
                0x100051d2                fid_set_u32
 .text.fid_get_u32
                0x100051e2       0x1c CMakeFiles/ehsm_bl.elf.dir/fid_lib/src/fid.c.obj
                0x100051e2                fid_get_u32
 .text.fid_inc_u32
                0x100051fe       0x14 CMakeFiles/ehsm_bl.elf.dir/fid_lib/src/fid.c.obj
                0x100051fe                fid_inc_u32
 .text.fid_delay
                0x10005212       0x30 CMakeFiles/ehsm_bl.elf.dir/fid_lib/src/fid.c.obj
                0x10005212                fid_delay
 .text.Big_Div2n_n_less_than_32
                0x10005242       0x40 libosrcrypto.a(utility.c.obj)
 .text.memcpy_  0x10005282       0x5c libosrcrypto.a(utility.c.obj)
                0x10005282                memcpy_
 .text.memcmp_  0x100052de       0x28 libosrcrypto.a(utility.c.obj)
                0x100052de                memcmp_
 .text.uint32_set
                0x10005306       0x14 libosrcrypto.a(utility.c.obj)
                0x10005306                uint32_set
 .text.memset_  0x1000531a       0x7e libosrcrypto.a(utility.c.obj)
                0x1000531a                memset_
 .text.uint32_copy
                0x10005398       0x22 libosrcrypto.a(utility.c.obj)
                0x10005398                uint32_copy
 .text.uint32_copy_8_words
                0x100053ba       0x26 libosrcrypto.a(utility.c.obj)
                0x100053ba                uint32_copy_8_words
 .text.uint32_clear
                0x100053e0       0x22 libosrcrypto.a(utility.c.obj)
                0x100053e0                uint32_clear
 .text.uint32_sleep
                0x10005402       0x44 libosrcrypto.a(utility.c.obj)
                0x10005402                uint32_sleep
 .text.reverse_byte_array
                0x10005446       0x4a libosrcrypto.a(utility.c.obj)
                0x10005446                reverse_byte_array
 .text.u8big_to_u32little_256bits
                0x10005490       0xee libosrcrypto.a(utility.c.obj)
                0x10005490                u8big_to_u32little_256bits
 .text.u8big_to_u32little_256bits_self
                0x1000557e      0x104 libosrcrypto.a(utility.c.obj)
                0x1000557e                u8big_to_u32little_256bits_self
 .text.u32little_to_u8big_256bits
                0x10005682       0xea libosrcrypto.a(utility.c.obj)
                0x10005682                u32little_to_u8big_256bits
 .text.uint8_XOR
                0x1000576c       0x2c libosrcrypto.a(utility.c.obj)
                0x1000576c                uint8_XOR
 .text.get_valid_bits
                0x10005798       0x46 libosrcrypto.a(utility.c.obj)
                0x10005798                get_valid_bits
 .text.get_valid_words
                0x100057de       0x1c libosrcrypto.a(utility.c.obj)
                0x100057de                get_valid_words
 .text.uint8_BigNum_Check_Zero
                0x100057fa       0x1c libosrcrypto.a(utility.c.obj)
                0x100057fa                uint8_BigNum_Check_Zero
 .text.uint32_BigNum_Check_Zero
                0x10005816       0x1e libosrcrypto.a(utility.c.obj)
                0x10005816                uint32_BigNum_Check_Zero
 .text.uint8_big_num_big_endian_add_little
                0x10005834       0x44 libosrcrypto.a(utility.c.obj)
                0x10005834                uint8_big_num_big_endian_add_little
 .text.uint32_big_num_little_endian_add_little
                0x10005878       0x3c libosrcrypto.a(utility.c.obj)
                0x10005878                uint32_big_num_little_endian_add_little
 .text.uint32_BigNumCmp
                0x100058b4       0x56 libosrcrypto.a(utility.c.obj)
                0x100058b4                uint32_BigNumCmp
 .text.Big_Div2n
                0x1000590a       0x5e libosrcrypto.a(utility.c.obj)
                0x1000590a                Big_Div2n
 .text.uint32_integer_check
                0x10005968       0x2a libosrcrypto.a(utility.c.obj)
                0x10005968                uint32_integer_check
 .text.uint32_cmp_sec
                0x10005992       0x58 libosrcrypto.a(utility_sec.c.obj)
                0x10005992                uint32_cmp_sec
 .text.hash_set_last_block.part.0
                0x100059ea       0x12 libosrcrypto.a(hash_basic.c.obj)
 .text.hash_get_version
                0x100059fc        0xa libosrcrypto.a(hash_basic.c.obj)
                0x100059fc                hash_get_version
 .text.hash_get_driver_version
                0x10005a06        0xa libosrcrypto.a(hash_basic.c.obj)
                0x10005a06                hash_get_driver_version
 .text.hash_set_cpu_mode
                0x10005a10       0x10 libosrcrypto.a(hash_basic.c.obj)
                0x10005a10                hash_set_cpu_mode
 .text.hash_set_dma_mode
                0x10005a20        0xe libosrcrypto.a(hash_basic.c.obj)
                0x10005a20                hash_set_dma_mode
 .text.hash_set_hash_mode
                0x10005a2e        0xc libosrcrypto.a(hash_basic.c.obj)
                0x10005a2e                hash_set_hash_mode
 .text.hash_set_hmac_mode
                0x10005a3a        0xe libosrcrypto.a(hash_basic.c.obj)
                0x10005a3a                hash_set_hmac_mode
 .text.hash_set_hmac_key_mode
                0x10005a48       0x12 libosrcrypto.a(hash_basic.c.obj)
                0x10005a48                hash_set_hmac_key_mode
 .text.hash_clear_hmac_key_mode
                0x10005a5a       0x10 libosrcrypto.a(hash_basic.c.obj)
                0x10005a5a                hash_clear_hmac_key_mode
 .text.hash_clear_risr
                0x10005a6a        0xc libosrcrypto.a(hash_basic.c.obj)
                0x10005a6a                hash_clear_risr
 .text.hash_set_hmac_key_cnt
                0x10005a76        0x8 libosrcrypto.a(hash_basic.c.obj)
                0x10005a76                hash_set_hmac_key_cnt
 .text.hash_set_hmac_key_len
                0x10005a7e        0x8 libosrcrypto.a(hash_basic.c.obj)
                0x10005a7e                hash_set_hmac_key_len
 .text.hash_set_alg
                0x10005a86       0x12 libosrcrypto.a(hash_basic.c.obj)
                0x10005a86                hash_set_alg
 .text.hash_disable_cpu_interruption
                0x10005a98        0xc libosrcrypto.a(hash_basic.c.obj)
                0x10005a98                hash_disable_cpu_interruption
 .text.hash_disable_dma_interruption
                0x10005aa4        0xc libosrcrypto.a(hash_basic.c.obj)
                0x10005aa4                hash_disable_dma_interruption
 .text.hash_set_dma_output_len
                0x10005ab0        0xa libosrcrypto.a(hash_basic.c.obj)
                0x10005ab0                hash_set_dma_output_len
 .text.hash_set_last_block
                0x10005aba       0x1a libosrcrypto.a(hash_basic.c.obj)
                0x10005aba                hash_set_last_block
 .text.hash_set_endian_uint32
                0x10005ad4        0xe libosrcrypto.a(hash_basic.c.obj)
                0x10005ad4                hash_set_endian_uint32
 .text.hash_hmac_enable_secure_port
                0x10005ae2        0x2 libosrcrypto.a(hash_basic.c.obj)
                0x10005ae2                hash_hmac_enable_secure_port
 .text.hash_hmac_disable_secure_port
                0x10005ae4        0xe libosrcrypto.a(hash_basic.c.obj)
                0x10005ae4                hash_hmac_disable_secure_port
 .text.hash_get_iterator
                0x10005af2       0x50 libosrcrypto.a(hash_basic.c.obj)
                0x10005af2                hash_get_iterator
 .text.hash_set_iterator
                0x10005b42       0x42 libosrcrypto.a(hash_basic.c.obj)
                0x10005b42                hash_set_iterator
 .text.hash_set_msg_len
                0x10005b84       0x28 libosrcrypto.a(hash_basic.c.obj)
                0x10005b84                hash_set_msg_len
 .text.hash_set_msg_total_bit_len
                0x10005bac       0x32 libosrcrypto.a(hash_basic.c.obj)
                0x10005bac                hash_set_msg_total_bit_len
 .text.hash_start
                0x10005bde       0x12 libosrcrypto.a(hash_basic.c.obj)
                0x10005bde                hash_start
 .text.hash_wait_till_done
                0x10005bf0        0xe libosrcrypto.a(hash_basic.c.obj)
                0x10005bf0                hash_wait_till_done
 .text.hash_hmac_key_opr_one_block
                0x10005bfe       0x3a libosrcrypto.a(hash_basic.c.obj)
                0x10005bfe                hash_hmac_key_opr_one_block
 .text.hash_update_config
                0x10005c38       0x28 libosrcrypto.a(hash_basic.c.obj)
                0x10005c38                hash_update_config
 .text.hash_hmac_sp_key_opr
                0x10005c60       0x24 libosrcrypto.a(hash_basic.c.obj)
                0x10005c60                hash_hmac_sp_key_opr
 .text.hash_dma_wait_till_done
                0x10005c84       0x16 libosrcrypto.a(hash_basic.c.obj)
                0x10005c84                hash_dma_wait_till_done
 .text.hash_input_msg_u8
                0x10005c9a       0x6c libosrcrypto.a(hash_basic.c.obj)
                0x10005c9a                hash_input_msg_u8
 .text.hash_hmac_key_opr_longer_than_one_block
                0x10005d06       0x24 libosrcrypto.a(hash_basic.c.obj)
                0x10005d06                hash_hmac_key_opr_longer_than_one_block
 .text.hash_dma_operate
                0x10005d2a       0x26 libosrcrypto.a(hash_basic.c.obj)
                0x10005d2a                hash_dma_operate
 .text.pke_get_version
                0x10005d50        0xa libosrcrypto.a(pke.c.obj)
                0x10005d50                pke_get_version
 .text.pke_get_driver_version
                0x10005d5a        0xa libosrcrypto.a(pke.c.obj)
                0x10005d5a                pke_get_driver_version
 .text.pke_clear_interrupt
                0x10005d64        0xc libosrcrypto.a(pke.c.obj)
                0x10005d64                pke_clear_interrupt
 .text.pke_set_operand_width
                0x10005d70       0x5a libosrcrypto.a(pke.c.obj)
                0x10005d70                pke_set_operand_width
 .text.pke_get_operand_bytes
                0x10005dca       0x20 libosrcrypto.a(pke.c.obj)
                0x10005dca                pke_get_operand_bytes
 .text.pke_start
                0x10005dea        0xe libosrcrypto.a(pke.c.obj)
                0x10005dea                pke_start
 .text.pke_wait_till_done
                0x10005df8        0xe libosrcrypto.a(pke.c.obj)
                0x10005df8                pke_wait_till_done
 .text.pke_set_micro_code_start_wait_return_code
                0x10005e06       0x1e libosrcrypto.a(pke.c.obj)
                0x10005e06                pke_set_micro_code_start_wait_return_code
 .text.pke_modinv_internal
                0x10005e24       0x48 libosrcrypto.a(pke.c.obj)
                0x10005e24                pke_modinv_internal
 .text.pke_modinv_256bits
                0x10005e6c       0x28 libosrcrypto.a(pke.c.obj)
                0x10005e6c                pke_modinv_256bits
 .text.pke_mod_add_sub_mul_internal
                0x10005e94       0x5e libosrcrypto.a(pke.c.obj)
                0x10005e94                pke_mod_add_sub_mul_internal
 .text.pke_mod_add_sub_mul_256bits_internal
                0x10005ef2       0x38 libosrcrypto.a(pke.c.obj)
                0x10005ef2                pke_mod_add_sub_mul_256bits_internal
 .text.pke_modadd_modsub_256bits
                0x10005f2a       0x22 libosrcrypto.a(pke.c.obj)
                0x10005f2a                pke_modadd_modsub_256bits
 .text.pke_add  0x10005f4c       0x24 libosrcrypto.a(pke.c.obj)
                0x10005f4c                pke_add
 .text.pke_sub  0x10005f70       0x24 libosrcrypto.a(pke.c.obj)
                0x10005f70                pke_sub
 .text.pke_mul_internal
                0x10005f94       0x76 libosrcrypto.a(pke.c.obj)
                0x10005f94                pke_mul_internal
 .text.pke_mul  0x1000600a       0x3c libosrcrypto.a(pke.c.obj)
                0x1000600a                pke_mul
 .text.pke_pre_calc_mont_N0
                0x10006046        0x6 libosrcrypto.a(pke.c.obj)
                0x10006046                pke_pre_calc_mont_N0
 .text.pke_pre_calc_mont
                0x1000604c       0x8a libosrcrypto.a(pke.c.obj)
                0x1000604c                pke_pre_calc_mont
 .text.pke_load_modulus
                0x100060d6       0x42 libosrcrypto.a(pke.c.obj)
                0x100060d6                pke_load_modulus
 .text.pke_modadd
                0x10006118       0x26 libosrcrypto.a(pke.c.obj)
                0x10006118                pke_modadd
 .text.pke_load_modulus_and_pre_monts
                0x1000613e       0x54 libosrcrypto.a(pke.c.obj)
                0x1000613e                pke_load_modulus_and_pre_monts
 .text.pke_load_modulus_and_pre_monts_256bits
                0x10006192       0x3a libosrcrypto.a(pke.c.obj)
                0x10006192                pke_load_modulus_and_pre_monts_256bits
 .text.pke_set_modulus_and_pre_monts
                0x100061cc       0x10 libosrcrypto.a(pke.c.obj)
                0x100061cc                pke_set_modulus_and_pre_monts
 .text.pke_modmul_internal
                0x100061dc       0x5c libosrcrypto.a(pke.c.obj)
                0x100061dc                pke_modmul_internal
 .text.pke_modexp_internal
                0x10006238       0x6e libosrcrypto.a(pke.c.obj)
                0x10006238                pke_modexp_internal
 .text.pke_modexp_check_input
                0x100062a6       0x56 libosrcrypto.a(pke.c.obj)
                0x100062a6                pke_modexp_check_input
 .text.pke_modexp_U8
                0x100062fc       0xf6 libosrcrypto.a(pke.c.obj)
                0x100062fc                pke_modexp_U8
 .text.pke_mod  0x100063f2      0x196 libosrcrypto.a(pke.c.obj)
                0x100063f2                pke_mod
 .text.eccp_pointMul_Shamir_internal
                0x10006588      0x138 libosrcrypto.a(pke.c.obj)
                0x10006588                eccp_pointMul_Shamir_internal
 .text.eccp_pointMul_Shamir
                0x100066c0       0x3a libosrcrypto.a(pke.c.obj)
                0x100066c0                eccp_pointMul_Shamir
 .text.eccp_pointMul_Shamir_safe_internal
                0x100066fa       0x10 libosrcrypto.a(pke.c.obj)
                0x100066fa                eccp_pointMul_Shamir_safe_internal
 .text.eccp_pointMul_base
                0x1000670a       0xf8 libosrcrypto.a(pke.c.obj)
                0x1000670a                eccp_pointMul_base
 .text.eccp_pointMul_internal
                0x10006802       0xde libosrcrypto.a(pke.c.obj)
                0x10006802                eccp_pointMul_internal
 .text.eccp_pointMul
                0x100068e0       0x2e libosrcrypto.a(pke.c.obj)
                0x100068e0                eccp_pointMul
 .text.eccp_pointVerify_internal
                0x1000690e       0x8e libosrcrypto.a(pke.c.obj)
                0x1000690e                eccp_pointVerify_internal
 .text.eccp_check_point_internal
                0x1000699c       0x40 libosrcrypto.a(pke.c.obj)
                0x1000699c                eccp_check_point_internal
 .text.eccp_check_point
                0x100069dc       0x24 libosrcrypto.a(pke.c.obj)
                0x100069dc                eccp_check_point
 .text.eccp_get_pubkey_from_prikey
                0x10006a00       0xcc libosrcrypto.a(pke.c.obj)
                0x10006a00                eccp_get_pubkey_from_prikey
 .text.eccp_getkey
                0x10006acc       0x54 libosrcrypto.a(pke.c.obj)
                0x10006acc                eccp_getkey
 .text.pke_load_operand
                0x10006b20       0x22 libosrcrypto.a(pke_common.c.obj)
                0x10006b20                pke_load_operand
 .text.pke_load_operand_256bits
                0x10006b42       0x26 libosrcrypto.a(pke_common.c.obj)
                0x10006b42                pke_load_operand_256bits
 .text.pke_read_operand
                0x10006b68       0x22 libosrcrypto.a(pke_common.c.obj)
                0x10006b68                pke_read_operand
 .text.pke_read_operand_256bits
                0x10006b8a       0x26 libosrcrypto.a(pke_common.c.obj)
                0x10006b8a                pke_read_operand_256bits
 .text.pke_load_operand_U8
                0x10006bb0       0x68 libosrcrypto.a(pke_common.c.obj)
                0x10006bb0                pke_load_operand_U8
 .text.pke_read_operand_U8
                0x10006c18       0x62 libosrcrypto.a(pke_common.c.obj)
                0x10006c18                pke_read_operand_U8
 .text.pke_set_operand_uint32_value
                0x10006c7a       0x1a libosrcrypto.a(pke_common.c.obj)
                0x10006c7a                pke_set_operand_uint32_value
 .text.ske_wait_till_done.part.0
                0x10006c94       0x38 libosrcrypto.a(ske_basic.c.obj)
 .text.ske_get_version
                0x10006ccc        0xa libosrcrypto.a(ske_basic.c.obj)
                0x10006ccc                ske_get_version
 .text.ske_get_driver_version
                0x10006cd6        0xa libosrcrypto.a(ske_basic.c.obj)
                0x10006cd6                ske_get_driver_version
 .text.ske_set_secure_port
                0x10006ce0        0xe libosrcrypto.a(ske_basic.c.obj)
                0x10006ce0                ske_set_secure_port
 .text.ske_clear_cfg
                0x10006cee        0xa libosrcrypto.a(ske_basic.c.obj)
                0x10006cee                ske_clear_cfg
 .text.ske_set_cpu_mode
                0x10006cf8       0x10 libosrcrypto.a(ske_basic.c.obj)
                0x10006cf8                ske_set_cpu_mode
 .text.ske_set_dma_mode
                0x10006d08        0xe libosrcrypto.a(ske_basic.c.obj)
                0x10006d08                ske_set_dma_mode
 .text.ske_disable_dma_linked_list
                0x10006d16       0x10 libosrcrypto.a(ske_basic.c.obj)
                0x10006d16                ske_disable_dma_linked_list
 .text.ske_set_endian_uint32
                0x10006d26       0x12 libosrcrypto.a(ske_basic.c.obj)
                0x10006d26                ske_set_endian_uint32
 .text.ske_set_crypto
                0x10006d38       0x1a libosrcrypto.a(ske_basic.c.obj)
                0x10006d38                ske_set_crypto
 .text.ske_set_alg
                0x10006d52       0x2a libosrcrypto.a(ske_basic.c.obj)
                0x10006d52                ske_set_alg
 .text.ske_set_mode
                0x10006d7c       0x16 libosrcrypto.a(ske_basic.c.obj)
                0x10006d7c                ske_set_mode
 .text.ske_set_last_block
                0x10006d92       0x1c libosrcrypto.a(ske_basic.c.obj)
                0x10006d92                ske_set_last_block
 .text.ske_set_last_block_len
                0x10006dae       0x16 libosrcrypto.a(ske_basic.c.obj)
                0x10006dae                ske_set_last_block_len
 .text.ske_start
                0x10006dc4       0x12 libosrcrypto.a(ske_basic.c.obj)
                0x10006dc4                ske_start
 .text.ske_wait_till_done
                0x10006dd6       0x10 libosrcrypto.a(ske_basic.c.obj)
                0x10006dd6                ske_wait_till_done
 .text.ske_set_key_uint32
                0x10006de6       0x30 libosrcrypto.a(ske_basic.c.obj)
                0x10006de6                ske_set_key_uint32
 .text.ske_set_iv_uint32
                0x10006e16       0x24 libosrcrypto.a(ske_basic.c.obj)
                0x10006e16                ske_set_iv_uint32
 .text.ske_set_c_len_uint32
                0x10006e3a       0x10 libosrcrypto.a(ske_basic.c.obj)
                0x10006e3a                ske_set_c_len_uint32
 .text.ske_set_padding
                0x10006e4a       0x1a libosrcrypto.a(ske_basic.c.obj)
                0x10006e4a                ske_set_padding
 .text.ske_set_payload_stage
                0x10006e64       0x1a libosrcrypto.a(ske_basic.c.obj)
                0x10006e64                ske_set_payload_stage
 .text.ske_set_mid_iv
                0x10006e7e       0x22 libosrcrypto.a(ske_basic.c.obj)
                0x10006e7e                ske_set_mid_iv
 .text.ske_simple_set_input_block
                0x10006ea0       0x24 libosrcrypto.a(ske_basic.c.obj)
                0x10006ea0                ske_simple_set_input_block
 .text.ske_simple_get_output_block
                0x10006ec4       0x2c libosrcrypto.a(ske_basic.c.obj)
                0x10006ec4                ske_simple_get_output_block
 .text.ske_expand_key
                0x10006ef0       0x28 libosrcrypto.a(ske_basic.c.obj)
                0x10006ef0                ske_expand_key
 .text.ske_dma_calc_wait_till_done
                0x10006f18       0x30 libosrcrypto.a(ske_basic.c.obj)
                0x10006f18                ske_dma_calc_wait_till_done
 .text.ske_dma_operate
                0x10006f48       0x30 libosrcrypto.a(ske_basic.c.obj)
                0x10006f48                ske_dma_operate
 .text.ske_update_blocks_no_output
                0x10006f78       0x7a libosrcrypto.a(ske_basic.c.obj)
                0x10006f78                ske_update_blocks_no_output
 .text.ske_update_blocks_align
                0x10006ff2      0x110 libosrcrypto.a(ske_basic.c.obj)
                0x10006ff2                ske_update_blocks_align
 .text.ske_update_blocks_internal
                0x10007102       0xbc libosrcrypto.a(ske_basic.c.obj)
                0x10007102                ske_update_blocks_internal
 .text.ske_disable_secure_port
                0x100071be        0xc libosrcrypto.a(ske_basic.c.obj)
                0x100071be                ske_disable_secure_port
 .text.trng_get_version
                0x100071ca        0x8 libosrcrypto.a(trng_basic.c.obj)
                0x100071ca                trng_get_version
 .text.trng_get_driver_version
                0x100071d2        0xa libosrcrypto.a(trng_basic.c.obj)
                0x100071d2                trng_get_driver_version
 .text.trng_enable
                0x100071dc        0xe libosrcrypto.a(trng_basic.c.obj)
                0x100071dc                trng_enable
 .text.trng_disable
                0x100071ea       0x10 libosrcrypto.a(trng_basic.c.obj)
                0x100071ea                trng_disable
 .text.wait_till_DT_ready
                0x100071fa       0x58 libosrcrypto.a(trng_basic.c.obj)
 .text.get_latest_gm_rand_buffer_gen
                0x10007252      0x114 libosrcrypto.a(trng_basic.c.obj)
 .text.get_latest_gm_rand_by_word_internal
                0x10007366      0x182 libosrcrypto.a(trng_basic.c.obj)
 .text.trng_set_mode
                0x100074e8       0x22 libosrcrypto.a(trng_basic.c.obj)
                0x100074e8                trng_set_mode
 .text.trng_reseed
                0x1000750a       0x1a libosrcrypto.a(trng_basic.c.obj)
                0x1000750a                trng_reseed
 .text.get_latest_gm_rand
                0x10007524       0x72 libosrcrypto.a(trng_basic.c.obj)
                0x10007524                get_latest_gm_rand
 .text.get_rand_uint32_without_reseed
                0x10007596       0xc0 libosrcrypto.a(trng_basic.c.obj)
                0x10007596                get_rand_uint32_without_reseed
 .text.get_rand_uint32_with_reseed
                0x10007656       0x12 libosrcrypto.a(trng_basic.c.obj)
                0x10007656                get_rand_uint32_with_reseed
 .text.get_rand_buffer
                0x10007668       0xbc libosrcrypto.a(trng_basic.c.obj)
                0x10007668                get_rand_buffer
 .text.get_rand_with_post_processing
                0x10007724       0x42 libosrcrypto.a(trng_basic.c.obj)
                0x10007724                get_rand_with_post_processing
 .text.check_hash_alg
                0x10007766        0xa libosrcrypto.a(hash.c.obj)
                0x10007766                check_hash_alg
 .text.hash_get_block_word_len
                0x10007770        0xa libosrcrypto.a(hash.c.obj)
                0x10007770                hash_get_block_word_len
 .text.hash_get_iterator_word_len
                0x1000777a        0xa libosrcrypto.a(hash.c.obj)
                0x1000777a                hash_get_iterator_word_len
 .text.hash_get_digest_word_len
                0x10007784        0x4 libosrcrypto.a(hash.c.obj)
                0x10007784                hash_get_digest_word_len
 .text.hash_set_IV
                0x10007788       0x1e libosrcrypto.a(hash.c.obj)
                0x10007788                hash_set_IV
 .text.hash_start_calculate
                0x100077a6       0x20 libosrcrypto.a(hash.c.obj)
 .text.hash_dma_update_recover_register
                0x100077c6       0x44 libosrcrypto.a(hash.c.obj)
 .text.hash_total_byte_len_add_uint32
                0x1000780a       0x30 libosrcrypto.a(hash.c.obj)
                0x1000780a                hash_total_byte_len_add_uint32
 .text.hash_total_bytelen_2_bitlen
                0x1000783a       0x22 libosrcrypto.a(hash.c.obj)
                0x1000783a                hash_total_bytelen_2_bitlen
 .text.hash_init
                0x1000785c       0x5a libosrcrypto.a(hash.c.obj)
                0x1000785c                hash_init
 .text.hash_calc_blocks
                0x100078b6       0x54 libosrcrypto.a(hash.c.obj)
                0x100078b6                hash_calc_blocks
 .text.hash_calc_rand_len_msg
                0x1000790a       0x28 libosrcrypto.a(hash.c.obj)
                0x1000790a                hash_calc_rand_len_msg
 .text.hash_total_byte_len_update
                0x10007932       0x1a libosrcrypto.a(hash.c.obj)
                0x10007932                hash_total_byte_len_update
 .text.hash_update
                0x1000794c       0xd0 libosrcrypto.a(hash.c.obj)
                0x1000794c                hash_update
 .text.hash_final
                0x10007a1c       0x6c libosrcrypto.a(hash.c.obj)
                0x10007a1c                hash_final
 .text.hash     0x10007a88       0x26 libosrcrypto.a(hash.c.obj)
                0x10007a88                hash
 .text.hash_node_steps
                0x10007aae       0x32 libosrcrypto.a(hash.c.obj)
                0x10007aae                hash_node_steps
 .text.hash_dma_final
                0x10007ae0       0xb8 libosrcrypto.a(hash.c.obj)
                0x10007ae0                hash_dma_final
 .text.hmac_init_step2.isra.0
                0x10007b98       0x54 libosrcrypto.a(hmac.c.obj)
 .text.hmac_key_state_recover
                0x10007bec       0x6c libosrcrypto.a(hmac.c.obj)
                0x10007bec                hmac_key_state_recover
 .text.hmac_init
                0x10007c58       0xa4 libosrcrypto.a(hmac.c.obj)
                0x10007c58                hmac_init
 .text.hmac_update
                0x10007cfc       0xe0 libosrcrypto.a(hmac.c.obj)
                0x10007cfc                hmac_update
 .text.hmac_final
                0x10007ddc       0x84 libosrcrypto.a(hmac.c.obj)
                0x10007ddc                hmac_final
 .text.hmac     0x10007e60       0x32 libosrcrypto.a(hmac.c.obj)
                0x10007e60                hmac
 .text.ecdsa_sign_uint32
                0x10007e92       0xdc libosrcrypto.a(ecdsa.c.obj)
 .text.ecdsa_sign
                0x10007f6e      0x108 libosrcrypto.a(ecdsa.c.obj)
                0x10007f6e                ecdsa_sign
 .text.ecdsa_verify
                0x10008076      0x176 libosrcrypto.a(ecdsa.c.obj)
                0x10008076                ecdsa_verify
 .text.ecdsa_get_e_bn
                0x100081ec       0x48 libosrcrypto.a(ecdsa_basic.c.obj)
                0x100081ec                ecdsa_get_e_bn
 .text.RSA_ModExp
                0x10008234       0x7e libosrcrypto.a(rsa.c.obj)
                0x10008234                RSA_ModExp
 .text.RSA_CRTModExp
                0x100082b2      0x194 libosrcrypto.a(rsa.c.obj)
                0x100082b2                RSA_CRTModExp
 .text.rsa_ssa_pss_verify_by_msg_digest
                0x10008446      0x1b6 libosrcrypto.a(rsassa_pss.c.obj)
                0x10008446                rsa_ssa_pss_verify_by_msg_digest
 .text.sm2_sign_with_k
                0x100085fc       0xc4 libosrcrypto.a(sm2.c.obj)
 .text.sm2_encrypt_with_k
                0x100086c0      0x154 libosrcrypto.a(sm2.c.obj)
 .text.sm2_getkey
                0x10008814       0x2c libosrcrypto.a(sm2.c.obj)
                0x10008814                sm2_getkey
 .text.sm2_sign
                0x10008840       0x98 libosrcrypto.a(sm2.c.obj)
                0x10008840                sm2_sign
 .text.sm2_verify
                0x100088d8      0x100 libosrcrypto.a(sm2.c.obj)
                0x100088d8                sm2_verify
 .text.sm2_encrypt
                0x100089d8       0x94 libosrcrypto.a(sm2.c.obj)
                0x100089d8                sm2_encrypt
 .text.sm2_decrypt
                0x10008a6c      0x152 libosrcrypto.a(sm2.c.obj)
                0x10008a6c                sm2_decrypt
 .text.sm2_exchangekey
                0x10008bbe      0x2c2 libosrcrypto.a(sm2.c.obj)
                0x10008bbe                sm2_exchangekey
 .text.sm2_getZ
                0x10008e80       0xdc libosrcrypto.a(sm2_basic.c.obj)
                0x10008e80                sm2_getZ
 .text.sm2_getE
                0x10008f5c       0x4a libosrcrypto.a(sm2_basic.c.obj)
                0x10008f5c                sm2_getE
 .text.ske_counter_add_u32.constprop.0.isra.0
                0x10008fa6       0x34 libosrcrypto.a(ske.c.obj)
 .text.ske_check_alg
                0x10008fda       0x1c libosrcrypto.a(ske.c.obj)
                0x10008fda                ske_check_alg
 .text.ske_check_mode
                0x10008ff6       0x34 libosrcrypto.a(ske.c.obj)
                0x10008ff6                ske_check_mode
 .text.ske_get_block_byte_len
                0x1000902a        0x4 libosrcrypto.a(ske.c.obj)
                0x1000902a                ske_get_block_byte_len
 .text.ske_set_iv
                0x1000902e       0x16 libosrcrypto.a(ske.c.obj)
                0x1000902e                ske_set_iv
 .text.ske_set_key
                0x10009044       0x16 libosrcrypto.a(ske.c.obj)
                0x10009044                ske_set_key
 .text.ske_init_internal
                0x1000905a       0xb2 libosrcrypto.a(ske.c.obj)
                0x1000905a                ske_init_internal
 .text.ske_keep_alg_key_iv
                0x1000910c       0x60 libosrcrypto.a(ske.c.obj)
                0x1000910c                ske_keep_alg_key_iv
 .text.ske_init
                0x1000916c       0x1e libosrcrypto.a(ske.c.obj)
                0x1000916c                ske_init
 .text.ske_update_blocks
                0x1000918a       0xd0 libosrcrypto.a(ske.c.obj)
                0x1000918a                ske_update_blocks
 .text.ske_check_padding
                0x1000925a       0x9e libosrcrypto.a(ske.c.obj)
                0x1000925a                ske_check_padding
 .text.ske_update_including_last_block
                0x100092f8      0x18c libosrcrypto.a(ske.c.obj)
                0x100092f8                ske_update_including_last_block
 .text.ske_final
                0x10009484       0x16 libosrcrypto.a(ske.c.obj)
                0x10009484                ske_final
 .text.ske_crypto
                0x1000949a       0x30 libosrcrypto.a(ske.c.obj)
                0x1000949a                ske_crypto
 .text.ske_dma_update_including_last_block
                0x100094ca      0x132 libosrcrypto.a(ske.c.obj)
                0x100094ca                ske_dma_update_including_last_block
 .text.ske_dma_crypto
                0x100095fc       0x36 libosrcrypto.a(ske.c.obj)
                0x100095fc                ske_dma_crypto
 .text.ske_cbc_init
                0x10009632       0x10 libosrcrypto.a(ske_cbc.c.obj)
                0x10009632                ske_cbc_init
 .text.ske_cbc_update_blocks
                0x10009642        0x4 libosrcrypto.a(ske_cbc.c.obj)
                0x10009642                ske_cbc_update_blocks
 .text.ske_cbc_final
                0x10009646        0x4 libosrcrypto.a(ske_cbc.c.obj)
                0x10009646                ske_cbc_final
 .text.ske_cmac_init_internal
                0x1000964a       0x38 libosrcrypto.a(ske_cmac.c.obj)
                0x1000964a                ske_cmac_init_internal
 .text.ske_cmac_init
                0x10009682       0x2c libosrcrypto.a(ske_cmac.c.obj)
                0x10009682                ske_cmac_init
 .text.ske_cmac_update
                0x100096ae       0xe4 libosrcrypto.a(ske_cmac.c.obj)
                0x100096ae                ske_cmac_update
 .text.ske_cmac_final
                0x10009792       0x9c libosrcrypto.a(ske_cmac.c.obj)
                0x10009792                ske_cmac_final
 .text.ske_cmac
                0x1000982e       0x2e libosrcrypto.a(ske_cmac.c.obj)
                0x1000982e                ske_cmac
 .text.ske_dma_cmac_update_including_last_block
                0x1000985c       0xda libosrcrypto.a(ske_cmac.c.obj)
                0x1000985c                ske_dma_cmac_update_including_last_block
 .text.get_rand
                0x10009936       0x16 libosrcrypto.a(trng.c.obj)
                0x10009936                get_rand
 .text.lib_addr_arch32_lock_remap
                0x1000994c       0x10 libosrcrypto.a(lib_extension.c.obj)
                0x1000994c                lib_addr_arch32_lock_remap
 .text.lib_addr_arch32_unlock_remap
                0x1000995c        0x2 libosrcrypto.a(lib_extension.c.obj)
                0x1000995c                lib_addr_arch32_unlock_remap
 .text.ansi_x9_63_kdf_internal
                0x1000995e       0x4c libosrcrypto.a(hash_kdf.c.obj)
                0x1000995e                ansi_x9_63_kdf_internal
 .text.ansi_x9_63_kdf_digest_remainder
                0x100099aa       0x72 libosrcrypto.a(hash_kdf.c.obj)
 .text.ansi_x9_63_kdf_node_with_xor_in
                0x10009a1c      0x110 libosrcrypto.a(hash_kdf.c.obj)
                0x10009a1c                ansi_x9_63_kdf_node_with_xor_in
 .text.ansi_x9_63_kdf_node
                0x10009b2c       0x7e libosrcrypto.a(hash_kdf.c.obj)
                0x10009b2c                ansi_x9_63_kdf_node
 .text.rsa_pkcs1_mgf1_with_xor_in
                0x10009baa       0x22 libosrcrypto.a(rsa_common.c.obj)
                0x10009baa                rsa_pkcs1_mgf1_with_xor_in
 *(.gnu.linkonce.t.*)
                0x10009bcc                        _TEXT_END = .

.rodata         0x10009c00     0x113c
                0x10009c00                        . = ALIGN (0x400)
                0x10009c00                        _RO_DATA_START = .
 *(.rdata)
 *(.rodata .rodata.*)
 .rodata.debug_vsnprintf.str1.4
                0x10009c00      0x170 CMakeFiles/ehsm_bl.elf.dir/src/component/debug.c.obj
                                  0x7 (size before relaxing)
 .rodata.debug_vsnprintf
                0x10009d70       0x58 CMakeFiles/ehsm_bl.elf.dir/src/component/debug.c.obj
 .rodata.small_digits.1
                0x10009dc8       0x11 CMakeFiles/ehsm_bl.elf.dir/src/component/debug.c.obj
 *fill*         0x10009dd9        0x3 
 .rodata.large_digits.2
                0x10009ddc       0x11 CMakeFiles/ehsm_bl.elf.dir/src/component/debug.c.obj
 *fill*         0x10009ded        0x3 
 .rodata.bpl_image_upgrade.constprop.0
                0x10009df0       0x20 CMakeFiles/ehsm_bl.elf.dir/src/component/fw_upgrade.c.obj
 .rodata.get_signature_by_alg
                0x10009e10       0x20 CMakeFiles/ehsm_bl.elf.dir/src/component/fw_verify.c.obj
 .rodata.fwverify_check_code_sign
                0x10009e30       0x20 CMakeFiles/ehsm_bl.elf.dir/src/component/fw_verify.c.obj
 .rodata.mbcmdpars_parse_cmd.str1.4
                0x10009e50        0xc CMakeFiles/ehsm_bl.elf.dir/src/component/mbcmd_parser.c.obj
 .rodata.mbcmdpars_parse_cmd
                0x10009e50       0x90 CMakeFiles/ehsm_bl.elf.dir/src/component/mbcmd_parser.c.obj
 .rodata.sch_start.str1.4
                0x10009ee0       0x1a CMakeFiles/ehsm_bl.elf.dir/src/component/schedule.c.obj
 .rodata.wdg_timeout_cb.str1.4
                0x10009ee0        0x9 CMakeFiles/ehsm_bl.elf.dir/src/component/secure_boot.c.obj
 .rodata.secboot_set_self_test_emu_err.str1.4
                0x10009ee0       0x12 CMakeFiles/ehsm_bl.elf.dir/src/component/secure_boot.c.obj
 .rodata.CSWTCH.12
                0x10009ee0       0x20 CMakeFiles/ehsm_bl.elf.dir/src/component/secure_boot.c.obj
 .rodata.g_otp_default_keyid_map
                0x10009f00      0x110 CMakeFiles/ehsm_bl.elf.dir/src/component/secure_boot.c.obj
                0x10009f00                g_otp_default_keyid_map
 .rodata.sm2_key_exchange_test.str1.4
                0x1000a010      0x119 CMakeFiles/ehsm_bl.elf.dir/src/component/selftest.c.obj
 .rodata.selftest_hash_test.constprop.0.str1.4
                0x1000a010        0x4 CMakeFiles/ehsm_bl.elf.dir/src/component/selftest.c.obj
 .rodata.selftest_ske_basic_mode_test.constprop.0
                0x1000a010       0x18 CMakeFiles/ehsm_bl.elf.dir/src/component/selftest.c.obj
 .rodata.sha256_hash_test_data
                0x1000a028       0x18 CMakeFiles/ehsm_bl.elf.dir/src/component/selftest.c.obj
                0x1000a028                sha256_hash_test_data
 .rodata.sm3_hash_test_data
                0x1000a040       0x18 CMakeFiles/ehsm_bl.elf.dir/src/component/selftest.c.obj
                0x1000a040                sm3_hash_test_data
 .rodata.std_signature_sha256
                0x1000a058       0x40 CMakeFiles/ehsm_bl.elf.dir/src/component/selftest.c.obj
                0x1000a058                std_signature_sha256
 .rodata.ecc256_pubKey
                0x1000a098       0x40 CMakeFiles/ehsm_bl.elf.dir/src/component/selftest.c.obj
                0x1000a098                ecc256_pubKey
 .rodata.ecc256_priKey
                0x1000a0d8       0x20 CMakeFiles/ehsm_bl.elf.dir/src/component/selftest.c.obj
                0x1000a0d8                ecc256_priKey
 .rodata.std_E_sha256
                0x1000a0f8       0x20 CMakeFiles/ehsm_bl.elf.dir/src/component/selftest.c.obj
                0x1000a0f8                std_E_sha256
 .rodata.std_digest2_sha256
                0x1000a118       0x20 CMakeFiles/ehsm_bl.elf.dir/src/component/selftest.c.obj
                0x1000a118                std_digest2_sha256
 .rodata.std_digest1_sha256
                0x1000a138       0x20 CMakeFiles/ehsm_bl.elf.dir/src/component/selftest.c.obj
                0x1000a138                std_digest1_sha256
 .rodata.std_mac2_sha256
                0x1000a158       0x20 CMakeFiles/ehsm_bl.elf.dir/src/component/selftest.c.obj
                0x1000a158                std_mac2_sha256
 .rodata.std_mac1_sha256
                0x1000a178       0x20 CMakeFiles/ehsm_bl.elf.dir/src/component/selftest.c.obj
                0x1000a178                std_mac1_sha256
 .rodata.std_digest2_sm3
                0x1000a198       0x20 CMakeFiles/ehsm_bl.elf.dir/src/component/selftest.c.obj
                0x1000a198                std_digest2_sm3
 .rodata.std_digest1_sm3
                0x1000a1b8       0x20 CMakeFiles/ehsm_bl.elf.dir/src/component/selftest.c.obj
                0x1000a1b8                std_digest1_sm3
 .rodata.std_mac2_sm3
                0x1000a1d8       0x20 CMakeFiles/ehsm_bl.elf.dir/src/component/selftest.c.obj
                0x1000a1d8                std_mac2_sm3
 .rodata.std_mac1_sm3
                0x1000a1f8       0x20 CMakeFiles/ehsm_bl.elf.dir/src/component/selftest.c.obj
                0x1000a1f8                std_mac1_sm3
 .rodata.std_out
                0x1000a218       0x80 CMakeFiles/ehsm_bl.elf.dir/src/component/selftest.c.obj
                0x1000a218                std_out
 .rodata.u      0x1000a298       0x40 CMakeFiles/ehsm_bl.elf.dir/src/component/selftest.c.obj
                0x1000a298                u
 .rodata.dq     0x1000a2d8       0x40 CMakeFiles/ehsm_bl.elf.dir/src/component/selftest.c.obj
                0x1000a2d8                dq
 .rodata.dp     0x1000a318       0x40 CMakeFiles/ehsm_bl.elf.dir/src/component/selftest.c.obj
                0x1000a318                dp
 .rodata.q      0x1000a358       0x40 CMakeFiles/ehsm_bl.elf.dir/src/component/selftest.c.obj
                0x1000a358                q
 .rodata.p      0x1000a398       0x40 CMakeFiles/ehsm_bl.elf.dir/src/component/selftest.c.obj
                0x1000a398                p
 .rodata.d      0x1000a3d8       0x80 CMakeFiles/ehsm_bl.elf.dir/src/component/selftest.c.obj
                0x1000a3d8                d
 .rodata.n      0x1000a458       0x80 CMakeFiles/ehsm_bl.elf.dir/src/component/selftest.c.obj
                0x1000a458                n
 .rodata.std_sm2_cipher
                0x1000a4d8       0x74 CMakeFiles/ehsm_bl.elf.dir/src/component/selftest.c.obj
                0x1000a4d8                std_sm2_cipher
 .rodata.std_sm2_plain
                0x1000a54c       0x13 CMakeFiles/ehsm_bl.elf.dir/src/component/selftest.c.obj
                0x1000a54c                std_sm2_plain
 *fill*         0x1000a55f        0x1 
 .rodata.std_signature
                0x1000a560       0x40 CMakeFiles/ehsm_bl.elf.dir/src/component/selftest.c.obj
                0x1000a560                std_signature
 .rodata.std_E  0x1000a5a0       0x20 CMakeFiles/ehsm_bl.elf.dir/src/component/selftest.c.obj
                0x1000a5a0                std_E
 .rodata.std_pubkey
                0x1000a5c0       0x41 CMakeFiles/ehsm_bl.elf.dir/src/component/selftest.c.obj
                0x1000a5c0                std_pubkey
 *fill*         0x1000a601        0x3 
 .rodata.std_prikey
                0x1000a604       0x20 CMakeFiles/ehsm_bl.elf.dir/src/component/selftest.c.obj
                0x1000a604                std_prikey
 .rodata.aes_basic_test_data
                0x1000a624       0x8c CMakeFiles/ehsm_bl.elf.dir/src/component/selftest.c.obj
                0x1000a624                aes_basic_test_data
 .rodata.sm4_basic_test_data
                0x1000a6b0       0x8c CMakeFiles/ehsm_bl.elf.dir/src/component/selftest.c.obj
                0x1000a6b0                sm4_basic_test_data
 .rodata.std_ctr_out_aes128
                0x1000a73c       0x20 CMakeFiles/ehsm_bl.elf.dir/src/component/selftest.c.obj
                0x1000a73c                std_ctr_out_aes128
 .rodata.std_ofb_out_aes128
                0x1000a75c       0x20 CMakeFiles/ehsm_bl.elf.dir/src/component/selftest.c.obj
                0x1000a75c                std_ofb_out_aes128
 .rodata.std_cfb_out_aes128
                0x1000a77c       0x20 CMakeFiles/ehsm_bl.elf.dir/src/component/selftest.c.obj
                0x1000a77c                std_cfb_out_aes128
 .rodata.std_cbc_out_aes128
                0x1000a79c       0x20 CMakeFiles/ehsm_bl.elf.dir/src/component/selftest.c.obj
                0x1000a79c                std_cbc_out_aes128
 .rodata.std_ecb_out_aes128
                0x1000a7bc       0x20 CMakeFiles/ehsm_bl.elf.dir/src/component/selftest.c.obj
                0x1000a7bc                std_ecb_out_aes128
 .rodata.std_ctr_out_sm4
                0x1000a7dc       0x20 CMakeFiles/ehsm_bl.elf.dir/src/component/selftest.c.obj
                0x1000a7dc                std_ctr_out_sm4
 .rodata.std_ofb_out_sm4
                0x1000a7fc       0x20 CMakeFiles/ehsm_bl.elf.dir/src/component/selftest.c.obj
                0x1000a7fc                std_ofb_out_sm4
 .rodata.std_cfb_out_sm4
                0x1000a81c       0x20 CMakeFiles/ehsm_bl.elf.dir/src/component/selftest.c.obj
                0x1000a81c                std_cfb_out_sm4
 .rodata.std_cbc_out_sm4
                0x1000a83c       0x20 CMakeFiles/ehsm_bl.elf.dir/src/component/selftest.c.obj
                0x1000a83c                std_cbc_out_sm4
 .rodata.std_ecb_out_sm4
                0x1000a85c       0x20 CMakeFiles/ehsm_bl.elf.dir/src/component/selftest.c.obj
                0x1000a85c                std_ecb_out_sm4
 .rodata.std_iv
                0x1000a87c       0x10 CMakeFiles/ehsm_bl.elf.dir/src/component/selftest.c.obj
                0x1000a87c                std_iv
 .rodata.std_key
                0x1000a88c       0x20 CMakeFiles/ehsm_bl.elf.dir/src/component/selftest.c.obj
                0x1000a88c                std_key
 .rodata.std_in
                0x1000a8ac       0x20 CMakeFiles/ehsm_bl.elf.dir/src/component/selftest.c.obj
                0x1000a8ac                std_in
 .rodata        0x1000a8cc       0xca CMakeFiles/ehsm_bl.elf.dir/src/component/selftest.c.obj
 *fill*         0x1000a996        0x2 
 .rodata        0x1000a998       0x10 CMakeFiles/ehsm_bl.elf.dir/src/driver/sysreg.c.obj
 .rodata.sm2_curve
                0x1000a9a8       0x30 libosrcrypto.a(eccp_curve.c.obj)
                0x1000a9a8                sm2_curve
 .rodata.g_sm2p256v1_n_minus_1
                0x1000a9d8       0x20 libosrcrypto.a(eccp_curve.c.obj)
                0x1000a9d8                g_sm2p256v1_n_minus_1
 .rodata.sm2p256v1_2_128_G_y
                0x1000a9f8       0x20 libosrcrypto.a(eccp_curve.c.obj)
 .rodata.sm2p256v1_2_128_G_x
                0x1000aa18       0x20 libosrcrypto.a(eccp_curve.c.obj)
 .rodata.sm2p256v1_n_h
                0x1000aa38       0x20 libosrcrypto.a(eccp_curve.c.obj)
 .rodata.sm2p256v1_n
                0x1000aa58       0x20 libosrcrypto.a(eccp_curve.c.obj)
 .rodata.sm2p256v1_Gy
                0x1000aa78       0x20 libosrcrypto.a(eccp_curve.c.obj)
 .rodata.sm2p256v1_Gx
                0x1000aa98       0x20 libosrcrypto.a(eccp_curve.c.obj)
 .rodata.sm2p256v1_b
                0x1000aab8       0x20 libosrcrypto.a(eccp_curve.c.obj)
 .rodata.sm2p256v1_a
                0x1000aad8       0x20 libosrcrypto.a(eccp_curve.c.obj)
 .rodata.sm2p256v1_p_h
                0x1000aaf8       0x20 libosrcrypto.a(eccp_curve.c.obj)
 .rodata.sm2p256v1_p
                0x1000ab18       0x20 libosrcrypto.a(eccp_curve.c.obj)
 .rodata.secp256r1
                0x1000ab38       0x30 libosrcrypto.a(eccp_curve.c.obj)
                0x1000ab38                secp256r1
 .rodata.secp256r1_2_128_Gy
                0x1000ab68       0x20 libosrcrypto.a(eccp_curve.c.obj)
 .rodata.secp256r1_2_128_Gx
                0x1000ab88       0x20 libosrcrypto.a(eccp_curve.c.obj)
 .rodata.secp256r1_n_h
                0x1000aba8       0x20 libosrcrypto.a(eccp_curve.c.obj)
 .rodata.secp256r1_n
                0x1000abc8       0x20 libosrcrypto.a(eccp_curve.c.obj)
 .rodata.secp256r1_Gy
                0x1000abe8       0x20 libosrcrypto.a(eccp_curve.c.obj)
 .rodata.secp256r1_Gx
                0x1000ac08       0x20 libosrcrypto.a(eccp_curve.c.obj)
 .rodata.secp256r1_b
                0x1000ac28       0x20 libosrcrypto.a(eccp_curve.c.obj)
 .rodata.secp256r1_a
                0x1000ac48       0x20 libosrcrypto.a(eccp_curve.c.obj)
 .rodata.secp256r1_p_h
                0x1000ac68       0x20 libosrcrypto.a(eccp_curve.c.obj)
 .rodata.secp256r1_p
                0x1000ac88       0x20 libosrcrypto.a(eccp_curve.c.obj)
 .rodata        0x1000aca8       0x14 libosrcrypto.a(pke.c.obj)
 .rodata.CSWTCH.22
                0x1000acbc       0x10 libosrcrypto.a(ske_basic.c.obj)
 .rodata.CSWTCH.21
                0x1000accc       0x10 libosrcrypto.a(ske_basic.c.obj)
 .rodata.SHA256_IV
                0x1000acdc       0x20 libosrcrypto.a(hash.c.obj)
                0x1000acdc                SHA256_IV
 .rodata.SM3_IV
                0x1000acfc       0x20 libosrcrypto.a(hash.c.obj)
                0x1000acfc                SM3_IV
 .rodata.g_sm2_default_id
                0x1000ad1c       0x10 libosrcrypto.a(sm2_basic.c.obj)
                0x1000ad1c                g_sm2_default_id
                0x1000ad2c                        . = ALIGN (0x4)
                0x1000ad2c                        __rt_init_start = .
 *(SORT_BY_NAME(.rti_fn*))
                0x1000ad2c                        __rt_init_end = .
                0x1000ad2c                        . = ALIGN (0x4)
                0x1000ad2c                        __fsymtab_start = .
 *(FSymTab)
                0x1000ad2c                        __fsymtab_end = .
                0x1000ad2c                        . = ALIGN (0x4)
                0x1000ad2c                        __vsymtab_start = .
 *(VSymTab)
                0x1000ad2c                        __vsymtab_end = .
 *(.gnu.linkonce.r.*)
                0x1000ad30                        . = ALIGN (0x8)
 *fill*         0x1000ad2c        0x4 
 *(.srodata.cst16)
 *(.srodata.cst8)
 *(.srodata.cst4)
 *(.srodata.cst2)
 *(.srodata .srodata.*)
 .srodata.e     0x1000ad30        0x4 CMakeFiles/ehsm_bl.elf.dir/src/component/selftest.c.obj
                0x1000ad30                e
 .srodata.CSWTCH.5
                0x1000ad34        0x3 CMakeFiles/ehsm_bl.elf.dir/src/driver/cpu/m130/port/port_m130.c.obj
 *fill*         0x1000ad37        0x1 
 .srodata.CSWTCH.2
                0x1000ad38        0x4 CMakeFiles/ehsm_bl.elf.dir/src/driver/cpu/m130/port/port_m130.c.obj
                0x1000ad3c                        _RO_DATA_END = .

.rela.dyn       0x1000ad3c        0x0
 .rela.init     0x1000ad3c        0x0 CMakeFiles/ehsm_bl.elf.dir/src/main.c.obj

.fini
 *(SORT_NONE(.fini))
                0x1000ad3c                        . = ALIGN (0x4)
                [!provide]                        PROVIDE (__etext = .)
                [!provide]                        PROVIDE (_etext = .)
                [!provide]                        PROVIDE (etext = .)
                [!provide]                        PROVIDE (_eilm = .)

.preinit_array  0x1000ad3c        0x0
                [!provide]                        PROVIDE (__preinit_array_start = .)
 *(.preinit_array)
                [!provide]                        PROVIDE (__preinit_array_end = .)

.init_array     0x1000ad3c        0x0
                [!provide]                        PROVIDE (__init_array_start = .)
 *(SORT_BY_INIT_PRIORITY(.init_array.*) SORT_BY_INIT_PRIORITY(.ctors.*))
 *(.init_array EXCLUDE_FILE(*crtend?.o *crtend.o *crtbegin?.o *crtbegin.o) .ctors)
                [!provide]                        PROVIDE (__init_array_end = .)

.fini_array     0x1000ad3c        0x0
                [!provide]                        PROVIDE (__fini_array_start = .)
 *(SORT_BY_INIT_PRIORITY(.fini_array.*) SORT_BY_INIT_PRIORITY(.dtors.*))
 *(.fini_array EXCLUDE_FILE(*crtend?.o *crtend.o *crtbegin?.o *crtbegin.o) .dtors)
                [!provide]                        PROVIDE (__fini_array_end = .)

.ctors
 *crtbegin.o(.ctors)
 *crtbegin?.o(.ctors)
 *(EXCLUDE_FILE(*crtend?.o *crtend.o) .ctors)
 *(SORT_BY_NAME(.ctors.*))
 *(.ctors)

.dtors
 *crtbegin.o(.dtors)
 *crtbegin?.o(.dtors)
 *(EXCLUDE_FILE(*crtend?.o *crtend.o) .dtors)
 *(SORT_BY_NAME(.dtors.*))
 *(.dtors)

.lalign         0x1000ad3c        0x0
                0x1000ad3c                        . = ALIGN (0x4)
                0x1000ad3c                        PROVIDE (_data_lma = .)

.dalign         0x20000140        0x0 load address 0x1000ad3c
                0x20000140                        . = ALIGN (0x4)
                0x20000140                        PROVIDE (_data = .)

.data           0x20000140       0x18 load address 0x1000ad3c
 *(.data.ctest*)
 *(.data .data.*)
 *(.gnu.linkonce.d.*)
                0x20000140                        . = ALIGN (0x8)
                0x20000940                        PROVIDE (__global_pointer$ = (. + 0x800))
 *(.sdata .sdata.* .sdata*)
 .sdata.g_debug_auth_cfi
                0x20000140        0x8 CMakeFiles/ehsm_bl.elf.dir/src/component/dbgauth.c.obj
 .sdata.g_fw_upgrade_cfi
                0x20000148        0x8 CMakeFiles/ehsm_bl.elf.dir/src/component/fw_upgrade.c.obj
 .sdata.g_fw_verify_cfi
                0x20000150        0x8 CMakeFiles/ehsm_bl.elf.dir/src/component/fw_verify.c.obj
 *(.gnu.linkonce.s.*)
                0x20000158                        . = ALIGN (0x8)

.tdata          0x20000158        0x0 load address 0x1000ad54
                [!provide]                        PROVIDE (__tls_base = .)
 *(.tdata .tdata.* .gnu.linkonce.td.*)
                0x20000158                        PROVIDE (_edata = .)
                [!provide]                        PROVIDE (edata = .)
                0x20000158                        . = ALIGN (0x8)
                [!provide]                        PROVIDE (_fbss = .)
                0x20000158                        PROVIDE (__bss_start = .)

.tbss           0x20000158        0x0
 *(.tbss .tbss.* .gnu.linkonce.tb.*)
 *(.tcommon)
                [!provide]                        PROVIDE (__tls_end = .)

.bss            0x20000180     0x1754
 *(.sbss*)
 .sbss.g_user_auth_result
                0x20000180        0x1 CMakeFiles/ehsm_bl.elf.dir/src/component/dbgauth.c.obj
 *fill*         0x20000181        0x3 
 .sbss.g_upgrade_data
                0x20000184        0x8 CMakeFiles/ehsm_bl.elf.dir/src/component/fw_upgrade.c.obj
 .sbss.g_keyid_map_addr
                0x2000018c        0x4 CMakeFiles/ehsm_bl.elf.dir/src/component/otp_key.c.obj
 .sbss.g_max_phy_keyid
                0x20000190        0x4 CMakeFiles/ehsm_bl.elf.dir/src/component/otp_key.c.obj
 .sbss.g_keyid_map_size
                0x20000194        0x4 CMakeFiles/ehsm_bl.elf.dir/src/component/otp_key.c.obj
 .sbss.g_ehsm_fw_entry
                0x20000198        0x4 CMakeFiles/ehsm_bl.elf.dir/src/component/secure_boot.c.obj
 .sbss.g_boot_fw_enable
                0x2000019c        0x4 CMakeFiles/ehsm_bl.elf.dir/src/component/secure_boot.c.obj
 .sbss.g_test_result
                0x200001a0        0x4 CMakeFiles/ehsm_bl.elf.dir/src/component/selftest.c.obj
 .sbss.g_test_alg
                0x200001a4        0x4 CMakeFiles/ehsm_bl.elf.dir/src/component/selftest.c.obj
 .sbss.g_watchdog_cb
                0x200001a8        0x4 CMakeFiles/ehsm_bl.elf.dir/src/driver/watchdog.c.obj
 .sbss.g_buffer_regen_status
                0x200001ac        0x4 libosrcrypto.a(trng_basic.c.obj)
 .sbss.g_buffer_regen_words
                0x200001b0        0x4 libosrcrypto.a(trng_basic.c.obj)
 .sbss.g_buffer_total_words
                0x200001b4        0x4 libosrcrypto.a(trng_basic.c.obj)
 .sbss.g_buffer_used_words
                0x200001b8        0x4 libosrcrypto.a(trng_basic.c.obj)
 .sbss.g_global_conifg
                0x200001bc        0x4 libosrcrypto.a(trng.c.obj)
 *(.gnu.linkonce.sb.*)
 *(.bss .bss.*)
 .bss.g_user_auth_challenge_buf
                0x200001c0       0x30 CMakeFiles/ehsm_bl.elf.dir/src/component/dbgauth.c.obj
 .bss.g_soc_challenge_buf
                0x200001f0       0x30 CMakeFiles/ehsm_bl.elf.dir/src/component/dbgauth.c.obj
 .bss.g_ehsm_challenge_buf
                0x20000220       0x30 CMakeFiles/ehsm_bl.elf.dir/src/component/dbgauth.c.obj
 .bss.g_user_auth_challenge
                0x20000250        0xc CMakeFiles/ehsm_bl.elf.dir/src/component/dbgauth.c.obj
 .bss.g_soc_challenge
                0x2000025c        0xc CMakeFiles/ehsm_bl.elf.dir/src/component/dbgauth.c.obj
 .bss.g_ehsm_challenge
                0x20000268        0xc CMakeFiles/ehsm_bl.elf.dir/src/component/dbgauth.c.obj
 .bss.log_buf.0
                0x20000274      0x200 CMakeFiles/ehsm_bl.elf.dir/src/component/debug.c.obj
 .bss.g_code_version
                0x20000474       0x10 CMakeFiles/ehsm_bl.elf.dir/src/component/fw_upgrade.c.obj
 .bss.g_code_pubkey
                0x20000484      0x1c0 CMakeFiles/ehsm_bl.elf.dir/src/component/fw_upgrade.c.obj
 .bss.g_code_signature
                0x20000644      0x180 CMakeFiles/ehsm_bl.elf.dir/src/component/fw_upgrade.c.obj
 .bss.g_upgrade_pubkey
                0x200007c4      0x1c0 CMakeFiles/ehsm_bl.elf.dir/src/component/fw_upgrade.c.obj
 .bss.g_upgrade_signature
                0x20000984      0x180 CMakeFiles/ehsm_bl.elf.dir/src/component/fw_upgrade.c.obj
 .bss.g_code_data
                0x20000b04        0xc CMakeFiles/ehsm_bl.elf.dir/src/component/fw_upgrade.c.obj
 .bss.g_ctx     0x20000b10       0x10 CMakeFiles/ehsm_bl.elf.dir/src/component/fw_upgrade.c.obj
 .bss.g_image_alg_code
                0x20000b20      0x120 CMakeFiles/ehsm_bl.elf.dir/src/component/fw_upgrade.c.obj
 .bss.g_image_alg_upgrade
                0x20000c40      0x10c CMakeFiles/ehsm_bl.elf.dir/src/component/fw_upgrade.c.obj
 *fill*         0x20000d4c       0x34 
 .bss.s_handler_array
                0x20000d80      0x174 CMakeFiles/ehsm_bl.elf.dir/src/driver/cpu/m130/driver/src/clic.c.obj
 .bss.g_rand_buffer
                0x20000ef4      0x9e0 libosrcrypto.a(trng_basic.c.obj)
 *(.gnu.linkonce.b.*)
 *(COMMON)
                0x200018d4                        . = ALIGN (0x4)
                0x200018e0                        . = ALIGN (0x10)
                [!provide]                        PROVIDE (_end = .)
                [!provide]                        PROVIDE (end = .)

.heap           0x200018d4        0xc
                0x200018e0                        . = ALIGN (0x10)
 *fill*         0x200018d4        0xc 
                0x200018e0                        PROVIDE (__heap_start = .)
                0x200018e0                        . = (. + __HEAP_SIZE)
                0x200018e0                        . = ALIGN (0x10)
                [!provide]                        PROVIDE (__heap_limit = .)

.stack          0x20006000     0x2000 load address 0x200018e0
                0x20006000                        . = ALIGN (0x10)
                [!provide]                        PROVIDE (_heap_end = .)
                [!provide]                        PROVIDE (__heap_end = .)
                [!provide]                        PROVIDE (__StackLimit = .)
                [!provide]                        PROVIDE (__StackBottom = .)
                0x20008000                        . = (. + __STACK_SIZE)
 *fill*         0x20006000     0x2000 
                0x20008000                        . = ALIGN (0x10)
                0x20008000                        PROVIDE (__StackTop = .)
                [!provide]                        PROVIDE (_sp = .)
                [!provide]                        PROVIDE (_edram = .)
OUTPUT(ehsm_bl.elf elf32-littleriscv)

.debug_info     0x00000000    0x31452
 .debug_info    0x00000000      0x47f CMakeFiles/ehsm_bl.elf.dir/src/main.c.obj
 .debug_info    0x0000047f     0x307a CMakeFiles/ehsm_bl.elf.dir/src/component/crypto_lib_api.c.obj
 .debug_info    0x000034f9     0x208f CMakeFiles/ehsm_bl.elf.dir/src/component/dbgauth.c.obj
 .debug_info    0x00005588      0x62b CMakeFiles/ehsm_bl.elf.dir/src/component/debug.c.obj
 .debug_info    0x00005bb3     0x338c CMakeFiles/ehsm_bl.elf.dir/src/component/fw_upgrade.c.obj
 .debug_info    0x00008f3f     0x3520 CMakeFiles/ehsm_bl.elf.dir/src/component/fw_verify.c.obj